Dynare version: 0.10.4
2026-01-16T16:18:27.920: Starting @dynare RBC_abierto.mod
["RBC_abierto.mod", "language=julia", "json=compute", "notmpterms"]
Dynare preprocessor version: 7.0.0+0
2026-01-16T16:18:28.396: End of preprocessing
2026-01-16T16:18:35.175: Start parse_statements!
  Steady state

────────────────────────────────────────────────┬─────────
                Consumo privado                 │ 2.29567
                             Retorno do capital │  0.0297
                                       Trabalho │  1.4939
                                Capital privado │ 38.8641
                           Investimento privado │   0.592
                                        Produto │  3.6052
                                Taxa de salário │   1.641
         Taxa de retorno dos ativos financeiros │    0.01
                  Utilidade marginal do consumo │  4.4284
                Produtividade Total dos Fatores │     1.0
                        Dívida bruta do governo │  3.0428
                             Pagamento de juros │  0.0304
                                 Receita fiscal │  0.7417
                  Taxa de imposto sobre consumo │   0.162
                  Taxa de imposto sobre salário │    0.15
       Taxa de imposto sobre a renda do capital │    0.15
                               Imposto Lump-Sum │ -0.1709
                                 Gasto primário │  0.7113
                       Consumo público corrente │  0.6915
                           Investimento público │  0.0198
                                Capital público │  0.1983
                             Resultado primário │  0.0304
                           Exportações líquidas │  0.0063
                                 Conta-corrente │     0.0
                       Dívida pública doméstica │  2.6812
                         Dívida pública externa │  0.3616
                     Taxa de juro internacional │    0.01
                                 Dívida externa │  0.6255
                   Dívida como proporção do PIB │   0.844
       Pagamento de juros como proporção do PIB │  0.0084
           Gasto primário como proporção do PIB │  0.1973
           Receita fiscal como proporção do PIB │  0.2057
       Resultado primário como proporção do PIB │  0.0084
           Conta-corrente como proporção do PIB │     0.0
 Dívida pública doméstica como proporção do PIB │  0.7437
   Dívida pública externa como proporção do PIB │  0.1003
────────────────────────────────────────────────┴─────────

  Coefficients of approximate solution function (reduced form)

──────────────────────────────────────────────┬──────────────────────────────────────────────────────────────────────────────────────────────────────────────────────────────────────────────────────────────────────────────────────────────────────────────────────────────────────────────────────────────────────────────────────────────────────────────────────────────────────────────────────────────────────────────────────────────────────────────────────────────────────────────────────────────────────────────────────────────────────────────────────────────────────────────────────────────────────────────────────────────────────────────────────────────────────────────────────────────────────────────────────────────────────────────────────────────────────────────────────────────────────────────────────────────────────────────────────────────────────────────────────────────────────────────────────────────────────────────────────────────────────────────────────────────────────────────────────────────────────────────────────────────────────────────────────────────────
                                              │ Consumo privado_t  Retorno do capital_t  Trabalho_t  Capital privado_t  Investimento privado_t  Produto_t  Taxa de salário_t  Taxa de retorno dos ativos financeiros_t  Utilidade marginal do consumo_t  Produtividade Total dos Fatores_t  Dívida bruta do governo_t  Pagamento de juros_t  Receita fiscal_t  Taxa de imposto sobre consumo_t  Taxa de imposto sobre salário_t  Taxa de imposto sobre a renda do capital_t  Imposto Lump-Sum_t  Gasto primário_t  Consumo público corrente_t  Investimento público_t  Capital público_t  Resultado primário_t  Exportações líquidas_t  Conta-corrente_t  Dívida pública doméstica_t  Dívida pública externa_t  Taxa de juro internacional_t  Dívida externa_t  Dívida como proporção do PIB_t  Pagamento de juros como proporção do PIB_t  Gasto primário como proporção do PIB_t  Receita fiscal como proporção do PIB_t  Resultado primário como proporção do PIB_t  Conta-corrente como proporção do PIB_t  Dívida pública doméstica como proporção do PIB_t  Dívida pública externa como proporção do PIB_t
─────────────────────────────────────────────────────────────────────────────────────────────────────────────────────────────────────────────────────────────────────────────────────────────────────────────────────────────────────────────────────────────────────────────────────────────────────────────────────────────────────────────────────────────────────────────────────────────────────────────────────────────────────────────────────────────────────────────────────────────────────────────────────────────────────────────────────────────────────────────────────────────────────────────────────────────────────────────────────────────────────────────────────────────────────────────────────────────────────────────────────────────────────────────────────────────────────────────────────────────────────────────────────────────────────────────────────────────────────────────────────────────────────────────────────────────────────────────────────────────────────────────────────────────────────────────────────────────────────────────────────────────────────────────────
                           ϕ(Capital privado) │            0.0419               -0.0003      0.0159             0.9865                  0.0018     0.0557             0.0079                                   -0.0001                           -0.459                               -0.0                    -0.0146                  -0.0            0.0146                              0.0                             -0.0                                         0.0             -0.0005               0.0                        -0.0                     0.0                0.0                0.0146                  0.0121            0.0121                     -0.0129                   -0.0017                           0.0           -0.0121                         -0.0171                                     -0.0001                                  -0.003                                  0.0009                                      0.0039                                  0.0033                                           -0.0151                                          -0.002
    ϕ(Taxa de retorno dos ativos financeiros) │           -0.0151                  -0.0         0.0            -0.0838                 -0.0838        0.0               -0.0                                    0.0015                           0.3028                               -0.0                     3.0201                3.0428            0.0227                             -0.0                             -0.0                                        -0.0              0.0251              -0.0                         0.0                     0.0                0.0                0.0227                  0.0989           -0.5266                      2.6612                    0.3589                           0.0            0.5266                          0.8377                                       0.844                                    -0.0                                  0.0063                                      0.0063                                 -0.1461                                            0.7382                                          0.0996
           ϕ(Produtividade Total dos Fatores) │            1.0478                0.0234      0.8096             0.5075                  0.5075     2.8428             0.4046                                   -0.0049                          -1.5268                               0.42                    -0.5714                   0.0            0.5714                              0.0                              0.0                                        -0.0             -0.0247               0.0                        -0.0                     0.0               -0.0                0.5714                  1.2874            1.2874                     -0.5035                   -0.0679                           0.0           -1.2874                          -0.824                                     -0.0067                                 -0.1556                                 -0.0037                                      0.1519                                  0.3571                                           -0.7261                                         -0.0979
                   ϕ(Dívida bruta do governo) │               0.0                  -0.0         0.0               -0.0                    -0.0        0.0               -0.0                                      -0.0                             -0.0                                0.0                     1.0017                  0.01            0.0083                             -0.0                             -0.0                                         0.0              0.0083               0.0                         0.0                    -0.0                0.0                0.0083                     0.0               0.0                      0.8826                     0.119                           0.0              -0.0                          0.2778                                      0.0028                                     0.0                                  0.0023                                      0.0023                                     0.0                                            0.2448                                           0.033
             ϕ(Taxa de imposto sobre consumo) │           -1.1031               -0.0112     -0.8295            -0.1398                 -0.1398    -1.3611             0.2916                                     0.001                           0.2532                                0.0                    -0.7681                  -0.0            0.7681                              0.5                             -0.0                                         0.0              0.0032               0.0                         0.0                    -0.0                0.0                0.7681                 -0.1182           -0.1182                     -0.6768                   -0.0913                           0.0            0.1182                          0.1056                                      0.0032                                  0.0745                                  0.2907                                      0.2162                                 -0.0328                                             0.093                                          0.0125
             ϕ(Taxa de imposto sobre salário) │           -1.3844               -0.0153     -1.1339            -0.2204                 -0.2204    -1.8608             0.3986                                    0.0016                           0.4677                                0.0                    -0.7294                  -0.0            0.7294                              0.0                              0.5                                         0.0               0.007               0.0                         0.0                     0.0               -0.0                0.7294                 -0.2559           -0.2559                     -0.6427                   -0.0867                           0.0            0.2559                          0.2333                                      0.0044                                  0.1018                                  0.3085                                      0.2067                                  -0.071                                            0.2056                                          0.0277
  ϕ(Taxa de imposto sobre a renda do capital) │            0.0004                   0.0        -0.0            -0.1078                 -0.1078       -0.0                0.0                                   -0.0003                          -0.0088                               -0.0                    -0.5721                   0.0            0.5721                              0.0                              0.0                                         0.5             -0.0048               0.0                        -0.0                     0.0               -0.0                0.5721                  0.1073            0.1073                     -0.5042                    -0.068                           0.0           -0.1073                         -0.1587                                         0.0                                     0.0                                  0.1587                                      0.1587                                  0.0298                                           -0.1398                                         -0.0189
                          ϕ(Imposto Lump-Sum) │               0.0                   0.0         0.0                0.0                     0.0        0.0                0.0                                       0.0                              0.0                                0.0                    -0.4959                   0.0            0.4959                              0.0                             -0.0                                         0.0              0.4959               0.0                        -0.0                    -0.0                0.0                0.4959                    -0.0              -0.0                     -0.4369                   -0.0589                           0.0               0.0                         -0.1375                                         0.0                                     0.0                                  0.1375                                      0.1375                                    -0.0                                           -0.1212                                         -0.0163
                  ϕ(Consumo público corrente) │            0.4057                  -0.0         0.0            -0.2145                 -0.2145        0.0                0.0                                    0.0019                           0.8908                                0.0                     0.4307                  -0.0            0.0693                             -0.0                              0.0                                         0.0              0.0036               0.5                         0.5                    -0.0               -0.0               -0.4307                 -0.6911           -0.6911                      0.3795                    0.0512                           0.0            0.6911                          0.1195                                        -0.0                                  0.1387                                  0.0192                                     -0.1195                                 -0.1917                                            0.1053                                          0.0142
                      ϕ(Investimento público) │            0.9681                0.0141      0.4861             1.5061                  1.5061     1.7067             0.2429                                    0.0027                          -7.7278                               -0.0                     0.0983                  -0.0            0.4017                              0.0                             -0.0                                         0.0             -0.0112               0.5                        -0.0                     0.5                0.5               -0.0983                 -1.2675           -1.2675                      0.0866                    0.0117                           0.0            1.2675                         -0.3723                                      -0.004                                  0.0453                                   0.014                                     -0.0313                                 -0.3516                                            -0.328                                         -0.0442
                           ϕ(Capital público) │             1.429                0.0253      0.8749             1.6476                  1.6476     3.0721             0.4373                                   -0.0015                          -7.6098                               -0.0                    -0.6652                   0.0            0.6652                              0.0                              0.0                                        -0.0             -0.0271              -0.0                        -0.0                    -0.0                0.9                0.6652                 -0.0045           -0.0045                     -0.5862                   -0.0791                           0.0            0.0045                         -0.9037                                     -0.0072                                 -0.1681                                  0.0092                                      0.1773                                 -0.0012                                           -0.7963                                         -0.1074
                ϕ(Taxa de juro internacional) │           -0.1926                  -0.0         0.0            -7.2682                 -7.2682        0.0                0.0                                    0.4793                           3.8704                                0.0                      0.031                   0.0            -0.031                             -0.0                              0.0                                         0.0              0.0003              -0.0                        -0.0                     0.0               -0.0                -0.031                  7.4608            7.4608                      0.0273                    0.0037                           0.5           -7.4608                          0.0086                                         0.0                                    -0.0                                 -0.0086                                     -0.0086                                  2.0695                                            0.0076                                           0.001
                            ϕ(Dívida externa) │           -0.0243                   0.0         0.0            -0.1353                 -0.1353        0.0                0.0                                    0.0024                           0.4889                                0.0                     0.0039                   0.0           -0.0039                              0.0                             -0.0                                        -0.0                 0.0               0.0                         0.0                     0.0               -0.0               -0.0039                  0.1597            0.1497                      0.0034                    0.0005                           0.0            0.8503                          0.0011                                         0.0                                    -0.0                                 -0.0011                                     -0.0011                                  0.0415                                             0.001                                          0.0001
                              Choque de PTF_t │            2.4949                0.0557      1.9277             1.2084                  1.2084     6.7685             0.9634                                   -0.0118                          -3.6353                                1.0                    -1.3606                   0.0            1.3606                              0.0                              0.0                                         0.0             -0.0589              -0.0                        -0.0                    -0.0               -0.0                1.3606                  3.0652            3.0652                     -1.1989                   -0.1617                           0.0           -3.0652                         -1.9619                                     -0.0158                                 -0.3704                                 -0.0089                                      0.3615                                  0.8502                                           -1.7288                                         -0.2332
               Choque no Consumo do Governo_t │             0.561                   0.0         0.0            -0.2967                 -0.2967        0.0                0.0                                    0.0027                           1.2319                                0.0                     0.5956                  -0.0            0.0958                             -0.0                             -0.0                                        -0.0               0.005            0.6915                      0.6915                     0.0                0.0               -0.5956                 -0.9558           -0.9558                      0.5249                    0.0708                           0.0            0.9558                          0.1652                                        -0.0                                  0.1918                                  0.0266                                     -0.1652                                 -0.2651                                            0.1456                                          0.0196
             Choque de investimento público_t │            0.0384                0.0006      0.0193             0.0597                  0.0597     0.0677             0.0096                                    0.0001                          -0.3065                               -0.0                     0.0039                  -0.0            0.0159                             -0.0                              0.0                                         0.0             -0.0004            0.0198                         0.0                  0.0198             0.0198               -0.0039                 -0.0503           -0.0503                      0.0034                    0.0005                           0.0            0.0503                         -0.0148                                     -0.0002                                  0.0018                                  0.0006                                     -0.0012                                 -0.0139                                            -0.013                                         -0.0018
            Choque de imposto sobre consumo_t │           -2.2062               -0.0224     -1.6589            -0.2796                 -0.2796    -2.7223             0.5831                                     0.002                           0.5063                                0.0                    -1.5363                  -0.0            1.5363                              1.0                             -0.0                                        -0.0              0.0063              -0.0                        -0.0                     0.0                0.0                1.5363                 -0.2364           -0.2364                     -1.3537                   -0.1826                          -0.0            0.2364                          0.2112                                      0.0064                                   0.149                                  0.5815                                      0.4325                                 -0.0656                                            0.1861                                          0.0251
            Choque de imposto sobre salário_t │           -2.7688               -0.0306     -2.2678            -0.4408                 -0.4408    -3.7215             0.7971                                    0.0032                           0.9353                                0.0                    -1.4588                   0.0            1.4588                             -0.0                              1.0                                        -0.0               0.014              -0.0                         0.0                    -0.0               -0.0                1.4588                 -0.5119           -0.5119                     -1.2854                   -0.1734                          -0.0            0.5119                          0.4666                                      0.0087                                  0.2037                                   0.617                                      0.4133                                  -0.142                                            0.4111                                          0.0555
 Choque de imposto sobre a renda do capital_t │            0.0009                   0.0         0.0            -0.2155                 -0.2155        0.0                0.0                                   -0.0006                          -0.0176                                0.0                    -1.1443                   0.0            1.1443                             -0.0                              0.0                                         1.0             -0.0095              -0.0                        -0.0                    -0.0               -0.0                1.1443                  0.2146            0.2146                     -1.0083                    -0.136                           0.0           -0.2146                         -0.3174                                         0.0                                    -0.0                                  0.3174                                      0.3174                                  0.0595                                           -0.2797                                         -0.0377
       Choque de taxa de juro internacional_t │           -0.3853                   0.0         0.0           -14.5363                -14.5363        0.0               -0.0                                    0.9586                           7.7407                               -0.0                     0.0619                   0.0           -0.0619                             -0.0                             -0.0                                        -0.0              0.0005              -0.0                        -0.0                    -0.0               -0.0               -0.0619                 14.9216           14.9216                      0.0545                    0.0074                           1.0          -14.9216                          0.0172                                         0.0                                     0.0                                 -0.0172                                     -0.0172                                  4.1389                                            0.0151                                           0.002
──────────────────────────────────────────────┴──────────────────────────────────────────────────────────────────────────────────────────────────────────────────────────────────────────────────────────────────────────────────────────────────────────────────────────────────────────────────────────────────────────────────────────────────────────────────────────────────────────────────────────────────────────────────────────────────────────────────────────────────────────────────────────────────────────────────────────────────────────────────────────────────────────────────────────────────────────────────────────────────────────────────────────────────────────────────────────────────────────────────────────────────────────────────────────────────────────────────────────────────────────────────────────────────────────────────────────────────────────────────────────────────────────────────────────────────────────────────────────────────────────────────────────────────────────────────────────────────────────────────────────────────────────────────────────────────

  Note: ϕ(x) = x_{t-1} - steady_state(x)

  THEORETICAL MOMENTS

────────────────────────────────────────────────┬──────────────────────────────
                    VARIABLE                    │  MEAN    STD. DEV.  VARIANCE
───────────────────────────────────────────────────────────────────────────────
                                Consumo privado │  2.2957     0.0714    0.0051
                             Retorno do capital │  0.0297     0.0008       0.0
                                       Trabalho │  1.4939     0.0435    0.0019
                                Capital privado │ 38.8641     1.2228    1.4953
                           Investimento privado │   0.592     0.1629    0.0265
                                        Produto │  3.6052     0.1149    0.0132
                                Taxa de salário │   1.641     0.0184    0.0003
         Taxa de retorno dos ativos financeiros │    0.01     0.0108    0.0001
                  Utilidade marginal do consumo │  4.4284     0.5703    0.3253
                Produtividade Total dos Fatores │     1.0      0.011    0.0001
                        Dívida bruta do governo │  3.0428     2.5082    6.2909
                             Pagamento de juros │  0.0304     0.0419    0.0018
                                 Receita fiscal │  0.7417     0.0422    0.0018
                  Taxa de imposto sobre consumo │   0.162     0.0115    0.0001
                  Taxa de imposto sobre salário │    0.15     0.0115    0.0001
       Taxa de imposto sobre a renda do capital │    0.15     0.0115    0.0001
                               Imposto Lump-Sum │ -0.1709     0.0425    0.0018
                                 Gasto primário │  0.7113      0.008    0.0001
                       Consumo público corrente │  0.6915      0.008    0.0001
                           Investimento público │  0.0198     0.0002       0.0
                                Capital público │  0.1983     0.0009       0.0
                             Resultado primário │  0.0304     0.0428    0.0018
                           Exportações líquidas │  0.0063      0.171    0.0293
                                 Conta-corrente │     0.0     0.1685    0.0284
                       Dívida pública doméstica │  2.6812     2.2101    4.8845
                         Dívida pública externa │  0.3616     0.2981    0.0888
                     Taxa de juro internacional │    0.01     0.0115    0.0001
                                 Dívida externa │  0.6255     0.4985    0.2485
                   Dívida como proporção do PIB │   0.844     0.7094    0.5032
       Pagamento de juros como proporção do PIB │  0.0084     0.0117    0.0001
           Gasto primário como proporção do PIB │  0.1973     0.0067       0.0
           Receita fiscal como proporção do PIB │  0.2057     0.0149    0.0002
       Resultado primário como proporção do PIB │  0.0084     0.0119    0.0001
           Conta-corrente como proporção do PIB │     0.0     0.0467    0.0022
 Dívida pública doméstica como proporção do PIB │  0.7437     0.6251    0.3907
   Dívida pública externa como proporção do PIB │  0.1003     0.0843    0.0071
────────────────────────────────────────────────┴──────────────────────────────

  VARIANCE DECOMPOSITION (in percent)

────────────────────────────────────────────────┬─────────────────────────────────────────────────────────────────────────────────────────────────────────────────────────────────────────────────────────────────────────────────────────────────────────────────────────────────
                    VARIABLE                    │ Choque de PTF  Choque no Consumo do Governo  Choque de investimento público  Choque de imposto sobre consumo  Choque de imposto sobre salário  Choque de imposto sobre a renda do capital  Choque de taxa de juro internacional
──────────────────────────────────────────────────────────────────────────────────────────────────────────────────────────────────────────────────────────────────────────────────────────────────────────────────────────────────────────────────────────────────────────────────
                                Consumo privado │          0.51                        0.0473                           0.004                           0.1365                           0.2292                                         0.0                                 0.073
                             Retorno do capital │        0.6512                        0.0138                          0.0017                           0.0971                           0.1848                                         0.0                                0.0515
                                       Trabalho │        0.3631                        0.0139                          0.0017                           0.1971                           0.3725                                         0.0                                0.0517
                                Capital privado │        0.6094                        0.0697                          0.0058                           0.0126                           0.0422                                      0.0001                                0.2602
                           Investimento privado │        0.0224                        0.0023                          0.0002                           0.0007                           0.0019                                      0.0002                                0.9723
                                        Produto │        0.6436                        0.0246                          0.0031                           0.0803                           0.1569                                         0.0                                0.0916
                                Taxa de salário │        0.5091                        0.0194                          0.0024                           0.1366                             0.26                                         0.0                                0.0725
         Taxa de retorno dos ativos financeiros │        0.0013                        0.0001                             0.0                              0.0                           0.0001                                         0.0                                0.9985
                  Utilidade marginal do consumo │        0.7325                        0.0842                          0.0071                           0.0149                           0.0504                                         0.0                                0.1109
                Produtividade Total dos Fatores │           1.0                           0.0                             0.0                              0.0                              0.0                                         0.0                                   0.0
                        Dívida bruta do governo │        0.6739                        0.0821                          0.0064                            0.012                           0.0312                                       0.006                                0.1883
                             Pagamento de juros │        0.2585                        0.0315                          0.0025                           0.0042                           0.0115                                      0.0022                                0.6895
                                 Receita fiscal │        0.4021                        0.0344                          0.0029                           0.1851                           0.1769                                      0.1009                                0.0977
                  Taxa de imposto sobre consumo │           0.0                           0.0                            -0.0                              1.0                             -0.0                                         0.0                                   0.0
                  Taxa de imposto sobre salário │           0.0                           0.0                             0.0                              0.0                              1.0                                         0.0                                   0.0
       Taxa de imposto sobre a renda do capital │           0.0                          -0.0                             0.0                             -0.0                              0.0                                         1.0                                   0.0
                               Imposto Lump-Sum │        0.6757                        0.0822                          0.0064                           0.0113                           0.0306                                      0.0058                                 0.188
                                 Gasto primário │           0.0                        0.9992                          0.0008                              0.0                              0.0                                         0.0                                   0.0
                       Consumo público corrente │           0.0                           1.0                             0.0                              0.0                              0.0                                        -0.0                                   0.0
                           Investimento público │           0.0                          -0.0                             1.0                              0.0                              0.0                                        -0.0                                   0.0
                                Capital público │           0.0                          -0.0                             1.0                              0.0                              0.0                                        -0.0                                   0.0
                             Resultado primário │         0.392                        0.0587                          0.0028                           0.1804                           0.1724                                      0.0984                                0.0952
                           Exportações líquidas │         0.038                        0.0039                             0.0                           0.0002                           0.0011                                      0.0002                                0.9565
                                 Conta-corrente │        0.0386                         0.004                             0.0                           0.0002                           0.0011                                      0.0002                                0.9558
                       Dívida pública doméstica │        0.6739                        0.0821                          0.0064                            0.012                           0.0312                                       0.006                                0.1883
                         Dívida pública externa │        0.6739                        0.0821                          0.0064                            0.012                           0.0312                                       0.006                                0.1883
                     Taxa de juro internacional │           0.0                           0.0                             0.0                              0.0                              0.0                                         0.0                                   1.0
                                 Dívida externa │        0.0641                        0.0077                          0.0002                           0.0008                           0.0032                                      0.0002                                0.9237
                   Dívida como proporção do PIB │        0.6755                        0.0821                          0.0064                           0.0114                           0.0306                                      0.0058                                0.1881
       Pagamento de juros como proporção do PIB │        0.2641                        0.0321                          0.0025                           0.0042                           0.0117                                      0.0022                                0.6833
           Gasto primário como proporção do PIB │        0.5718                        0.1335                          0.0026                           0.0713                           0.1394                                         0.0                                0.0814
           Receita fiscal como proporção do PIB │        0.3426                        0.0422                          0.0033                           0.2065                           0.2419                                      0.0623                                0.1011
       Resultado primário como proporção do PIB │        0.3855                         0.059                          0.0028                           0.1831                           0.1769                                      0.0972                                0.0955
           Conta-corrente como proporção do PIB │        0.0386                         0.004                             0.0                           0.0002                           0.0011                                      0.0002                                0.9558
 Dívida pública doméstica como proporção do PIB │        0.6755                        0.0821                          0.0064                           0.0114                           0.0306                                      0.0058                                0.1881
   Dívida pública externa como proporção do PIB │        0.6755                        0.0821                          0.0064                           0.0114                           0.0306                                      0.0058                                0.1881
────────────────────────────────────────────────┴─────────────────────────────────────────────────────────────────────────────────────────────────────────────────────────────────────────────────────────────────────────────────────────────────────────────────────────────────

  CORRELATION MATRIX

────────────────────────────────────────────────┬──────────────────────────────────────────────────────────────────────────────────────────────────────────────────────────────────────────────────────────────────────────────────────────────────────────────────────────────────────────────────────────────────────────────────────────────────────────────────────────────────────────────────────────────────────────────────────────────────────────────────────────────────────────────────────────────────────────────────────────────────────────────────────────────────────────────────────────────────────────────────────────────────────────────────────────────────────────────────────────────────────────────────────────────────────────────────────────────────────────────────────────────────────────────────────────────────────────────────────────────────────────────────────────────────────────────────────────────────────────────────────────────────────────────────────────────────────────────────────────
                                                │ Consumo privado  Retorno do capital  Trabalho  Capital privado  Investimento privado  Produto  Taxa de salário  Taxa de retorno dos ativos financeiros  Utilidade marginal do consumo  Produtividade Total dos Fatores  Dívida bruta do governo  Pagamento de juros  Receita fiscal  Taxa de imposto sobre consumo  Taxa de imposto sobre salário  Taxa de imposto sobre a renda do capital  Imposto Lump-Sum  Gasto primário  Consumo público corrente  Investimento público  Capital público  Resultado primário  Exportações líquidas  Conta-corrente  Dívida pública doméstica  Dívida pública externa  Taxa de juro internacional  Dívida externa  Dívida como proporção do PIB  Pagamento de juros como proporção do PIB  Gasto primário como proporção do PIB  Receita fiscal como proporção do PIB  Resultado primário como proporção do PIB  Conta-corrente como proporção do PIB  Dívida pública doméstica como proporção do PIB  Dívida pública externa como proporção do PIB
───────────────────────────────────────────────────────────────────────────────────────────────────────────────────────────────────────────────────────────────────────────────────────────────────────────────────────────────────────────────────────────────────────────────────────────────────────────────────────────────────────────────────────────────────────────────────────────────────────────────────────────────────────────────────────────────────────────────────────────────────────────────────────────────────────────────────────────────────────────────────────────────────────────────────────────────────────────────────────────────────────────────────────────────────────────────────────────────────────────────────────────────────────────────────────────────────────────────────────────────────────────────────────────────────────────────────────────────────────────────────────────────────────────────────────────────────────────────────────────────────────────────────────────────────────────
                                Consumo privado │             1.0              0.2867    0.9354           0.7067                0.1706     0.94           0.2393                                 -0.1154                        -0.7442                           0.3994                  -0.6074             -0.4567         -0.5015                        -0.3596                        -0.4528                                   -0.0004            -0.625          0.0849                    0.0847                0.0108           0.0279              -0.511                0.0472          0.0531                   -0.6074                 -0.6074                     -0.0997         -0.0313                       -0.6313                                   -0.4739                               -0.8578                               -0.8069                                   -0.5289                                0.0531                                         -0.6313                                       -0.6313
                             Retorno do capital │          0.2867                 1.0    0.5499          -0.4181                0.0744    0.457          -0.1312                                   0.032                         0.3156                           0.7284                   0.3736              0.2973          0.1498                        -0.3075                        -0.4201                                    0.0008            0.3566          0.0021                    0.0017                0.0136           0.0232              0.1475                0.1162          0.1181                    0.3736                  0.3736                      0.0533         -0.1769                        0.3491                                    0.2841                               -0.4301                               -0.0832                                    0.1363                                0.1181                                          0.3491                                        0.3491
                                       Trabalho │          0.9354              0.5499       1.0           0.4612                0.1014   0.9364           0.0609                                 -0.0595                         -0.478                            0.492                  -0.3631             -0.3034         -0.4299                        -0.4412                        -0.6034                                   -0.0008           -0.3837         -0.0014                   -0.0017                0.0096           0.0244             -0.4241                0.1418          0.1462                   -0.3631                 -0.3631                     -0.0534          0.0192                       -0.3916                                   -0.3219                               -0.8831                               -0.7491                                   -0.4425                                0.1462                                         -0.3916                                       -0.3916
                                Capital privado │          0.7067             -0.4181    0.4612              1.0                0.1801   0.6083           0.5297                                 -0.2311                        -0.9299                           0.0228                  -0.8305             -0.7049         -0.4085                        -0.0057                        -0.0094                                   -0.0035           -0.8332         -0.0076                   -0.0076                0.0016           0.0132             -0.4019               -0.0578         -0.0538                   -0.8305                 -0.8305                     -0.2397          0.2214                       -0.8376                                   -0.7122                               -0.5759                               -0.5881                                    -0.413                               -0.0538                                         -0.8376                                       -0.8376
                           Investimento privado │          0.1706              0.0744    0.1014           0.1801                   1.0   0.1129           0.0574                                 -0.9504                        -0.2481                           0.1003                  -0.0625             -0.2818          -0.012                        -0.0219                        -0.0356                                   -0.0135           -0.0625         -0.0289                   -0.0291                0.0059           0.0097             -0.0064               -0.9467         -0.9448                   -0.0625                 -0.0625                     -0.9133          0.2081                       -0.0656                                   -0.2817                                -0.116                                -0.059                                    -0.009                               -0.9448                                         -0.0656                                       -0.0656
                                        Produto │            0.94               0.457    0.9364           0.6083                0.1129      1.0           0.4073                                 -0.0764                        -0.6197                            0.655                  -0.4934             -0.4058         -0.2753                        -0.2754                        -0.3769                                   -0.0011           -0.5112         -0.0019                   -0.0023                0.0128           0.0325             -0.2715                0.1716           0.177                   -0.4934                 -0.4934                     -0.0711          0.0375                       -0.5218                                   -0.4248                               -0.9432                               -0.6556                                   -0.2922                                 0.177                                         -0.5218                                       -0.5218
                                Taxa de salário │          0.2393             -0.1312    0.0609           0.5297                0.0574   0.4073              1.0                                 -0.0625                        -0.5186                           0.5826                  -0.4585             -0.3647          0.3356                         0.3648                         0.4983                                   -0.0009           -0.4554         -0.0017                    -0.002                0.0114           0.0289              0.3317                 0.119          0.1229                   -0.4585                 -0.4585                     -0.0633          0.0567                       -0.4652                                   -0.3705                               -0.3845                                0.0846                                    0.3204                                0.1229                                         -0.4652                                       -0.4652
         Taxa de retorno dos ativos financeiros │         -0.1154               0.032   -0.0595          -0.2311               -0.9504  -0.0764          -0.0625                                     1.0                          0.182                          -0.0169                   0.0303              0.3734         -0.0305                         0.0027                         0.0046                                   -0.0011            0.0276           0.005                     0.005                0.0002           0.0001             -0.0311                0.9021          0.9028                    0.0303                  0.0303                      0.9946         -0.4979                        0.0326                                    0.3716                                0.0736                                0.0096                                   -0.0292                                0.9028                                          0.0326                                        0.0326
                  Utilidade marginal do consumo │         -0.7442              0.3156    -0.478          -0.9299               -0.2481  -0.6197          -0.5186                                   0.182                            1.0                          -0.0987                   0.8618              0.5914          0.4446                         0.0152                          0.028                                   -0.0004            0.8669          0.0367                     0.037               -0.0093          -0.0251              0.4321                0.1292          0.1223                    0.8618                  0.8618                      0.1525          0.1232                        0.8688                                       0.6                                0.5963                                0.6215                                    0.4433                                0.1223                                          0.8688                                        0.8688
                Produtividade Total dos Fatores │          0.3994              0.7284     0.492           0.0228                0.1003    0.655           0.5826                                 -0.0169                        -0.0987                              1.0                  -0.0105             -0.0082          0.3541                            0.0                            0.0                                       0.0           -0.0223             0.0                       0.0                  -0.0              0.0              0.3496                0.1775          0.1818                   -0.0105                 -0.0105                        -0.0          -0.106                       -0.0351                                   -0.0231                               -0.6174                               -0.0097                                    0.3327                                0.1818                                         -0.0351                                       -0.0351
                        Dívida bruta do governo │         -0.6074              0.3736   -0.3631          -0.8305               -0.0625  -0.4934          -0.4585                                  0.0303                         0.8618                          -0.0105                      1.0              0.6328          0.6181                        -0.0141                        -0.0133                                   -0.0105            0.9996          0.0056                    0.0056               -0.0001          -0.0028              0.6092               -0.0185         -0.0231                       1.0                     1.0                      0.0147          0.0946                        0.9995                                    0.6381                                 0.467                                0.7023                                    0.6165                               -0.0231                                          0.9995                                        0.9995
                             Pagamento de juros │         -0.4567              0.2973   -0.3034          -0.7049               -0.2818  -0.4058          -0.3647                                  0.3734                         0.5914                          -0.0082                   0.6328                 1.0          0.3372                        -0.0032                        -0.0022                                   -0.0036            0.6279          0.0036                    0.0036                0.0001          -0.0014              0.3323                0.1865           0.167                    0.6328                  0.6328                       0.394           -0.39                         0.636                                    0.9998                                0.3837                                0.4432                                    0.3393                                 0.167                                           0.636                                         0.636
                                 Receita fiscal │         -0.5015              0.1498   -0.4299          -0.4085                -0.012  -0.2753           0.3356                                 -0.0305                         0.4446                           0.3541                   0.6181              0.3372             1.0                         0.4145                         0.3932                                    0.3079            0.6244          0.0262                     0.026                0.0078           0.0172              0.9824                0.0347          0.0332                    0.6181                  0.6181                     -0.0448          0.1249                        0.6166                                    0.3403                                0.2682                                0.9064                                    0.9824                                0.0332                                          0.6166                                        0.6166
                  Taxa de imposto sobre consumo │         -0.3596             -0.3075   -0.4412          -0.0057               -0.0219  -0.2754           0.3648                                  0.0027                         0.0152                              0.0                  -0.0141             -0.0032          0.4145                            1.0                            0.0                                      -0.0           -0.0022            -0.0                       0.0                  -0.0             -0.0              0.4092               -0.0139         -0.0143                   -0.0141                 -0.0141                        -0.0          0.0097                       -0.0034                                    0.0032                                0.2596                                0.4466                                    0.4128                               -0.0143                                         -0.0034                                       -0.0034
                  Taxa de imposto sobre salário │         -0.4528             -0.4201   -0.6034          -0.0094               -0.0356  -0.3769           0.4983                                  0.0046                          0.028                              0.0                  -0.0133             -0.0022          0.3932                            0.0                            1.0                                       0.0            0.0008            -0.0                       0.0                  -0.0             -0.0              0.3882               -0.0301         -0.0309                   -0.0133                 -0.0133                         0.0          0.0209                        0.0012                                    0.0065                                0.3553                                0.4745                                    0.3943                               -0.0309                                          0.0012                                        0.0012
       Taxa de imposto sobre a renda do capital │         -0.0004              0.0008   -0.0008          -0.0035               -0.0135  -0.0011          -0.0009                                 -0.0011                        -0.0004                              0.0                  -0.0105             -0.0036          0.3079                           -0.0                            0.0                                       1.0           -0.0068            -0.0                       0.0                  -0.0              0.0               0.304                0.0123          0.0127                   -0.0105                 -0.0105                        -0.0         -0.0086                       -0.0102                                   -0.0035                                 0.001                                0.2423                                    0.3021                                0.0127                                         -0.0102                                       -0.0102
                               Imposto Lump-Sum │          -0.625              0.3566   -0.3837          -0.8332               -0.0625  -0.5112          -0.4554                                  0.0276                         0.8669                          -0.0223                   0.9996              0.6279          0.6244                        -0.0022                         0.0008                                   -0.0068               1.0          0.0037                    0.0037               -0.0004          -0.0037              0.6158                -0.023         -0.0276                    0.9996                  0.9996                      0.0114          0.1001                        0.9998                                    0.6336                                0.4831                                0.7151                                    0.6234                               -0.0276                                          0.9998                                        0.9998
                                 Gasto primário │          0.0849              0.0021   -0.0014          -0.0076               -0.0289  -0.0019          -0.0017                                   0.005                         0.0367                              0.0                   0.0056              0.0036          0.0262                           -0.0                           -0.0                                      -0.0            0.0037             1.0                    0.9996                0.0287            0.014             -0.1608               -0.0559         -0.0574                    0.0056                  0.0056                        -0.0          0.0388                        0.0056                                    0.0036                                 0.334                                0.0214                                   -0.1597                               -0.0574                                          0.0056                                        0.0056
                       Consumo público corrente │          0.0847              0.0017   -0.0017          -0.0076               -0.0291  -0.0023           -0.002                                   0.005                          0.037                              0.0                   0.0056              0.0036           0.026                            0.0                            0.0                                       0.0            0.0037          0.9996                       1.0                  -0.0             -0.0             -0.1609               -0.0558         -0.0573                    0.0056                  0.0056                        -0.0          0.0388                        0.0056                                    0.0036                                0.3342                                0.0214                                   -0.1599                               -0.0573                                          0.0056                                        0.0056
                           Investimento público │          0.0108              0.0136    0.0096           0.0016                0.0059   0.0128           0.0114                                  0.0002                        -0.0093                             -0.0                  -0.0001              0.0001          0.0078                           -0.0                           -0.0                                      -0.0           -0.0004          0.0287                      -0.0                   1.0           0.4881              0.0024               -0.0029         -0.0029                   -0.0001                 -0.0001                        -0.0           0.002                       -0.0006                                   -0.0002                               -0.0026                                0.0005                                     0.002                               -0.0029                                         -0.0006                                       -0.0006
                                Capital público │          0.0279              0.0232    0.0244           0.0132                0.0097   0.0325           0.0289                                  0.0001                        -0.0251                              0.0                  -0.0028             -0.0014          0.0172                           -0.0                           -0.0                                       0.0           -0.0037           0.014                      -0.0                0.4881              1.0              0.0144                0.0003          0.0002                   -0.0028                 -0.0028                        -0.0          0.0019                        -0.004                                   -0.0022                                -0.026                               -0.0008                                    0.0136                                0.0002                                          -0.004                                        -0.004
                             Resultado primário │          -0.511              0.1475   -0.4241          -0.4019               -0.0064  -0.2715           0.3317                                 -0.0311                         0.4321                           0.3496                   0.6092              0.3323          0.9824                         0.4092                         0.3882                                     0.304            0.6158         -0.1608                   -0.1609                0.0024           0.0144                 1.0                0.0447          0.0435                    0.6092                  0.6092                     -0.0443          0.1161                        0.6078                                    0.3353                                0.2024                                0.8909                                    0.9998                                0.0435                                          0.6078                                        0.6078
                           Exportações líquidas │          0.0472              0.1162    0.1418          -0.0578               -0.9467   0.1716            0.119                                  0.9021                         0.1292                           0.1775                  -0.0185              0.1865          0.0347                        -0.0139                        -0.0301                                    0.0123            -0.023         -0.0559                   -0.0558               -0.0029           0.0003              0.0447                   1.0          0.9995                   -0.0185                 -0.0185                       0.864         -0.1619                       -0.0246                                    0.1808                               -0.1803                               -0.0481                                    0.0406                                0.9995                                         -0.0246                                       -0.0246
                                 Conta-corrente │          0.0531              0.1181    0.1462          -0.0538               -0.9448    0.177           0.1229                                  0.9028                         0.1223                           0.1818                  -0.0231               0.167          0.0332                        -0.0143                        -0.0309                                    0.0127           -0.0276         -0.0574                   -0.0573               -0.0029           0.0002              0.0435                0.9995             1.0                   -0.0231                 -0.0231                      0.8655          -0.169                       -0.0294                                    0.1614                               -0.1859                               -0.0517                                    0.0392                                   1.0                                         -0.0294                                       -0.0294
                       Dívida pública doméstica │         -0.6074              0.3736   -0.3631          -0.8305               -0.0625  -0.4934          -0.4585                                  0.0303                         0.8618                          -0.0105                      1.0              0.6328          0.6181                        -0.0141                        -0.0133                                   -0.0105            0.9996          0.0056                    0.0056               -0.0001          -0.0028              0.6092               -0.0185         -0.0231                       1.0                     1.0                      0.0147          0.0946                        0.9995                                    0.6381                                 0.467                                0.7023                                    0.6165                               -0.0231                                          0.9995                                        0.9995
                         Dívida pública externa │         -0.6074              0.3736   -0.3631          -0.8305               -0.0625  -0.4934          -0.4585                                  0.0303                         0.8618                          -0.0105                      1.0              0.6328          0.6181                        -0.0141                        -0.0133                                   -0.0105            0.9996          0.0056                    0.0056               -0.0001          -0.0028              0.6092               -0.0185         -0.0231                       1.0                     1.0                      0.0147          0.0946                        0.9995                                    0.6381                                 0.467                                0.7023                                    0.6165                               -0.0231                                          0.9995                                        0.9995
                     Taxa de juro internacional │         -0.0997              0.0533   -0.0534          -0.2397               -0.9133  -0.0711          -0.0633                                  0.9946                         0.1525                             -0.0                   0.0147               0.394         -0.0448                           -0.0                            0.0                                      -0.0            0.0114            -0.0                      -0.0                  -0.0             -0.0             -0.0443                 0.864          0.8655                    0.0147                  0.0147                         1.0         -0.5852                        0.0171                                    0.3919                                 0.067                                -0.004                                   -0.0424                                0.8655                                          0.0171                                        0.0171
                                 Dívida externa │         -0.0313             -0.1769    0.0192           0.2214                0.2081   0.0375           0.0567                                 -0.4979                         0.1232                           -0.106                   0.0946               -0.39          0.1249                         0.0097                         0.0209                                   -0.0086            0.1001          0.0388                    0.0388                 0.002           0.0019              0.1161               -0.1619          -0.169                    0.0946                  0.0946                     -0.5852             1.0                        0.0913                                   -0.3871                               -0.0224                                0.0817                                    0.1145                                -0.169                                          0.0913                                        0.0913
                   Dívida como proporção do PIB │         -0.6313              0.3491   -0.3916          -0.8376               -0.0656  -0.5218          -0.4652                                  0.0326                         0.8688                          -0.0351                   0.9995               0.636          0.6166                        -0.0034                         0.0012                                   -0.0102            0.9998          0.0056                    0.0056               -0.0006           -0.004              0.6078               -0.0246         -0.0294                    0.9995                  0.9995                      0.0171          0.0913                           1.0                                    0.6419                                0.4937                                0.7136                                    0.6157                               -0.0294                                             1.0                                           1.0
       Pagamento de juros como proporção do PIB │         -0.4739              0.2841   -0.3219          -0.7122               -0.2817  -0.4248          -0.3705                                  0.3716                            0.6                          -0.0231                   0.6381              0.9998          0.3403                         0.0032                         0.0065                                   -0.0035            0.6336          0.0036                    0.0036               -0.0002          -0.0022              0.3353                0.1808          0.1614                    0.6381                  0.6381                      0.3919         -0.3871                        0.6419                                       1.0                                0.4016                                 0.454                                    0.3427                                0.1614                                          0.6419                                        0.6419
           Gasto primário como proporção do PIB │         -0.8578             -0.4301   -0.8831          -0.5759                -0.116  -0.9432          -0.3845                                  0.0736                         0.5963                          -0.6174                    0.467              0.3837          0.2682                         0.2596                         0.3553                                     0.001            0.4831           0.334                    0.3342               -0.0026           -0.026              0.2024               -0.1803         -0.1859                     0.467                   0.467                       0.067         -0.0224                        0.4937                                    0.4016                                   1.0                                0.6251                                    0.2224                               -0.1859                                          0.4937                                        0.4937
           Receita fiscal como proporção do PIB │         -0.8069             -0.0832   -0.7491          -0.5881                -0.059  -0.6556           0.0846                                  0.0096                         0.6215                          -0.0097                   0.7023              0.4432          0.9064                         0.4466                         0.4745                                    0.2423            0.7151          0.0214                    0.0214                0.0005          -0.0008              0.8909               -0.0481         -0.0517                    0.7023                  0.7023                      -0.004          0.0817                        0.7136                                     0.454                                0.6251                                   1.0                                       0.9                               -0.0517                                          0.7136                                        0.7136
       Resultado primário como proporção do PIB │         -0.5289              0.1363   -0.4425           -0.413                -0.009  -0.2922           0.3204                                 -0.0292                         0.4433                           0.3327                   0.6165              0.3393          0.9824                         0.4128                         0.3943                                    0.3021            0.6234         -0.1597                   -0.1599                 0.002           0.0136              0.9998                0.0406          0.0392                    0.6165                  0.6165                     -0.0424          0.1145                        0.6157                                    0.3427                                0.2224                                   0.9                                       1.0                                0.0392                                          0.6157                                        0.6157
           Conta-corrente como proporção do PIB │          0.0531              0.1181    0.1462          -0.0538               -0.9448    0.177           0.1229                                  0.9028                         0.1223                           0.1818                  -0.0231               0.167          0.0332                        -0.0143                        -0.0309                                    0.0127           -0.0276         -0.0574                   -0.0573               -0.0029           0.0002              0.0435                0.9995             1.0                   -0.0231                 -0.0231                      0.8655          -0.169                       -0.0294                                    0.1614                               -0.1859                               -0.0517                                    0.0392                                   1.0                                         -0.0294                                       -0.0294
 Dívida pública doméstica como proporção do PIB │         -0.6313              0.3491   -0.3916          -0.8376               -0.0656  -0.5218          -0.4652                                  0.0326                         0.8688                          -0.0351                   0.9995               0.636          0.6166                        -0.0034                         0.0012                                   -0.0102            0.9998          0.0056                    0.0056               -0.0006           -0.004              0.6078               -0.0246         -0.0294                    0.9995                  0.9995                      0.0171          0.0913                           1.0                                    0.6419                                0.4937                                0.7136                                    0.6157                               -0.0294                                             1.0                                           1.0
   Dívida pública externa como proporção do PIB │         -0.6313              0.3491   -0.3916          -0.8376               -0.0656  -0.5218          -0.4652                                  0.0326                         0.8688                          -0.0351                   0.9995               0.636          0.6166                        -0.0034                         0.0012                                   -0.0102            0.9998          0.0056                    0.0056               -0.0006           -0.004              0.6078               -0.0246         -0.0294                    0.9995                  0.9995                      0.0171          0.0913                           1.0                                    0.6419                                0.4937                                0.7136                                    0.6157                               -0.0294                                             1.0                                           1.0
────────────────────────────────────────────────┴──────────────────────────────────────────────────────────────────────────────────────────────────────────────────────────────────────────────────────────────────────────────────────────────────────────────────────────────────────────────────────────────────────────────────────────────────────────────────────────────────────────────────────────────────────────────────────────────────────────────────────────────────────────────────────────────────────────────────────────────────────────────────────────────────────────────────────────────────────────────────────────────────────────────────────────────────────────────────────────────────────────────────────────────────────────────────────────────────────────────────────────────────────────────────────────────────────────────────────────────────────────────────────────────────────────────────────────────────────────────────────────────────────────────────────────────────────────────────────────

  AUTOCORRELATION COEFFICIENTS

────────────────────────────────────────────────┬───────────────────────────────────────────
                                                │   1       2        3        4        5
────────────────────────────────────────────────────────────────────────────────────────────
                                Consumo privado │ 0.7501  0.6304    0.572   0.5429   0.5277
                             Retorno do capital │ 0.5469  0.3416   0.2462   0.2002   0.1768
                                       Trabalho │ 0.5853  0.3878   0.2927   0.2462   0.2229
                                Capital privado │ 0.9911  0.9753   0.9577   0.9406   0.9249
                           Investimento privado │ 0.3966  0.1124  -0.0152  -0.0667  -0.0822
                                        Produto │ 0.6485  0.4901   0.4171   0.3822   0.3647
                                Taxa de salário │  0.613  0.4328   0.3472   0.3054   0.2841
         Taxa de retorno dos ativos financeiros │ 0.4586  0.1946   0.0683   0.0099  -0.0153
                  Utilidade marginal do consumo │ 0.9849  0.9767   0.9719   0.9687   0.9663
                Produtividade Total dos Fatores │   0.42  0.1764   0.0741   0.0311   0.0131
                        Dívida bruta do governo │ 0.9998  0.9994   0.9989   0.9984   0.9978
                             Pagamento de juros │ 0.6711  0.5109   0.4344   0.3992   0.3841
                                 Receita fiscal │ 0.7061  0.5631   0.4927   0.4577   0.4399
                  Taxa de imposto sobre consumo │    0.5    0.25    0.125   0.0625   0.0313
                  Taxa de imposto sobre salário │    0.5    0.25    0.125   0.0625   0.0313
       Taxa de imposto sobre a renda do capital │    0.5    0.25    0.125   0.0625   0.0312
                               Imposto Lump-Sum │ 0.9998  0.9993   0.9988   0.9982   0.9976
                                 Gasto primário │    0.5    0.25    0.125   0.0625   0.0312
                       Consumo público corrente │    0.5    0.25    0.125   0.0625   0.0313
                           Investimento público │    0.5    0.25    0.125   0.0625   0.0312
                                Capital público │ 0.9655  0.9017   0.8279   0.7533   0.6821
                             Resultado primário │  0.701  0.5553   0.4835   0.4478   0.4298
                           Exportações líquidas │ 0.3778  0.0878  -0.0404  -0.0908  -0.1046
                                 Conta-corrente │ 0.3504  0.0783  -0.0416  -0.0884  -0.1009
                       Dívida pública doméstica │ 0.9998  0.9994   0.9989   0.9984   0.9978
                         Dívida pública externa │ 0.9998  0.9994   0.9989   0.9984   0.9978
                     Taxa de juro internacional │    0.5    0.25    0.125   0.0625   0.0313
                                 Dívida externa │ 0.9429  0.8457   0.7395   0.6381   0.5468
                   Dívida como proporção do PIB │ 0.9993  0.9986    0.998   0.9973   0.9967
       Pagamento de juros como proporção do PIB │ 0.6763  0.5184   0.4428   0.4078   0.3926
           Gasto primário como proporção do PIB │  0.633  0.4651   0.3869   0.3495   0.3309
           Receita fiscal como proporção do PIB │ 0.7521  0.6261   0.5621   0.5295   0.5129
       Resultado primário como proporção do PIB │ 0.7046  0.5602    0.489   0.4534   0.4354
           Conta-corrente como proporção do PIB │ 0.3504  0.0783  -0.0416  -0.0884  -0.1009
 Dívida pública doméstica como proporção do PIB │ 0.9993  0.9986    0.998   0.9973   0.9967
   Dívida pública externa como proporção do PIB │ 0.9993  0.9986    0.998   0.9973   0.9967
────────────────────────────────────────────────┴───────────────────────────────────────────

2026-01-16T16:18:55.230: End parse_statements!
2026-01-16T16:18:55.232: End parser
