Dynare version: 0.10.4
2026-01-02T18:05:24.449: Starting @dynare RBC_fiscal_psi_negativo.mod
["RBC_fiscal_psi_negativo.mod", "language=julia", "json=compute", "notmpterms"]
Dynare preprocessor version: 7.0.0+0
2026-01-02T18:05:24.485: End of preprocessing
2026-01-02T18:05:24.500: Start parse_statements!
  Steady state

──────────────────────────────────────────┬──────────
             Consumo privado              │ 0.544739
                       Retorno do capital │   0.1022
                                 Trabalho │   0.8077
                          Capital privado │   5.3487
                     Investimento privado │   0.2004
                                  Produto │   1.2206
                          Taxa de salário │   0.8341
   Taxa de retorno dos ativos financeiros │   0.0494
          Produtividade Total dos Fatores │      1.0
                  Dívida bruta do governo │   1.0542
                           Receita fiscal │   0.5275
            Taxa de imposto sobre consumo │    0.162
            Taxa de imposto sobre salário │     0.15
 Taxa de imposto sobre a renda do capital │     0.15
                         Imposto Lump-Sum │   0.2562
                           Gasto primário │   0.4754
                 Consumo público corrente │   0.4749
                     Investimento público │   0.0005
                          Capital público │    0.013
                       Resultado primário │   0.0521
             Dívida como proporção do PIB │   0.8637
     Gasto primário como proporção do PIB │   0.3895
     Receita fiscal como proporção do PIB │   0.4322
 Resultado primário como proporção do PIB │   0.0427
──────────────────────────────────────────┴──────────

  Coefficients of approximate solution function (reduced form)

──────────────────────────────────────────────┬─────────────────────────────────────────────────────────────────────────────────────────────────────────────────────────────────────────────────────────────────────────────────────────────────────────────────────────────────────────────────────────────────────────────────────────────────────────────────────────────────────────────────────────────────────────────────────────────────────────────────────────────────────────────────────────────────────────────────────────────────────────────────────────────────────────────────────────────────────────────────────────────────────────────────────────────────────────────────────────────────────
                                              │ Consumo privado_t  Retorno do capital_t  Trabalho_t  Capital privado_t  Investimento privado_t  Produto_t  Taxa de salário_t  Taxa de retorno dos ativos financeiros_t  Produtividade Total dos Fatores_t  Dívida bruta do governo_t  Receita fiscal_t  Taxa de imposto sobre consumo_t  Taxa de imposto sobre salário_t  Taxa de imposto sobre a renda do capital_t  Imposto Lump-Sum_t  Gasto primário_t  Consumo público corrente_t  Investimento público_t  Capital público_t  Resultado primário_t  Dívida como proporção do PIB_t  Gasto primário como proporção do PIB_t  Receita fiscal como proporção do PIB_t  Resultado primário como proporção do PIB_t
────────────────────────────────────────────────────────────────────────────────────────────────────────────────────────────────────────────────────────────────────────────────────────────────────────────────────────────────────────────────────────────────────────────────────────────────────────────────────────────────────────────────────────────────────────────────────────────────────────────────────────────────────────────────────────────────────────────────────────────────────────────────────────────────────────────────────────────────────────────────────────────────────────────────────────────────────────────────────────────────────────────────────────────────────────────────────
                           ϕ(Capital privado) │             0.047               -0.0144     -0.0551             0.9717                  0.0092     0.0563             0.0954                                   -0.0119                                0.0                    -0.0142            0.0142                              0.0                              0.0                                         0.0             -0.0019               0.0                         0.0                     0.0                0.0                0.0142                         -0.0514                                  -0.018                                 -0.0083                                      0.0097
    ϕ(Taxa de retorno dos ativos financeiros) │               0.0                  -0.0        -0.0               -0.0                    -0.0       -0.0                0.0                                      -0.0                                0.0                      1.024            0.0302                              0.0                              0.0                                         0.0              0.0302              -0.0                         0.0                     0.0                0.0                0.0302                           0.839                                     0.0                                  0.0247                                      0.0247
           ϕ(Produtividade Total dos Fatores) │            0.0983                0.0687     -0.0257             0.7225                  0.7225     0.8208             0.5874                                    0.0315                               0.69                    -0.1147            0.1147                              0.0                              0.0                                         0.0             -0.0243               0.0                         0.0                     0.0                0.0                0.1147                         -0.6748                                 -0.2619                                 -0.1966                                      0.0653
                   ϕ(Dívida bruta do governo) │               0.0                  -0.0        -0.0               -0.0                    -0.0       -0.0                0.0                                       0.0                                0.0                     1.0194            0.0301                              0.0                              0.0                                         0.0              0.0301               0.0                         0.0                     0.0                0.0                0.0301                          0.8352                                     0.0                                  0.0246                                      0.0246
             ϕ(Taxa de imposto sobre consumo) │           -0.0385               -0.0003     -0.0043             0.0349                  0.0349    -0.0036              0.002                                   -0.0005                               -0.0                    -0.2105            0.2105                             0.41                              0.0                                         0.0             -0.0061              -0.0                        -0.0                     0.0               -0.0                0.2105                         -0.1699                                  0.0011                                  0.1737                                      0.1725
             ϕ(Taxa de imposto sobre salário) │           -0.0045               -0.0054     -0.0771            -0.0597                 -0.0597    -0.0643             0.0357                                   -0.0011                               -0.0                    -0.2598            0.2598                             -0.0                             0.41                                         0.0              -0.006               0.0                        -0.0                    -0.0                0.0                0.2598                         -0.1674                                  0.0205                                  0.2356                                      0.2151
  ϕ(Taxa de imposto sobre a renda do capital) │            0.0028               -0.0003     -0.0041            -0.0062                 -0.0062    -0.0034             0.0019                                   -0.0172                                0.0                    -0.2178            0.2178                             -0.0                             -0.0                                        0.41             -0.0063               0.0                        -0.0                     0.0                0.0                0.2178                          -0.176                                  0.0011                                  0.1796                                      0.1786
                          ϕ(Imposto Lump-Sum) │              -0.0                   0.0         0.0                0.0                     0.0        0.0               -0.0                                       0.0                                0.0                    -0.3983            0.3983                              0.0                              0.0                                         0.0              0.3983               0.0                         0.0                     0.0                0.0                0.3983                         -0.3263                                    -0.0                                  0.3263                                      0.3263
                  ϕ(Consumo público corrente) │            0.3548                0.0071      0.1011            -0.7405                 -0.7405     0.0843            -0.0468                                    0.0119                                0.0                     0.3905            0.0795                              0.0                              0.0                                         0.0              0.0094              0.47                        0.47                     0.0                0.0               -0.3905                          0.2603                                  0.3582                                  0.0353                                     -0.3229
                      ϕ(Investimento público) │            2.5123                0.1526      -3.094            -1.1603                 -1.1603      1.822             4.4402                                     0.288                                0.0                    -0.1592            0.6292                              0.0                              0.0                                         0.0             -0.0511              0.47                         0.0                    0.47               0.47                0.1592                         -1.4197                                 -0.1964                                 -0.1297                                      0.0667
                           ϕ(Capital público) │            3.0177                0.5326     -3.1857             3.3416                  3.3416     6.3593             7.6357                                    0.3949                                0.0                    -1.2441            1.2441                              0.0                              0.0                                         0.0             -0.1987              -0.0                         0.0                     0.0             0.9625                1.2441                         -5.5192                                 -2.0293                                 -1.2325                                      0.7968
                              Choque de PTF_t │            0.1425                0.0996     -0.0372              1.047                   1.047     1.1895             0.8514                                    0.0456                                1.0                    -0.1663            0.1663                              0.0                              0.0                                         0.0             -0.0352              -0.0                        -0.0                     0.0                0.0                0.1663                          -0.978                                 -0.3796                                 -0.2849                                      0.0946
               Choque no Consumo do Governo_t │            0.3585                0.0071      0.1021            -0.7482                 -0.7482     0.0852            -0.0472                                     0.012                                0.0                     0.3946            0.0803                             -0.0                             -0.0                                         0.0              0.0095            0.4749                      0.4749                     0.0               -0.0               -0.3946                           0.263                                  0.3619                                  0.0356                                     -0.3263
             Choque de investimento público_t │            0.0026                0.0002     -0.0032            -0.0012                 -0.0012     0.0019             0.0046                                    0.0003                                0.0                    -0.0002            0.0007                             -0.0                              0.0                                         0.0             -0.0001            0.0005                        -0.0                  0.0005             0.0005                0.0002                         -0.0015                                 -0.0002                                 -0.0001                                      0.0001
            Choque de imposto sobre consumo_t │           -0.0939               -0.0007     -0.0104             0.0852                  0.0852    -0.0087             0.0048                                   -0.0013                               -0.0                    -0.5133            0.5133                              1.0                              0.0                                         0.0             -0.0149               0.0                        -0.0                     0.0                0.0                0.5133                         -0.4144                                  0.0028                                  0.4236                                      0.4208
            Choque de imposto sobre salário_t │           -0.0111               -0.0131      -0.188            -0.1457                 -0.1457    -0.1568              0.087                                   -0.0028                               -0.0                    -0.6337            0.6337                             -0.0                              1.0                                         0.0             -0.0147               0.0                        -0.0                     0.0                0.0                0.6337                         -0.4083                                    0.05                                  0.5747                                      0.5247
 Choque de imposto sobre a renda do capital_t │            0.0067               -0.0007       -0.01            -0.0151                 -0.0151    -0.0083             0.0046                                    -0.042                               -0.0                    -0.5312            0.5312                             -0.0                              0.0                                         1.0             -0.0155              -0.0                        -0.0                     0.0                0.0                0.5312                         -0.4293                                  0.0027                                  0.4382                                      0.4355
──────────────────────────────────────────────┴─────────────────────────────────────────────────────────────────────────────────────────────────────────────────────────────────────────────────────────────────────────────────────────────────────────────────────────────────────────────────────────────────────────────────────────────────────────────────────────────────────────────────────────────────────────────────────────────────────────────────────────────────────────────────────────────────────────────────────────────────────────────────────────────────────────────────────────────────────────────────────────────────────────────────────────────────────────────────────────────────────

  Note: ϕ(x) = x_{t-1} - steady_state(x)

  THEORETICAL MOMENTS

──────────────────────────────────────────┬─────────────────────────────
                 VARIABLE                 │  MEAN   STD. DEV.  VARIANCE
────────────────────────────────────────────────────────────────────────
                          Consumo privado │ 0.5447     0.0086    0.0001
                       Retorno do capital │ 0.1022     0.0023       0.0
                                 Trabalho │ 0.8077     0.0088    0.0001
                          Capital privado │ 5.3487     0.1505    0.0226
                     Investimento privado │ 0.2004     0.0172    0.0003
                                  Produto │ 1.2206       0.02    0.0004
                          Taxa de salário │ 0.8341     0.0204    0.0004
   Taxa de retorno dos ativos financeiros │ 0.0494     0.0018       0.0
          Produtividade Total dos Fatores │    1.0     0.0138    0.0002
                  Dívida bruta do governo │ 1.0542     1.2858    1.6533
                           Receita fiscal │ 0.5275     0.0649    0.0042
            Taxa de imposto sobre consumo │  0.162      0.011    0.0001
            Taxa de imposto sobre salário │   0.15      0.011    0.0001
 Taxa de imposto sobre a renda do capital │   0.15      0.011    0.0001
                         Imposto Lump-Sum │ 0.2562     0.0643    0.0041
                           Gasto primário │ 0.4754     0.0054       0.0
                 Consumo público corrente │ 0.4749     0.0054       0.0
                     Investimento público │ 0.0005        0.0       0.0
                          Capital público │  0.013        0.0       0.0
                       Resultado primário │ 0.0521      0.065    0.0042
             Dívida como proporção do PIB │ 0.8637     1.0545    1.1119
     Gasto primário como proporção do PIB │ 0.3895     0.0077    0.0001
     Receita fiscal como proporção do PIB │ 0.4322     0.0538    0.0029
 Resultado primário como proporção do PIB │ 0.0427     0.0533    0.0028
──────────────────────────────────────────┴─────────────────────────────

  VARIANCE DECOMPOSITION (in percent)

──────────────────────────────────────────┬───────────────────────────────────────────────────────────────────────────────────────────────────────────────────────────────────────────────────────────────────────────────────────────
                 VARIABLE                 │ Choque de PTF  Choque no Consumo do Governo  Choque de investimento público  Choque de imposto sobre consumo  Choque de imposto sobre salário  Choque de imposto sobre a renda do capital
──────────────────────────────────────────────────────────────────────────────────────────────────────────────────────────────────────────────────────────────────────────────────────────────────────────────────────────────────────
                          Consumo privado │        0.6942                        0.2871                          0.0006                           0.0145                           0.0035                                      0.0001
                       Retorno do capital │        0.8549                        0.1364                          0.0002                           0.0014                           0.0071                                         0.0
                                 Trabalho │        0.7757                        0.1657                          0.0007                           0.0017                           0.0561                                      0.0002
                          Capital privado │        0.8407                        0.1527                          0.0003                           0.0016                           0.0047                                      0.0001
                     Investimento privado │        0.7403                        0.2478                          0.0001                            0.003                           0.0088                                      0.0001
                                  Produto │        0.9631                        0.0276                          0.0003                           0.0003                           0.0087                                         0.0
                          Taxa de salário │        0.9162                        0.0784                          0.0005                           0.0008                           0.0041                                         0.0
   Taxa de retorno dos ativos financeiros │        0.7754                        0.1563                          0.0002                           0.0016                           0.0045                                       0.062
          Produtividade Total dos Fatores │           1.0                           0.0                             0.0                              0.0                              0.0                                         0.0
                  Dívida bruta do governo │        0.6208                        0.2298                          0.0004                           0.0561                           0.0421                                      0.0507
                           Receita fiscal │        0.6044                        0.2237                          0.0004                            0.062                           0.0523                                      0.0573
            Taxa de imposto sobre consumo │           0.0                           0.0                             0.0                              1.0                              0.0                                         0.0
            Taxa de imposto sobre salário │           0.0                           0.0                             0.0                              0.0                              1.0                                         0.0
 Taxa de imposto sobre a renda do capital │           0.0                           0.0                             0.0                              0.0                              0.0                                         1.0
                         Imposto Lump-Sum │        0.6212                        0.2298                          0.0004                            0.056                           0.0419                                      0.0506
                           Gasto primário │           0.0                           1.0                             0.0                              0.0                              0.0                                         0.0
                 Consumo público corrente │           0.0                           1.0                             0.0                              0.0                              0.0                                         0.0
                     Investimento público │           0.0                           0.0                             1.0                              0.0                              0.0                                         0.0
                          Capital público │           0.0                           0.0                             1.0                              0.0                              0.0                                         0.0
                       Resultado primário │        0.6018                         0.227                          0.0004                           0.0617                            0.052                                       0.057
             Dívida como proporção do PIB │        0.6212                        0.2298                          0.0004                            0.056                           0.0419                                      0.0506
     Gasto primário como proporção do PIB │        0.6699                        0.3236                          0.0002                           0.0002                           0.0061                                         0.0
     Receita fiscal como proporção do PIB │        0.6076                         0.222                          0.0004                           0.0608                           0.0531                                       0.056
 Resultado primário como proporção do PIB │        0.6015                        0.2272                          0.0004                           0.0617                           0.0522                                       0.057
──────────────────────────────────────────┴───────────────────────────────────────────────────────────────────────────────────────────────────────────────────────────────────────────────────────────────────────────────────────────

  CORRELATION MATRIX

──────────────────────────────────────────┬─────────────────────────────────────────────────────────────────────────────────────────────────────────────────────────────────────────────────────────────────────────────────────────────────────────────────────────────────────────────────────────────────────────────────────────────────────────────────────────────────────────────────────────────────────────────────────────────────────────────────────────────────────────────────────────────────────────────────────────────────────────────────────────────────────────────────────────────────────────────────────────────────────────────────────
                                          │ Consumo privado  Retorno do capital  Trabalho  Capital privado  Investimento privado  Produto  Taxa de salário  Taxa de retorno dos ativos financeiros  Produtividade Total dos Fatores  Dívida bruta do governo  Receita fiscal  Taxa de imposto sobre consumo  Taxa de imposto sobre salário  Taxa de imposto sobre a renda do capital  Imposto Lump-Sum  Gasto primário  Consumo público corrente  Investimento público  Capital público  Resultado primário  Dívida como proporção do PIB  Gasto primário como proporção do PIB  Receita fiscal como proporção do PIB  Resultado primário como proporção do PIB
────────────────────────────────────────────────────────────────────────────────────────────────────────────────────────────────────────────────────────────────────────────────────────────────────────────────────────────────────────────────────────────────────────────────────────────────────────────────────────────────────────────────────────────────────────────────────────────────────────────────────────────────────────────────────────────────────────────────────────────────────────────────────────────────────────────────────────────────────────────────────────────────────────────────────────────────────────────────────────────────
                          Consumo privado │             1.0             -0.5355   -0.7574           0.8329                0.1822   0.7027           0.8101                                 -0.6534                           0.3935                  -0.1175         -0.0828                        -0.1159                          -0.02                                     0.008           -0.1257           0.431                     0.431                0.0051           0.0211             -0.1182                       -0.1268                               -0.3382                               -0.1744                                   -0.1274
                       Retorno do capital │         -0.5355                 1.0    0.7672          -0.7545                0.2392  -0.0036          -0.3443                                  0.9339                           0.4035                   0.1336          0.1135                        -0.0074                        -0.0551                                   -0.0026            0.1335            0.08                      0.08                0.0018           -0.002              0.1066                        0.1335                                0.0491                                0.1126                                    0.1066
                                 Trabalho │         -0.7574              0.7672       1.0          -0.9657               -0.3541  -0.5823          -0.8373                                  0.8679                          -0.2487                    0.142          0.0739                         -0.017                        -0.2278                                   -0.0118             0.147          0.1778                    0.1778               -0.0059           -0.023               0.059                        0.1497                                0.5879                                0.1497                                    0.0666
                          Capital privado │          0.8329             -0.7545   -0.9657              1.0                0.3789   0.6561           0.8716                                 -0.8721                           0.2917                  -0.1433         -0.1014                         0.0103                        -0.0176                                   -0.0018           -0.1498         -0.1037                   -0.1037                   0.0           0.0109             -0.0926                        -0.152                               -0.6068                               -0.1867                                   -0.1012
                     Investimento privado │          0.1822              0.2392   -0.3541           0.3789                   1.0   0.8036           0.6983                                 -0.0069                           0.8574                  -0.0197           0.008                         0.0547                        -0.0935                                   -0.0097           -0.0269         -0.4968                   -0.4968                0.0001            0.007              0.0491                       -0.0305                                -0.956                               -0.0981                                    0.0385
                                  Produto │          0.7027             -0.0036   -0.5823           0.6561                0.8036      1.0           0.9321                                 -0.2547                           0.9056                  -0.0656         -0.0247                         -0.003                        -0.0889                                   -0.0049           -0.0759          0.0276                    0.0276                0.0026           0.0151             -0.0269                        -0.079                               -0.8181                               -0.1562                                     -0.04
                          Taxa de salário │          0.8101             -0.3443   -0.8373           0.8716                0.6983   0.9321              1.0                                  -0.558                           0.7199                  -0.1074         -0.0495                         0.0056                         0.0417                                     0.002           -0.1165         -0.0607                   -0.0607                0.0044           0.0204             -0.0444                       -0.1199                               -0.8122                               -0.1718                                   -0.0566
   Taxa de retorno dos ativos financeiros │         -0.6534              0.9339    0.8679          -0.8721               -0.0069  -0.2547           -0.558                                     1.0                           0.1464                   0.1429          0.0925                        -0.0118                        -0.0096                                   -0.2488            0.1447          0.1211                    0.1211                0.0028          -0.0026              0.0823                        0.1462                                0.2821                                 0.125                                    0.0856
          Produtividade Total dos Fatores │          0.3935              0.4035   -0.2487           0.2917                0.8574   0.9056           0.7199                                  0.1464                              1.0                   -0.006          0.0356                           -0.0                           -0.0                                       0.0           -0.0149             0.0                       0.0                   0.0              0.0              0.0355                       -0.0181                               -0.7553                               -0.0842                                    0.0236
                  Dívida bruta do governo │         -0.1175              0.1336     0.142          -0.1433               -0.0197  -0.0656          -0.1074                                  0.1429                           -0.006                      1.0          0.9834                        -0.0075                        -0.0092                                    -0.008            0.9999          0.0069                    0.0069                  -0.0          -0.0013              0.9807                        0.9999                                0.0587                                0.9803                                    0.9812
                           Receita fiscal │         -0.0828              0.1135    0.0739          -0.1014                 0.008  -0.0247          -0.0495                                  0.0925                           0.0356                   0.9834             1.0                         0.0842                         0.1037                                    0.0868            0.9837          0.0153                    0.0153                0.0002          -0.0003              0.9966                        0.9828                                0.0294                                0.9913                                    0.9965
            Taxa de imposto sobre consumo │         -0.1159             -0.0074    -0.017           0.0103                0.0547   -0.003           0.0056                                 -0.0118                             -0.0                  -0.0075          0.0842                            1.0                           -0.0                                      -0.0           -0.0053            -0.0                      -0.0                   0.0              0.0               0.084                       -0.0074                                0.0025                                0.0836                                     0.084
            Taxa de imposto sobre salário │           -0.02             -0.0551   -0.2278          -0.0176               -0.0935  -0.0889           0.0417                                 -0.0096                             -0.0                  -0.0092          0.1037                           -0.0                            1.0                                      -0.0           -0.0057             0.0                      -0.0                  -0.0              0.0              0.1035                        -0.008                                0.0741                                0.1142                                    0.1046
 Taxa de imposto sobre a renda do capital │           0.008             -0.0026   -0.0118          -0.0018               -0.0097  -0.0049            0.002                                 -0.2488                              0.0                   -0.008          0.0868                           -0.0                           -0.0                                       1.0           -0.0056            -0.0                      -0.0                   0.0              0.0              0.0866                       -0.0079                                0.0041                                0.0864                                    0.0866
                         Imposto Lump-Sum │         -0.1257              0.1335     0.147          -0.1498               -0.0269  -0.0759          -0.1165                                  0.1447                          -0.0149                   0.9999          0.9837                        -0.0053                        -0.0057                                   -0.0056               1.0          0.0048                    0.0048                  -0.0          -0.0015              0.9812                           1.0                                0.0661                                0.9819                                    0.9817
                           Gasto primário │           0.431                0.08    0.1778          -0.1037               -0.4968   0.0276          -0.0607                                  0.1211                              0.0                   0.0069          0.0153                           -0.0                            0.0                                      -0.0            0.0048             1.0                       1.0                 0.001           0.0003             -0.0675                        0.0065                                0.5522                                0.0115                                   -0.0678
                 Consumo público corrente │           0.431                0.08    0.1778          -0.1037               -0.4968   0.0276          -0.0607                                  0.1211                              0.0                   0.0069          0.0153                           -0.0                           -0.0                                      -0.0            0.0048             1.0                       1.0                   0.0             -0.0             -0.0675                        0.0065                                0.5522                                0.0115                                   -0.0678
                     Investimento público │          0.0051              0.0018   -0.0059              0.0                0.0001   0.0026           0.0044                                  0.0028                              0.0                     -0.0          0.0002                            0.0                           -0.0                                       0.0              -0.0           0.001                       0.0                   1.0           0.3041              0.0001                          -0.0                               -0.0016                               -0.0001                                    0.0001
                          Capital público │          0.0211              -0.002    -0.023           0.0109                 0.007   0.0151           0.0204                                 -0.0026                              0.0                  -0.0013         -0.0003                            0.0                            0.0                                       0.0           -0.0015          0.0003                      -0.0                0.3041              1.0             -0.0003                       -0.0015                               -0.0125                               -0.0023                                   -0.0005
                       Resultado primário │         -0.1182              0.1066     0.059          -0.0926                0.0491  -0.0269          -0.0444                                  0.0823                           0.0355                   0.9807          0.9966                          0.084                         0.1035                                    0.0866            0.9812         -0.0675                   -0.0675                0.0001          -0.0003                 1.0                        0.9801                               -0.0164                                0.9882                                    0.9999
             Dívida como proporção do PIB │         -0.1268              0.1335    0.1497           -0.152               -0.0305   -0.079          -0.1199                                  0.1462                          -0.0181                   0.9999          0.9828                        -0.0074                         -0.008                                   -0.0079               1.0          0.0065                    0.0065                  -0.0          -0.0015              0.9801                           1.0                                0.0697                                0.9815                                    0.9807
     Gasto primário como proporção do PIB │         -0.3382              0.0491    0.5879          -0.6068                -0.956  -0.8181          -0.8122                                  0.2821                          -0.7553                   0.0587          0.0294                         0.0025                         0.0741                                    0.0041            0.0661          0.5522                    0.5522               -0.0016          -0.0125             -0.0164                        0.0697                                   1.0                                0.1369                                   -0.0056
     Receita fiscal como proporção do PIB │         -0.1744              0.1126    0.1497          -0.1867               -0.0981  -0.1562          -0.1718                                   0.125                          -0.0842                   0.9803          0.9913                         0.0836                         0.1142                                    0.0864            0.9819          0.0115                    0.0115               -0.0001          -0.0023              0.9882                        0.9815                                0.1369                                   1.0                                    0.9898
 Resultado primário como proporção do PIB │         -0.1274              0.1066    0.0666          -0.1012                0.0385    -0.04          -0.0566                                  0.0856                           0.0236                   0.9812          0.9965                          0.084                         0.1046                                    0.0866            0.9817         -0.0678                   -0.0678                0.0001          -0.0005              0.9999                        0.9807                               -0.0056                                0.9898                                       1.0
──────────────────────────────────────────┴─────────────────────────────────────────────────────────────────────────────────────────────────────────────────────────────────────────────────────────────────────────────────────────────────────────────────────────────────────────────────────────────────────────────────────────────────────────────────────────────────────────────────────────────────────────────────────────────────────────────────────────────────────────────────────────────────────────────────────────────────────────────────────────────────────────────────────────────────────────────────────────────────────────────────────

  AUTOCORRELATION COEFFICIENTS

──────────────────────────────────────────┬────────────────────────────────────────
                                          │   1       2       3       4       5
───────────────────────────────────────────────────────────────────────────────────
                          Consumo privado │ 0.8473  0.7667  0.7194  0.6878  0.6635
                       Retorno do capital │ 0.8689  0.7734  0.7026   0.649  0.6073
                                 Trabalho │ 0.9555  0.9269  0.9035  0.8816  0.8599
                          Capital privado │ 0.9939  0.9805  0.9627  0.9421    0.92
                     Investimento privado │ 0.6481  0.4348  0.3012  0.2152  0.1585
                                  Produto │ 0.7939  0.6502  0.5487  0.4761  0.4234
                          Taxa de salário │ 0.9035   0.831   0.775  0.7307  0.6946
   Taxa de retorno dos ativos financeiros │ 0.9108  0.8524  0.8097  0.7755  0.7464
          Produtividade Total dos Fatores │   0.69  0.4761  0.3285  0.2267  0.1564
                  Dívida bruta do governo │    1.0  0.9999  0.9997  0.9996  0.9994
                           Receita fiscal │ 0.9828  0.9754  0.9722  0.9707  0.9699
            Taxa de imposto sobre consumo │   0.41  0.1681  0.0689  0.0283  0.0116
            Taxa de imposto sobre salário │   0.41  0.1681  0.0689  0.0283  0.0116
 Taxa de imposto sobre a renda do capital │   0.41  0.1681  0.0689  0.0283  0.0116
                         Imposto Lump-Sum │    1.0  0.9999  0.9997  0.9996  0.9994
                           Gasto primário │   0.47  0.2209  0.1038  0.0488  0.0229
                 Consumo público corrente │   0.47  0.2209  0.1038  0.0488  0.0229
                     Investimento público │   0.47  0.2209  0.1038  0.0488  0.0229
                          Capital público │ 0.9863  0.9606  0.9298  0.8974   0.865
                       Resultado primário │ 0.9804  0.9719   0.968  0.9662  0.9653
             Dívida como proporção do PIB │ 0.9999  0.9998  0.9996  0.9995  0.9993
     Gasto primário como proporção do PIB │ 0.7117  0.5431  0.4399  0.3736   0.329
     Receita fiscal como proporção do PIB │ 0.9805  0.9717  0.9677  0.9657  0.9646
 Resultado primário como proporção do PIB │ 0.9804  0.9719  0.9681  0.9664  0.9655
──────────────────────────────────────────┴────────────────────────────────────────

2026-01-02T18:05:26.033: End parse_statements!
2026-01-02T18:05:26.033: End parser
The number of labels is different than the number of variables to be plotted
The number of labels is different than the number of variables to be plotted
