Dynare version: 0.10.4
2026-01-02T18:05:45.338: Starting @dynare RBC_fiscal_psi_positivo.mod
["RBC_fiscal_psi_positivo.mod", "language=julia", "json=compute", "notmpterms"]
Dynare preprocessor version: 7.0.0+0
2026-01-02T18:05:45.362: End of preprocessing
2026-01-02T18:05:45.371: Start parse_statements!
  Steady state

──────────────────────────────────────────┬──────────
             Consumo privado              │ 0.186908
                       Retorno do capital │   0.1022
                                 Trabalho │   0.3364
                          Capital privado │   1.8352
                     Investimento privado │   0.0688
                                  Produto │   0.4188
                          Taxa de salário │   0.6872
   Taxa de retorno dos ativos financeiros │   0.0494
          Produtividade Total dos Fatores │      1.0
                  Dívida bruta do governo │   0.3617
                           Receita fiscal │    0.181
            Taxa de imposto sobre consumo │    0.162
            Taxa de imposto sobre salário │     0.15
 Taxa de imposto sobre a renda do capital │     0.15
                         Imposto Lump-Sum │   0.0879
                           Gasto primário │   0.1631
                 Consumo público corrente │    0.163
                     Investimento público │   0.0002
                          Capital público │   0.0045
                       Resultado primário │   0.0179
             Dívida como proporção do PIB │   0.8637
     Gasto primário como proporção do PIB │   0.3895
     Receita fiscal como proporção do PIB │   0.4322
 Resultado primário como proporção do PIB │   0.0427
──────────────────────────────────────────┴──────────

  Coefficients of approximate solution function (reduced form)

──────────────────────────────────────────────┬─────────────────────────────────────────────────────────────────────────────────────────────────────────────────────────────────────────────────────────────────────────────────────────────────────────────────────────────────────────────────────────────────────────────────────────────────────────────────────────────────────────────────────────────────────────────────────────────────────────────────────────────────────────────────────────────────────────────────────────────────────────────────────────────────────────────────────────────────────────────────────────────────────────────────────────────────────────────────────────────────────
                                              │ Consumo privado_t  Retorno do capital_t  Trabalho_t  Capital privado_t  Investimento privado_t  Produto_t  Taxa de salário_t  Taxa de retorno dos ativos financeiros_t  Produtividade Total dos Fatores_t  Dívida bruta do governo_t  Receita fiscal_t  Taxa de imposto sobre consumo_t  Taxa de imposto sobre salário_t  Taxa de imposto sobre a renda do capital_t  Imposto Lump-Sum_t  Gasto primário_t  Consumo público corrente_t  Investimento público_t  Capital público_t  Resultado primário_t  Dívida como proporção do PIB_t  Gasto primário como proporção do PIB_t  Receita fiscal como proporção do PIB_t  Resultado primário como proporção do PIB_t
────────────────────────────────────────────────────────────────────────────────────────────────────────────────────────────────────────────────────────────────────────────────────────────────────────────────────────────────────────────────────────────────────────────────────────────────────────────────────────────────────────────────────────────────────────────────────────────────────────────────────────────────────────────────────────────────────────────────────────────────────────────────────────────────────────────────────────────────────────────────────────────────────────────────────────────────────────────────────────────────────────────────────────────────────────────────────
                           ϕ(Capital privado) │            0.1174               -0.0371      -0.038             0.9213                 -0.0412     0.0761             0.2025                                   -0.0291                               -0.0                    -0.0228            0.0228                              0.0                              0.0                                         0.0             -0.0076               0.0                         0.0                     0.0                0.0                0.0228                         -0.2115                                 -0.0708                                 -0.0241                                      0.0467
    ϕ(Taxa de retorno dos ativos financeiros) │               0.0                   0.0        -0.0               -0.0                    -0.0       -0.0               -0.0                                       0.0                               -0.0                     0.3331            0.0286                              0.0                              0.0                                         0.0              0.0286              -0.0                         0.0                     0.0                0.0                0.0286                          0.7953                                     0.0                                  0.0684                                      0.0684
           ϕ(Produtividade Total dos Fatores) │            0.0752                 0.098      0.1637             0.3263                  0.3263     0.4014             0.3244                                    0.0472                               0.69                    -0.0392            0.0392                              0.0                              0.0                                         0.0             -0.0332               0.0                         0.0                     0.0                0.0                0.0392                         -0.9216                                 -0.3734                                 -0.3206                                      0.0527
                   ϕ(Dívida bruta do governo) │               0.0                  -0.0        -0.0                0.0                    -0.0        0.0                0.0                                       0.0                                0.0                     0.9664            0.0831                              0.0                              0.0                                         0.0              0.0831              -0.0                         0.0                     0.0                0.0                0.0831                          2.3075                                    -0.0                                  0.1984                                      0.1984
             ϕ(Taxa de imposto sobre consumo) │           -0.0987               -0.0034       -0.02             0.0849                  0.0849    -0.0138             0.0183                                   -0.0039                               -0.0                    -0.0549            0.0549                             0.41                              0.0                                         0.0             -0.0037              -0.0                        -0.0                     0.0               -0.0                0.0549                         -0.1026                                  0.0128                                  0.1453                                      0.1324
             ϕ(Taxa de imposto sobre salário) │           -0.0148               -0.0259     -0.1543            -0.0912                 -0.0912     -0.106             0.1412                                   -0.0061                                0.0                    -0.0777            0.0777                              0.0                             0.41                                         0.0              0.0012               0.0                         0.0                     0.0               -0.0                0.0777                          0.0332                                  0.0986                                  0.2949                                      0.1963
  ϕ(Taxa de imposto sobre a renda do capital) │            0.0069               -0.0012     -0.0073            -0.0119                 -0.0119     -0.005             0.0067                                   -0.0172                                0.0                    -0.0715            0.0715                              0.0                             -0.0                                        0.41             -0.0058               0.0                         0.0                     0.0               -0.0                0.0715                         -0.1604                                  0.0047                                  0.1759                                      0.1713
                          ϕ(Imposto Lump-Sum) │              -0.0                   0.0         0.0               -0.0                    -0.0       -0.0               -0.0                                      -0.0                               -0.0                    -0.3775            0.3775                              0.0                              0.0                                         0.0              0.3775               0.0                         0.0                     0.0                0.0                0.3775                         -0.9015                                     0.0                                  0.9015                                      0.9015
                  ϕ(Consumo público corrente) │           -0.4312                0.0015      0.0087            -0.0328                 -0.0328      0.006             -0.008                                    0.0016                               -0.0                     0.4967           -0.0267                              0.0                              0.0                                         0.0              0.0423              0.47                        0.47                     0.0                0.0               -0.4967                          1.1737                                  1.1167                                 -0.0699                                     -1.1867
                      ϕ(Investimento público) │            3.1473                1.1385      0.3797             1.0464                  1.0464     4.6637             6.8768                                    1.5047                                0.0                     -0.362             0.832                              0.0                              0.0                                         0.0             -0.3774              0.47                         0.0                    0.47               0.47                 0.362                        -10.4826                                 -3.2152                                 -2.8261                                      0.3891
                           ϕ(Capital público) │            4.3053                2.7106      3.0377             6.7987                  6.7987     11.104             12.015                                    2.0032                               -0.0                    -1.4169            1.4169                              0.0                              0.0                                         0.0             -0.9462               0.0                         0.0                     0.0             0.9625                1.4169                        -26.2835                                -10.3273                                  -8.076                                      2.2513
                              Choque de PTF_t │            0.1089                 0.142      0.2372             0.4729                  0.4729     0.5818             0.4701                                    0.0684                                1.0                    -0.0568            0.0568                             -0.0                              0.0                                         0.0             -0.0481               0.0                        -0.0                     0.0                0.0                0.0568                         -1.3356                                 -0.5411                                 -0.4647                                      0.0764
               Choque no Consumo do Governo_t │           -0.1495                0.0005       0.003            -0.0114                 -0.0114     0.0021            -0.0028                                    0.0006                                0.0                     0.1722           -0.0093                              0.0                             -0.0                                         0.0              0.0146             0.163                       0.163                     0.0               -0.0               -0.1722                          0.4069                                  0.3872                                 -0.0242                                     -0.4114
             Choque de investimento público_t │            0.0011                0.0004      0.0001             0.0004                  0.0004     0.0017             0.0025                                    0.0005                               -0.0                    -0.0001            0.0003                              0.0                              0.0                                         0.0             -0.0001            0.0002                        -0.0                  0.0002             0.0002                0.0001                         -0.0037                                 -0.0011                                  -0.001                                      0.0001
            Choque de imposto sobre consumo_t │           -0.2408               -0.0082     -0.0489             0.2072                  0.2072    -0.0336             0.0447                                   -0.0094                                0.0                    -0.1339            0.1339                              1.0                              0.0                                         0.0              -0.009              -0.0                        -0.0                     0.0                0.0                0.1339                         -0.2503                                  0.0312                                  0.3543                                       0.323
            Choque de imposto sobre salário_t │           -0.0362               -0.0631     -0.3762            -0.2224                 -0.2224    -0.2585             0.3443                                    -0.015                                0.0                    -0.1894            0.1894                              0.0                              1.0                                         0.0              0.0029              -0.0                        -0.0                     0.0                0.0                0.1894                          0.0809                                  0.2405                                  0.7192                                      0.4787
 Choque de imposto sobre a renda do capital_t │            0.0169                -0.003     -0.0178            -0.0291                 -0.0291    -0.0122             0.0163                                    -0.042                               -0.0                    -0.1744            0.1744                              0.0                              0.0                                         1.0             -0.0141              -0.0                         0.0                     0.0               -0.0                0.1744                         -0.3913                                  0.0114                                  0.4291                                      0.4178
──────────────────────────────────────────────┴─────────────────────────────────────────────────────────────────────────────────────────────────────────────────────────────────────────────────────────────────────────────────────────────────────────────────────────────────────────────────────────────────────────────────────────────────────────────────────────────────────────────────────────────────────────────────────────────────────────────────────────────────────────────────────────────────────────────────────────────────────────────────────────────────────────────────────────────────────────────────────────────────────────────────────────────────────────────────────────────────────

  Note: ϕ(x) = x_{t-1} - steady_state(x)

  THEORETICAL MOMENTS

──────────────────────────────────────────┬─────────────────────────────
                 VARIABLE                 │  MEAN   STD. DEV.  VARIANCE
────────────────────────────────────────────────────────────────────────
                          Consumo privado │ 0.1869      0.006       0.0
                       Retorno do capital │ 0.1022     0.0021       0.0
                                 Trabalho │ 0.3364     0.0052       0.0
                          Capital privado │ 1.8352     0.0378    0.0014
                     Investimento privado │ 0.0688      0.007       0.0
                                  Produto │ 0.4188     0.0098    0.0001
                          Taxa de salário │ 0.6872     0.0121    0.0001
   Taxa de retorno dos ativos financeiros │ 0.0494     0.0013       0.0
          Produtividade Total dos Fatores │    1.0     0.0138    0.0002
                  Dívida bruta do governo │ 0.3617     0.0174    0.0003
                           Receita fiscal │  0.181     0.0037       0.0
            Taxa de imposto sobre consumo │  0.162      0.011    0.0001
            Taxa de imposto sobre salário │   0.15      0.011    0.0001
 Taxa de imposto sobre a renda do capital │   0.15      0.011    0.0001
                         Imposto Lump-Sum │ 0.0879     0.0029       0.0
                           Gasto primário │ 0.1631     0.0018       0.0
                 Consumo público corrente │  0.163     0.0018       0.0
                     Investimento público │ 0.0002        0.0       0.0
                          Capital público │ 0.0045        0.0       0.0
                       Resultado primário │ 0.0179     0.0041       0.0
             Dívida como proporção do PIB │ 0.8637     0.0488    0.0024
     Gasto primário como proporção do PIB │ 0.3895     0.0102    0.0001
     Receita fiscal como proporção do PIB │ 0.4322     0.0137    0.0002
 Resultado primário como proporção do PIB │ 0.0427     0.0099    0.0001
──────────────────────────────────────────┴─────────────────────────────

  VARIANCE DECOMPOSITION (in percent)

──────────────────────────────────────────┬───────────────────────────────────────────────────────────────────────────────────────────────────────────────────────────────────────────────────────────────────────────────────────────
                 VARIABLE                 │ Choque de PTF  Choque no Consumo do Governo  Choque de investimento público  Choque de imposto sobre consumo  Choque de imposto sobre salário  Choque de imposto sobre a renda do capital
──────────────────────────────────────────────────────────────────────────────────────────────────────────────────────────────────────────────────────────────────────────────────────────────────────────────────────────────────────
                          Consumo privado │        0.6756                        0.0817                          0.0006                           0.1986                           0.0422                                      0.0013
                       Retorno do capital │        0.8553                        0.0001                          0.0001                           0.0275                           0.1164                                      0.0006
                                 Trabalho │        0.3564                        0.0001                             0.0                           0.0172                           0.6249                                      0.0014
                          Capital privado │        0.8848                        0.0002                          0.0005                           0.0527                           0.0608                                       0.001
                     Investimento privado │        0.7779                        0.0003                          0.0001                           0.1021                           0.1176                                       0.002
                                  Produto │         0.899                           0.0                          0.0004                           0.0051                           0.0953                                      0.0003
                          Taxa de salário │        0.8685                        0.0001                          0.0006                           0.0249                           0.1053                                      0.0005
   Taxa de retorno dos ativos financeiros │        0.7729                        0.0002                          0.0002                           0.0502                           0.0513                                      0.1253
          Produtividade Total dos Fatores │           1.0                           0.0                             0.0                              0.0                              0.0                                         0.0
                  Dívida bruta do governo │        0.2926                        0.1981                          0.0002                           0.1714                           0.1575                                        0.18
                           Receita fiscal │        0.0896                        0.0778                             0.0                           0.1887                           0.3451                                      0.2987
            Taxa de imposto sobre consumo │           0.0                           0.0                             0.0                              1.0                              0.0                                         0.0
            Taxa de imposto sobre salário │           0.0                           0.0                             0.0                              0.0                              1.0                                         0.0
 Taxa de imposto sobre a renda do capital │           0.0                           0.0                             0.0                              0.0                              0.0                                         1.0
                         Imposto Lump-Sum │         0.513                        0.1457                          0.0004                           0.1441                           0.0703                                      0.1264
                           Gasto primário │           0.0                           1.0                             0.0                              0.0                              0.0                                         0.0
                 Consumo público corrente │           0.0                           1.0                             0.0                              0.0                              0.0                                         0.0
                     Investimento público │           0.0                           0.0                             1.0                              0.0                              0.0                                         0.0
                          Capital público │           0.0                           0.0                             1.0                              0.0                              0.0                                         0.0
                       Resultado primário │        0.0732                        0.2469                             0.0                           0.1541                           0.2818                                      0.2439
             Dívida como proporção do PIB │        0.5179                        0.1438                          0.0004                             0.14                           0.0724                                      0.1255
     Gasto primário como proporção do PIB │        0.7307                        0.1872                          0.0003                           0.0041                           0.0775                                      0.0003
     Receita fiscal como proporção do PIB │        0.4103                        0.0332                          0.0002                           0.1036                           0.3246                                      0.1281
 Resultado primário como proporção do PIB │        0.0583                        0.2428                             0.0                           0.1558                           0.3026                                      0.2404
──────────────────────────────────────────┴───────────────────────────────────────────────────────────────────────────────────────────────────────────────────────────────────────────────────────────────────────────────────────────

  CORRELATION MATRIX

──────────────────────────────────────────┬─────────────────────────────────────────────────────────────────────────────────────────────────────────────────────────────────────────────────────────────────────────────────────────────────────────────────────────────────────────────────────────────────────────────────────────────────────────────────────────────────────────────────────────────────────────────────────────────────────────────────────────────────────────────────────────────────────────────────────────────────────────────────────────────────────────────────────────────────────────────────────────────────────────────────────
                                          │ Consumo privado  Retorno do capital  Trabalho  Capital privado  Investimento privado  Produto  Taxa de salário  Taxa de retorno dos ativos financeiros  Produtividade Total dos Fatores  Dívida bruta do governo  Receita fiscal  Taxa de imposto sobre consumo  Taxa de imposto sobre salário  Taxa de imposto sobre a renda do capital  Imposto Lump-Sum  Gasto primário  Consumo público corrente  Investimento público  Capital público  Resultado primário  Dívida como proporção do PIB  Gasto primário como proporção do PIB  Receita fiscal como proporção do PIB  Resultado primário como proporção do PIB
────────────────────────────────────────────────────────────────────────────────────────────────────────────────────────────────────────────────────────────────────────────────────────────────────────────────────────────────────────────────────────────────────────────────────────────────────────────────────────────────────────────────────────────────────────────────────────────────────────────────────────────────────────────────────────────────────────────────────────────────────────────────────────────────────────────────────────────────────────────────────────────────────────────────────────────────────────────────────────────────
                          Consumo privado │             1.0             -0.0315    0.2068           0.8162                0.1855   0.6851           0.7358                                 -0.2955                           0.4952                  -0.3312         -0.1943                        -0.4126                         -0.098                                    0.0268           -0.5728         -0.2857                   -0.2857                0.0036           0.0221             -0.0466                       -0.5662                               -0.7417                               -0.6322                                    -0.116
                       Retorno do capital │         -0.0315                 1.0    0.7984          -0.1838                0.8261   0.5696            0.065                                  0.8698                           0.7136                   0.2558          0.0186                        -0.0691                        -0.3002                                   -0.0118             0.064          0.0046                    0.0046                0.0041           0.0032              0.0148                       -0.0195                               -0.5115                               -0.4097                                   -0.0434
                                 Trabalho │          0.2068              0.7984       1.0           0.1006                 0.755   0.6641           0.0154                                  0.5562                           0.5441                    0.228         -0.3369                        -0.1149                        -0.7876                                   -0.0363           -0.0411          0.0074                    0.0074                0.0012           0.0017             -0.3078                       -0.0825                               -0.5955                               -0.7083                                   -0.3727
                          Capital privado │          0.8162             -0.1838    0.1006              1.0                0.2912   0.7013           0.8501                                  -0.481                           0.4739                  -0.4065         -0.0431                         0.0965                        -0.1035                                   -0.0135           -0.6534          -0.006                    -0.006                0.0007           0.0186             -0.0362                       -0.6369                               -0.6349                               -0.5469                                   -0.1073
                     Investimento privado │          0.1855              0.8261     0.755           0.2912                   1.0   0.8208           0.4388                                    0.57                           0.8598                   0.0196          0.1025                         0.3155                        -0.3386                                   -0.0443           -0.2452         -0.0178                   -0.0178                0.0021           0.0071              0.1006                       -0.3247                               -0.7477                               -0.5418                                    0.0161
                                  Produto │          0.6851              0.5696    0.6641           0.7013                0.8208      1.0           0.7578                                  0.2277                           0.9123                  -0.1496         -0.0402                        -0.0258                        -0.3004                                   -0.0153           -0.4982          0.0016                    0.0016                0.0038           0.0185             -0.0371                       -0.5429                               -0.9009                               -0.7663                                   -0.1386
                          Taxa de salário │          0.7358               0.065    0.0154           0.8501                0.4388   0.7578              1.0                                 -0.1809                           0.7452                  -0.3991          0.2402                         0.0657                         0.2856                                    0.0113           -0.6304         -0.0044                   -0.0044                0.0041           0.0233               0.219                       -0.6541                               -0.6851                               -0.4066                                    0.1399
   Taxa de retorno dos ativos financeiros │         -0.2955              0.8698    0.5562           -0.481                  0.57   0.2277          -0.1809                                     1.0                            0.454                   0.3862         -0.0767                        -0.1137                        -0.0912                                   -0.3529            0.2957          0.0073                    0.0073                 0.007           0.0036             -0.0727                        0.2333                               -0.2021                               -0.2179                                   -0.0952
          Produtividade Total dos Fatores │          0.4952              0.7136    0.5441           0.4739                0.8598   0.9123           0.7452                                   0.454                              1.0                  -0.1092          0.1811                            0.0                            0.0                                      -0.0           -0.3996             0.0                       0.0                  -0.0              0.0              0.1636                        -0.472                               -0.8225                                -0.559                                    0.0693
                  Dívida bruta do governo │         -0.3312              0.2558     0.228          -0.4065                0.0196  -0.1496          -0.3991                                  0.3862                          -0.1092                      1.0          0.2602                        -0.1417                        -0.1948                                   -0.1832            0.9201          0.1994                    0.1994               -0.0002          -0.0105              0.1452                        0.9116                                0.2215                                0.2781                                    0.1591
                           Receita fiscal │         -0.1943              0.0186   -0.3369          -0.0431                0.1025  -0.0402           0.2402                                 -0.0767                           0.1811                   0.2602             1.0                         0.3736                          0.517                                    0.4723            0.3092          0.0252                    0.0252                0.0014           0.0001              0.8923                        0.2378                                0.0472                                0.6729                                    0.8884
            Taxa de imposto sobre consumo │         -0.4126             -0.0691   -0.1149           0.0965                0.3155  -0.0258           0.0657                                 -0.1137                              0.0                  -0.1417          0.3736                            1.0                            0.0                                       0.0             -0.08             0.0                      -0.0                   0.0             -0.0              0.3376                       -0.1096                                0.0233                                0.2593                                    0.3372
            Taxa de imposto sobre salário │          -0.098             -0.3002   -0.7876          -0.1035               -0.3386  -0.3004           0.2856                                 -0.0912                              0.0                  -0.1948           0.517                            0.0                            1.0                                      -0.0           -0.0296            -0.0                       0.0                   0.0             -0.0              0.4672                       -0.0406                                0.2708                                0.5549                                    0.4937
 Taxa de imposto sobre a renda do capital │          0.0268             -0.0118   -0.0363          -0.0135               -0.0443  -0.0153           0.0113                                 -0.3529                             -0.0                  -0.1832          0.4723                            0.0                           -0.0                                       1.0           -0.1089             0.0                       0.0                   0.0             -0.0              0.4268                       -0.1492                                0.0138                                 0.315                                    0.4245
                         Imposto Lump-Sum │         -0.5728               0.064   -0.0411          -0.6534               -0.2452  -0.4982          -0.6304                                  0.2957                          -0.3996                   0.9201          0.3092                          -0.08                        -0.0296                                   -0.1089               1.0          0.1269                    0.1269               -0.0013          -0.0167              0.2221                        0.9887                                0.5042                                0.5677                                    0.2709
                           Gasto primário │         -0.2857              0.0046    0.0074           -0.006               -0.0178   0.0016          -0.0044                                  0.0073                              0.0                   0.1994          0.0252                            0.0                           -0.0                                       0.0            0.1269             1.0                       1.0                 0.001           0.0003             -0.4287                        0.1687                                0.4327                                0.0151                                   -0.4251
                 Consumo público corrente │         -0.2857              0.0046    0.0074           -0.006               -0.0178   0.0016          -0.0044                                  0.0073                              0.0                   0.1994          0.0252                           -0.0                            0.0                                       0.0            0.1269             1.0                       1.0                   0.0             -0.0             -0.4287                        0.1687                                0.4327                                0.0151                                   -0.4251
                     Investimento público │          0.0036              0.0041    0.0012           0.0007                0.0021   0.0038           0.0041                                   0.007                             -0.0                  -0.0002          0.0014                            0.0                            0.0                                       0.0           -0.0013           0.001                       0.0                0.9999           0.3041              0.0008                       -0.0018                                -0.003                               -0.0019                                    0.0004
                          Capital público │          0.0221              0.0032    0.0017           0.0186                0.0071   0.0185           0.0233                                  0.0036                              0.0                  -0.0105          0.0001                           -0.0                           -0.0                                      -0.0           -0.0167          0.0003                      -0.0                0.3041              1.0             -0.0001                       -0.0166                               -0.0166                               -0.0137                                    -0.002
                       Resultado primário │         -0.0466              0.0148   -0.3078          -0.0362                0.1006  -0.0371            0.219                                 -0.0727                           0.1636                   0.1452          0.8923                         0.3376                         0.4672                                    0.4268            0.2221         -0.4287                   -0.4287                0.0008          -0.0001                 1.0                        0.1387                               -0.1527                                0.6013                                    0.9948
             Dívida como proporção do PIB │         -0.5662             -0.0195   -0.0825          -0.6369               -0.3247  -0.5429          -0.6541                                  0.2333                           -0.472                   0.9116          0.2378                        -0.1096                        -0.0406                                   -0.1492            0.9887          0.1687                    0.1687               -0.0018          -0.0166              0.1387                           1.0                                0.5627                                0.5548                                    0.1928
     Gasto primário como proporção do PIB │         -0.7417             -0.5115   -0.5955          -0.6349               -0.7477  -0.9009          -0.6851                                 -0.2021                          -0.8225                   0.2215          0.0472                         0.0233                         0.2708                                    0.0138            0.5042          0.4327                    0.4327                -0.003          -0.0166             -0.1527                        0.5627                                   1.0                                0.6973                                   -0.0596
     Receita fiscal como proporção do PIB │         -0.6322             -0.4097   -0.7083          -0.5469               -0.5418  -0.7663          -0.4066                                 -0.2179                           -0.559                   0.2781          0.6729                         0.2593                         0.5549                                     0.315            0.5677          0.0151                    0.0151               -0.0019          -0.0137              0.6013                        0.5548                                0.6973                                   1.0                                    0.6739
 Resultado primário como proporção do PIB │          -0.116             -0.0434   -0.3727          -0.1073                0.0161  -0.1386           0.1399                                 -0.0952                           0.0693                   0.1591          0.8884                         0.3372                         0.4937                                    0.4245            0.2709         -0.4251                   -0.4251                0.0004           -0.002              0.9948                        0.1928                               -0.0596                                0.6739                                       1.0
──────────────────────────────────────────┴─────────────────────────────────────────────────────────────────────────────────────────────────────────────────────────────────────────────────────────────────────────────────────────────────────────────────────────────────────────────────────────────────────────────────────────────────────────────────────────────────────────────────────────────────────────────────────────────────────────────────────────────────────────────────────────────────────────────────────────────────────────────────────────────────────────────────────────────────────────────────────────────────────────────────────

  AUTOCORRELATION COEFFICIENTS

──────────────────────────────────────────┬────────────────────────────────────────
                                          │   1       2       3       4       5
───────────────────────────────────────────────────────────────────────────────────
                          Consumo privado │ 0.8093  0.7073  0.6416  0.5912  0.5477
                       Retorno do capital │ 0.6231  0.3857  0.2326  0.1325  0.0668
                                 Trabalho │ 0.4741  0.2238  0.0983  0.0322  -0.004
                          Capital privado │ 0.9829  0.9467  0.8999   0.848  0.7942
                     Investimento privado │ 0.5798  0.3329   0.182  0.0874  0.0275
                                  Produto │ 0.7555  0.5928  0.4794  0.3975  0.3365
                          Taxa de salário │  0.854  0.7561  0.6819  0.6207  0.5678
   Taxa de retorno dos ativos financeiros │ 0.7006  0.5147  0.3927  0.3093  0.2501
          Produtividade Total dos Fatores │   0.69  0.4761  0.3285  0.2267  0.1564
                  Dívida bruta do governo │ 0.9749  0.9283  0.8744  0.8194   0.766
                           Receita fiscal │ 0.4886   0.255  0.1475  0.0969  0.0719
            Taxa de imposto sobre consumo │   0.41  0.1681  0.0689  0.0283  0.0116
            Taxa de imposto sobre salário │   0.41  0.1681  0.0689  0.0283  0.0116
 Taxa de imposto sobre a renda do capital │   0.41  0.1681  0.0689  0.0283  0.0116
                         Imposto Lump-Sum │  0.975  0.9301  0.8796  0.8299  0.7831
                           Gasto primário │   0.47  0.2209  0.1038  0.0488  0.0229
                 Consumo público corrente │   0.47  0.2209  0.1038  0.0488  0.0229
                     Investimento público │   0.47  0.2209  0.1038  0.0488  0.0229
                          Capital público │ 0.9863  0.9606  0.9298  0.8974   0.865
                       Resultado primário │  0.449  0.1952  0.0796  0.0277  0.0049
             Dívida como proporção do PIB │  0.943  0.8844  0.8299  0.7805  0.7359
     Gasto primário como proporção do PIB │ 0.7026  0.5239  0.4099   0.333  0.2785
     Receita fiscal como proporção do PIB │ 0.5983  0.3961  0.2914  0.2353   0.204
 Resultado primário como proporção do PIB │ 0.4454  0.1912  0.0769  0.0269  0.0063
──────────────────────────────────────────┴────────────────────────────────────────

2026-01-02T18:05:46.920: End parse_statements!
2026-01-02T18:05:46.921: End parser
The number of labels is different than the number of variables to be plotted
The number of labels is different than the number of variables to be plotted
The number of labels is different than the number of variables to be plotted
The number of labels is different than the number of variables to be plotted
