Dynare version: 0.10.4
2026-01-02T18:06:13.657: Starting @dynare RBC_fiscal_anunciado.mod
["RBC_fiscal_anunciado.mod", "language=julia", "json=compute", "notmpterms"]
Dynare preprocessor version: 7.0.0+0
2026-01-02T18:06:13.681: End of preprocessing
2026-01-02T18:06:13.690: Start parse_statements!
  Steady state

──────────────────────────────────────────┬──────────
             Consumo privado              │ 0.284834
                       Retorno do capital │   0.1022
                                 Trabalho │    0.475
                          Capital privado │   2.7967
                     Investimento privado │   0.1048
                                  Produto │   0.6382
                          Taxa de salário │   0.7417
   Taxa de retorno dos ativos financeiros │   0.0494
          Produtividade Total dos Fatores │      1.0
                  Dívida bruta do governo │   0.5512
                           Receita fiscal │   0.2758
            Taxa de imposto sobre consumo │    0.162
            Taxa de imposto sobre salário │     0.15
 Taxa de imposto sobre a renda do capital │     0.15
                         Imposto Lump-Sum │    0.134
                           Gasto primário │   0.2486
                 Consumo público corrente │   0.2483
                     Investimento público │   0.0003
                          Capital público │   0.0068
                       Resultado primário │   0.0272
             Dívida como proporção do PIB │   0.8637
     Gasto primário como proporção do PIB │   0.3895
     Receita fiscal como proporção do PIB │   0.4322
 Resultado primário como proporção do PIB │   0.0427
──────────────────────────────────────────┴──────────

  Coefficients of approximate solution function (reduced form)

──────────────────────────────────────────────┬─────────────────────────────────────────────────────────────────────────────────────────────────────────────────────────────────────────────────────────────────────────────────────────────────────────────────────────────────────────────────────────────────────────────────────────────────────────────────────────────────────────────────────────────────────────────────────────────────────────────────────────────────────────────────────────────────────────────────────────────────────────────────────────────────────────────────────────────────────────────────────────────────────────────────────────────────────────────────────────────────────────────────────────────────────────────────────────────────
                                              │ Consumo privado_t  Retorno do capital_t  Trabalho_t  Capital privado_t  Investimento privado_t  Produto_t  Taxa de salário_t  Taxa de retorno dos ativos financeiros_t  Produtividade Total dos Fatores_t  Dívida bruta do governo_t  Receita fiscal_t  Taxa de imposto sobre consumo_t  Taxa de imposto sobre salário_t  Taxa de imposto sobre a renda do capital_t  Imposto Lump-Sum_t  Gasto primário_t  Consumo público corrente_t  Investimento público_t  Capital público_t  Resultado primário_t  Dívida como proporção do PIB_t  Gasto primário como proporção do PIB_t  Receita fiscal como proporção do PIB_t  Resultado primário como proporção do PIB_t  AUX_EXO_LAG_28_0_t  AUX_EXO_LAG_28_1_t  AUX_EXO_LAG_28_2_t
────────────────────────────────────────────────────────────────────────────────────────────────────────────────────────────────────────────────────────────────────────────────────────────────────────────────────────────────────────────────────────────────────────────────────────────────────────────────────────────────────────────────────────────────────────────────────────────────────────────────────────────────────────────────────────────────────────────────────────────────────────────────────────────────────────────────────────────────────────────────────────────────────────────────────────────────────────────────────────────────────────────────────────────────────────────────────────────────────────────────────────────────────────────────
                           ϕ(Capital privado) │            0.0892               -0.0266     -0.0537             0.9357                 -0.0268     0.0624             0.1564                                   -0.0211                                0.0                    -0.0197            0.0197                              0.0                              0.0                                         0.0             -0.0041               0.0                         0.0                     0.0                0.0                0.0197                         -0.1152                                 -0.0381                                 -0.0114                                      0.0266                 0.0                 0.0                 0.0
    ϕ(Taxa de retorno dos ativos financeiros) │              -0.0                   0.0         0.0                0.0                     0.0        0.0                0.0                                       0.0                                0.0                     0.5218            0.0294                              0.0                              0.0                                         0.0              0.0294              -0.0                         0.0                     0.0                0.0                0.0294                          0.8176                                    -0.0                                  0.0461                                      0.0461                 0.0                 0.0                 0.0
           ϕ(Produtividade Total dos Fatores) │            0.0923                0.0858      0.1285             0.4434                  0.4434     0.5357             0.4219                                    0.0403                               0.69                    -0.0655            0.0655                              0.0                              0.0                                         0.0             -0.0298               0.0                         0.0                     0.0                0.0                0.0655                         -0.8276                                 -0.3269                                 -0.2601                                      0.0668                 0.0                 0.0                 0.0
                   ϕ(Dívida bruta do governo) │              -0.0                   0.0        -0.0               -0.0                    -0.0       -0.0               -0.0                                       0.0                                0.0                     0.9934             0.056                              0.0                              0.0                                         0.0               0.056              -0.0                         0.0                     0.0                0.0                 0.056                          1.5565                                    -0.0                                  0.0878                                      0.0878                 0.0                 0.0                 0.0
             ϕ(Taxa de imposto sobre consumo) │           -0.0879               -0.0018     -0.0156             0.0763                  0.0763    -0.0115             0.0109                                   -0.0024                               -0.0                     -0.096             0.096                             0.41                              0.0                                         0.0             -0.0049               0.0                        -0.0                    -0.0               -0.0                 0.096                         -0.1347                                   0.007                                  0.1582                                      0.1511                 0.0                 0.0                 0.0
             ϕ(Taxa de imposto sobre salário) │           -0.0133               -0.0182      -0.153            -0.1002                 -0.1002    -0.1135              0.107                                   -0.0041                               -0.0                    -0.1238            0.1238                             -0.0                             0.41                                         0.0             -0.0015               0.0                         0.0                     0.0                0.0                0.1238                         -0.0404                                  0.0693                                  0.2708                                      0.2016                 0.0                 0.0                 0.0
  ϕ(Taxa de imposto sobre a renda do capital) │            0.0061               -0.0009     -0.0076            -0.0118                 -0.0118    -0.0056             0.0053                                   -0.0172                               -0.0                    -0.1114            0.1114                             -0.0                              0.0                                        0.41              -0.006               0.0                         0.0                    -0.0                0.0                0.1114                         -0.1669                                  0.0034                                  0.1783                                      0.1749                 0.0                 0.0                 0.0
                          ϕ(Imposto Lump-Sum) │              -0.0                  -0.0         0.0                0.0                     0.0        0.0               -0.0                                       0.0                               -0.0                    -0.3881            0.3881                              0.0                              0.0                                         0.0              0.3881               0.0                         0.0                     0.0                0.0                0.3881                         -0.6081                                     0.0                                  0.6081                                      0.6081                 0.0                 0.0                 0.0
                  ϕ(Consumo público corrente) │           -0.0643                0.0094      0.0793            -0.3469                 -0.3469     0.0588            -0.0555                                    0.0116                               -0.0                     0.4491            0.0209                              0.0                              0.0                                         0.0              0.0225              0.47                        0.47                     0.0                0.0               -0.4491                          0.6241                                  0.7005                                 -0.0071                                     -0.7077                 0.0                 0.0                 0.0
                      ϕ(Investimento público) │            3.1361                0.5337     -1.4438            -0.2741                 -0.2741      3.332             6.1265                                    0.7951                                0.0                    -0.3555            0.8255                              0.0                              0.0                                         0.0             -0.1824              0.47                         0.0                    0.47               0.47                0.3555                         -5.0662                                 -1.2971                                  -0.963                                      0.3341                 0.0                 0.0                 0.0
                           ϕ(Capital público) │            4.0476                1.4409      -0.029             4.9475                  4.9475     8.9951            10.4986                                    1.0672                                0.0                    -1.4831            1.4831                              0.0                              0.0                                         0.0             -0.5219               0.0                         0.0                     0.0             0.9625                1.4831                         -14.497                                 -5.4897                                 -3.7676                                      1.7221                 0.0                 0.0                 0.0
                          ϕ(AUX_EXO_LAG_28_0) │           -0.0164                0.0024      0.0202             0.0314                  0.0314      0.015            -0.0141                                    0.0016                               -0.0                     0.0011           -0.0011                              0.0                              0.0                                         0.0             -0.0007              -0.0                        -0.0                    -0.0               -0.0               -0.0011                         -0.0186                                 -0.0091                                 -0.0118                                     -0.0027                -0.0                 1.0                 0.0
                          ϕ(AUX_EXO_LAG_28_1) │           -0.0187                0.0027      0.0231             0.0359                  0.0359     0.0171            -0.0162                                   -0.0385                               -0.0                     0.0012           -0.0012                             -0.0                              0.0                                         0.0             -0.0008               0.0                        -0.0                     0.0                0.0               -0.0012                         -0.0213                                 -0.0105                                 -0.0135                                     -0.0031                 0.0                 0.0                 1.0
                          ϕ(AUX_EXO_LAG_28_2) │           -0.0324               -0.0443     -0.3732            -0.2444                 -0.2444    -0.2768             0.2611                                   -0.0099                               -0.0                     -0.302             0.302                             -0.0                              1.0                                         0.0             -0.0035               0.0                         0.0                     0.0                0.0                 0.302                         -0.0986                                  0.1689                                  0.6606                                      0.4917                 0.0                 0.0                -0.0
                              Choque de PTF_t │            0.1337                0.1244      0.1863             0.6426                  0.6426     0.7764             0.6114                                    0.0584                                1.0                    -0.0949            0.0949                             -0.0                              0.0                                         0.0             -0.0432               0.0                         0.0                     0.0               -0.0                0.0949                         -1.1994                                 -0.4738                                  -0.377                                      0.0968                -0.0                 0.0                -0.0
               Choque no Consumo do Governo_t │            -0.034                 0.005      0.0419            -0.1833                 -0.1833     0.0311            -0.0293                                    0.0061                               -0.0                     0.2373             0.011                             -0.0                             -0.0                                         0.0              0.0119            0.2483                      0.2483                     0.0               -0.0               -0.2373                          0.3298                                  0.3701                                 -0.0038                                     -0.3739                -0.0                 0.0                -0.0
             Choque de investimento público_t │            0.0017                0.0003     -0.0008            -0.0001                 -0.0001     0.0018             0.0033                                    0.0004                                0.0                    -0.0002            0.0004                             -0.0                              0.0                                         0.0             -0.0001            0.0003                        -0.0                  0.0003             0.0003                0.0002                         -0.0028                                 -0.0007                                 -0.0005                                      0.0002                -0.0                 0.0                -0.0
            Choque de imposto sobre consumo_t │           -0.2143               -0.0045      -0.038             0.1862                  0.1862    -0.0282             0.0266                                   -0.0058                               -0.0                    -0.2341            0.2341                              1.0                              0.0                                         0.0             -0.0118              -0.0                        -0.0                     0.0                0.0                0.2341                         -0.3286                                  0.0172                                  0.3858                                      0.3686                -0.0                 0.0                -0.0
            Choque de imposto sobre salário_t │           -0.0143                0.0021      0.0177             0.0274                  0.0274     0.0131            -0.0123                                    0.0014                               -0.0                     0.0009           -0.0009                             -0.0                              0.0                                         0.0             -0.0006               0.0                         0.0                     0.0               -0.0               -0.0009                         -0.0162                                  -0.008                                 -0.0103                                     -0.0023                 1.0                -0.0                -0.0
 Choque de imposto sobre a renda do capital_t │             0.015               -0.0022     -0.0185            -0.0287                 -0.0287    -0.0137             0.0129                                    -0.042                               -0.0                    -0.2716            0.2716                             -0.0                              0.0                                         1.0             -0.0147              -0.0                        -0.0                     0.0                0.0                0.2716                         -0.4071                                  0.0084                                  0.4349                                      0.4265                -0.0                 0.0                -0.0
──────────────────────────────────────────────┴─────────────────────────────────────────────────────────────────────────────────────────────────────────────────────────────────────────────────────────────────────────────────────────────────────────────────────────────────────────────────────────────────────────────────────────────────────────────────────────────────────────────────────────────────────────────────────────────────────────────────────────────────────────────────────────────────────────────────────────────────────────────────────────────────────────────────────────────────────────────────────────────────────────────────────────────────────────────────────────────────────────────────────────────────────────────────────────────────

  Note: ϕ(x) = x_{t-1} - steady_state(x)

  THEORETICAL MOMENTS

──────────────────────────────────────────┬─────────────────────────────
                 VARIABLE                 │  MEAN   STD. DEV.  VARIANCE
────────────────────────────────────────────────────────────────────────
                          Consumo privado │ 0.2848     0.0063       0.0
                       Retorno do capital │ 0.1022      0.002       0.0
                                 Trabalho │  0.475     0.0053       0.0
                          Capital privado │ 2.7967     0.0565    0.0032
                     Investimento privado │ 0.1048     0.0094    0.0001
                                  Produto │ 0.6382     0.0127    0.0002
                          Taxa de salário │ 0.7417     0.0143    0.0002
   Taxa de retorno dos ativos financeiros │ 0.0494     0.0014       0.0
          Produtividade Total dos Fatores │    1.0     0.0138    0.0002
                  Dívida bruta do governo │ 0.5512     0.0439    0.0019
                           Receita fiscal │ 0.2758     0.0062       0.0
            Taxa de imposto sobre consumo │  0.162      0.011    0.0001
            Taxa de imposto sobre salário │   0.15      0.011    0.0001
 Taxa de imposto sobre a renda do capital │   0.15      0.011    0.0001
                         Imposto Lump-Sum │  0.134     0.0045       0.0
                           Gasto primário │ 0.2486     0.0028       0.0
                 Consumo público corrente │ 0.2483     0.0028       0.0
                     Investimento público │ 0.0003        0.0       0.0
                          Capital público │ 0.0068        0.0       0.0
                       Resultado primário │ 0.0272     0.0067       0.0
             Dívida como proporção do PIB │ 0.8637     0.0738    0.0054
     Gasto primário como proporção do PIB │ 0.3895     0.0088    0.0001
     Receita fiscal como proporção do PIB │ 0.4322      0.013    0.0002
 Resultado primário como proporção do PIB │ 0.0427     0.0105    0.0001
──────────────────────────────────────────┴─────────────────────────────

  VARIANCE DECOMPOSITION (in percent)

──────────────────────────────────────────┬───────────────────────────────────────────────────────────────────────────────────────────────────────────────────────────────────────────────────────────────────────────────────────────
                 VARIABLE                 │ Choque de PTF  Choque no Consumo do Governo  Choque de investimento público  Choque de imposto sobre consumo  Choque de imposto sobre salário  Choque de imposto sobre a renda do capital
──────────────────────────────────────────────────────────────────────────────────────────────────────────────────────────────────────────────────────────────────────────────────────────────────────────────────────────────────────
                          Consumo privado │        0.8134                        0.0244                          0.0006                           0.1388                           0.0218                                      0.0009
                       Retorno do capital │        0.8924                        0.0184                          0.0001                           0.0153                           0.0734                                      0.0004
                                 Trabalho │        0.3653                        0.0202                          0.0001                           0.0159                            0.597                                      0.0015
                          Capital privado │        0.9216                        0.0279                          0.0004                           0.0235                            0.026                                      0.0006
                     Investimento privado │        0.8214                        0.0472                             0.0                            0.046                           0.0843                                      0.0011
                                  Produto │        0.9338                        0.0025                          0.0003                           0.0021                           0.0611                                      0.0002
                          Taxa de salário │        0.9287                        0.0121                          0.0006                           0.0101                           0.0483                                      0.0003
   Taxa de retorno dos ativos financeiros │        0.7315                        0.0264                          0.0001                           0.0219                           0.1088                                      0.1112
          Produtividade Total dos Fatores │           1.0                           0.0                             0.0                              0.0                              0.0                                         0.0
                  Dívida bruta do governo │        0.3991                        0.1817                          0.0003                            0.145                           0.1335                                      0.1404
                           Receita fiscal │        0.1442                        0.0664                          0.0001                           0.2067                           0.3182                                      0.2644
            Taxa de imposto sobre consumo │           0.0                           0.0                             0.0                              1.0                              0.0                                         0.0
            Taxa de imposto sobre salário │           0.0                           0.0                             0.0                              0.0                              1.0                                         0.0
 Taxa de imposto sobre a renda do capital │           0.0                           0.0                             0.0                              0.0                              0.0                                         1.0
                         Imposto Lump-Sum │        0.4834                        0.1658                          0.0004                           0.1324                            0.098                                        0.12
                           Gasto primário │           0.0                           1.0                             0.0                              0.0                              0.0                                         0.0
                 Consumo público corrente │           0.0                           1.0                             0.0                              0.0                              0.0                                         0.0
                     Investimento público │           0.0                           0.0                             1.0                              0.0                              0.0                                         0.0
                          Capital público │           0.0                           0.0                             1.0                              0.0                              0.0                                         0.0
                       Resultado primário │         0.124                        0.1977                          0.0001                           0.1776                           0.2735                                      0.2272
             Dívida como proporção do PIB │        0.4845                        0.1646                          0.0004                           0.1316                           0.0987                                      0.1203
     Gasto primário como proporção do PIB │        0.7163                        0.2348                          0.0002                           0.0016                           0.0469                                      0.0002
     Receita fiscal como proporção do PIB │        0.3527                        0.0481                          0.0002                           0.1324                            0.314                                      0.1525
 Resultado primário como proporção do PIB │        0.1087                        0.1988                          0.0001                           0.1785                            0.288                                       0.226
──────────────────────────────────────────┴───────────────────────────────────────────────────────────────────────────────────────────────────────────────────────────────────────────────────────────────────────────────────────────

  CORRELATION MATRIX

──────────────────────────────────────────┬─────────────────────────────────────────────────────────────────────────────────────────────────────────────────────────────────────────────────────────────────────────────────────────────────────────────────────────────────────────────────────────────────────────────────────────────────────────────────────────────────────────────────────────────────────────────────────────────────────────────────────────────────────────────────────────────────────────────────────────────────────────────────────────────────────────────────────────────────────────────────────────────────────────────────────
                                          │ Consumo privado  Retorno do capital  Trabalho  Capital privado  Investimento privado  Produto  Taxa de salário  Taxa de retorno dos ativos financeiros  Produtividade Total dos Fatores  Dívida bruta do governo  Receita fiscal  Taxa de imposto sobre consumo  Taxa de imposto sobre salário  Taxa de imposto sobre a renda do capital  Imposto Lump-Sum  Gasto primário  Consumo público corrente  Investimento público  Capital público  Resultado primário  Dívida como proporção do PIB  Gasto primário como proporção do PIB  Receita fiscal como proporção do PIB  Resultado primário como proporção do PIB
────────────────────────────────────────────────────────────────────────────────────────────────────────────────────────────────────────────────────────────────────────────────────────────────────────────────────────────────────────────────────────────────────────────────────────────────────────────────────────────────────────────────────────────────────────────────────────────────────────────────────────────────────────────────────────────────────────────────────────────────────────────────────────────────────────────────────────────────────────────────────────────────────────────────────────────────────────────────────────────────
                          Consumo privado │             1.0             -0.1817   -0.1778           0.9001                0.3218   0.7197           0.8457                                 -0.4349                           0.5361                  -0.4066         -0.2107                        -0.3525                        -0.0627                                     0.023           -0.5456         -0.0855                   -0.0855                0.0048           0.0236             -0.1594                        -0.546                                -0.673                               -0.6328                                   -0.2166
                       Retorno do capital │         -0.1817                 1.0    0.7871          -0.3543                0.7328   0.4655           0.0219                                  0.8334                           0.6404                   0.3616          0.1311                        -0.0435                         -0.241                                   -0.0094            0.2724          0.0522                    0.0522                0.0034           0.0018              0.0996                        0.2288                               -0.3816                               -0.2091                                    0.0617
                                 Trabalho │         -0.1778              0.7871       1.0          -0.3148                0.5384   0.3351          -0.2365                                  0.6205                           0.3093                   0.3796         -0.2625                         -0.092                        -0.7647                                    -0.036            0.2855          0.1068                    0.1068               -0.0018           -0.009             -0.2882                        0.2759                               -0.2401                               -0.4177                                   -0.3139
                          Capital privado │          0.9001             -0.3543   -0.3148              1.0                0.3041    0.661            0.865                                 -0.6002                           0.4434                   -0.502          -0.103                         0.0586                        -0.0551                                    -0.009           -0.6199         -0.0656                   -0.0656                0.0003           0.0153             -0.0679                       -0.6212                               -0.6117                               -0.5135                                   -0.1208
                     Investimento privado │          0.3218              0.7328    0.5384           0.3041                   1.0    0.856           0.5694                                  0.4055                           0.8944                  -0.0033          0.1229                         0.2131                        -0.2835                                   -0.0329           -0.1482         -0.2157                   -0.2157                0.0011           0.0066              0.2046                       -0.2019                               -0.8575                                -0.473                                     0.135
                                  Produto │          0.7197              0.4655    0.3351            0.661                 0.856      1.0           0.8362                                  0.1014                           0.9325                    -0.18         -0.0036                        -0.0177                         -0.242                                   -0.0129           -0.3658          0.0192                    0.0192                0.0034           0.0168             -0.0114                          -0.4                               -0.8662                               -0.6627                                   -0.0917
                          Taxa de salário │          0.8457              0.0219   -0.2365            0.865                0.5694   0.8362              1.0                                 -0.2566                           0.7817                  -0.4066          0.1491                         0.0353                         0.1956                                    0.0076           -0.5434         -0.0424                   -0.0424                0.0046           0.0225               0.156                       -0.5731                               -0.7535                               -0.4403                                    0.0881
   Taxa de retorno dos ativos financeiros │         -0.4349              0.8334    0.6205          -0.6002                0.4055   0.1014          -0.2566                                     1.0                           0.3224                    0.462          0.0201                        -0.0671                        -0.0723                                   -0.3329            0.4292          0.0775                    0.0775                0.0054           0.0016              -0.014                        0.4069                               -0.0501                               -0.0519                                    -0.022
          Produtividade Total dos Fatores │          0.5361              0.6404    0.3093           0.4434                0.8944   0.9325           0.7817                                  0.3224                              1.0                  -0.0868          0.1963                           -0.0                           -0.0                                      -0.0           -0.2475             0.0                      -0.0                   0.0             -0.0               0.182                       -0.2975                               -0.8167                               -0.4685                                    0.1063
                  Dívida bruta do governo │         -0.4066              0.3616    0.3796           -0.502               -0.0033    -0.18          -0.4066                                   0.462                          -0.0868                      1.0          0.3877                        -0.0988                        -0.1324                                   -0.1161            0.9772          0.1149                    0.1149               -0.0002          -0.0101              0.3111                        0.9735                                0.2151                                0.4091                                    0.3243
                           Receita fiscal │         -0.2107              0.1311   -0.2625           -0.103                0.1229  -0.0036           0.1491                                  0.0201                           0.1963                   0.3877             1.0                         0.3943                         0.5025                                    0.4508            0.4144          0.0462                    0.0462                0.0013          -0.0004              0.9076                        0.3621                                0.0262                                0.7512                                    0.9042
            Taxa de imposto sobre consumo │         -0.3525             -0.0435    -0.092           0.0586                0.2131  -0.0177           0.0353                                 -0.0671                             -0.0                  -0.0988          0.3943                            1.0                           -0.0                                      -0.0           -0.0631             0.0                      -0.0                  -0.0              0.0              0.3655                       -0.0879                                0.0155                                 0.307                                    0.3655
            Taxa de imposto sobre salário │         -0.0627              -0.241   -0.7647          -0.0551               -0.2835   -0.242           0.1956                                 -0.0723                             -0.0                  -0.1324          0.5025                           -0.0                            1.0                                       0.0           -0.0494             0.0                      -0.0                   0.0              0.0              0.4658                       -0.0671                                 0.212                                 0.536                                    0.4834
 Taxa de imposto sobre a renda do capital │           0.023             -0.0094    -0.036           -0.009               -0.0329  -0.0129           0.0076                                 -0.3329                             -0.0                  -0.1161          0.4508                           -0.0                            0.0                                       1.0           -0.0754             0.0                       0.0                  -0.0              0.0              0.4179                       -0.1052                                0.0113                                0.3461                                    0.4172
                         Imposto Lump-Sum │         -0.5456              0.2724    0.2855          -0.6199               -0.1482  -0.3658          -0.5434                                  0.4292                          -0.2475                   0.9772          0.4144                        -0.0631                        -0.0494                                   -0.0754               1.0          0.0758                    0.0758               -0.0007          -0.0132              0.3523                        0.9955                                0.3583                                0.5518                                    0.3803
                           Gasto primário │         -0.0855              0.0522    0.1068          -0.0656               -0.2157   0.0192          -0.0424                                  0.0775                              0.0                   0.1149          0.0462                            0.0                            0.0                                       0.0            0.0758             1.0                       1.0                 0.001           0.0003             -0.3774                        0.1026                                0.4829                                0.0219                                   -0.3774
                 Consumo público corrente │         -0.0855              0.0522    0.1068          -0.0656               -0.2157   0.0192          -0.0424                                  0.0775                             -0.0                   0.1149          0.0462                           -0.0                           -0.0                                       0.0            0.0758             1.0                       1.0                   0.0             -0.0             -0.3774                        0.1026                                0.4829                                0.0219                                   -0.3774
                     Investimento público │          0.0048              0.0034   -0.0018           0.0003                0.0011   0.0034           0.0046                                  0.0054                              0.0                  -0.0002          0.0013                           -0.0                            0.0                                      -0.0           -0.0007           0.001                       0.0                   1.0           0.3041              0.0008                       -0.0009                               -0.0025                               -0.0013                                    0.0005
                          Capital público │          0.0236              0.0018    -0.009           0.0153                0.0066   0.0168           0.0225                                  0.0016                             -0.0                  -0.0101         -0.0004                            0.0                            0.0                                       0.0           -0.0132          0.0003                      -0.0                0.3041              1.0             -0.0005                       -0.0134                               -0.0145                               -0.0114                                   -0.0019
                       Resultado primário │         -0.1594              0.0996   -0.2882          -0.0679                0.2046  -0.0114            0.156                                  -0.014                            0.182                   0.3111          0.9076                         0.3655                         0.4658                                    0.4179            0.3523         -0.3774                   -0.3774                0.0008          -0.0005                 1.0                        0.2925                               -0.1786                                0.6872                                    0.9968
             Dívida como proporção do PIB │          -0.546              0.2288    0.2759          -0.6212               -0.2019     -0.4          -0.5731                                  0.4069                          -0.2975                   0.9735          0.3621                        -0.0879                        -0.0671                                   -0.1052            0.9955          0.1026                    0.1026               -0.0009          -0.0134              0.2925                           1.0                                0.4016                                0.5351                                    0.3235
     Gasto primário como proporção do PIB │          -0.673             -0.3816   -0.2401          -0.6117               -0.8575  -0.8662          -0.7535                                 -0.0501                          -0.8167                   0.2151          0.0262                         0.0155                          0.212                                    0.0113            0.3583          0.4829                    0.4829               -0.0025          -0.0145             -0.1786                        0.4016                                   1.0                                0.5914                                   -0.1082
     Receita fiscal como proporção do PIB │         -0.6328             -0.2091   -0.4177          -0.5135                -0.473  -0.6627          -0.4403                                 -0.0519                          -0.4685                   0.4091          0.7512                          0.307                          0.536                                    0.3461            0.5518          0.0219                    0.0219               -0.0013          -0.0114              0.6872                        0.5351                                0.5914                                   1.0                                    0.7376
 Resultado primário como proporção do PIB │         -0.2166              0.0617   -0.3139          -0.1208                 0.135  -0.0917           0.0881                                  -0.022                           0.1063                   0.3243          0.9042                         0.3655                         0.4834                                    0.4172            0.3803         -0.3774                   -0.3774                0.0005          -0.0019              0.9968                        0.3235                               -0.1082                                0.7376                                       1.0
──────────────────────────────────────────┴─────────────────────────────────────────────────────────────────────────────────────────────────────────────────────────────────────────────────────────────────────────────────────────────────────────────────────────────────────────────────────────────────────────────────────────────────────────────────────────────────────────────────────────────────────────────────────────────────────────────────────────────────────────────────────────────────────────────────────────────────────────────────────────────────────────────────────────────────────────────────────────────────────────────────────

  AUTOCORRELATION COEFFICIENTS

──────────────────────────────────────────┬────────────────────────────────────────
                                          │   1       2       3       4       5
───────────────────────────────────────────────────────────────────────────────────
                          Consumo privado │  0.886  0.8171  0.7657  0.7208  0.6788
                       Retorno do capital │ 0.6811  0.4725  0.3327  0.2405  0.1764
                                 Trabalho │ 0.5085  0.2826  0.1725  0.1383   0.114
                          Capital privado │ 0.9863  0.9568  0.9183  0.8751  0.8298
                     Investimento privado │  0.601  0.3594  0.2079  0.1187  0.0586
                                  Produto │ 0.7505  0.5836   0.468  0.3875  0.3278
                          Taxa de salário │ 0.8716  0.7784  0.7056  0.6477  0.5974
   Taxa de retorno dos ativos financeiros │ 0.7239  0.5644  0.4674  0.4004  0.3512
          Produtividade Total dos Fatores │   0.69  0.4761  0.3285  0.2267  0.1564
                  Dívida bruta do governo │ 0.9899  0.9708  0.9478  0.9232  0.8981
                           Receita fiscal │ 0.5447  0.3428  0.2512  0.2084   0.186
            Taxa de imposto sobre consumo │   0.41  0.1681  0.0689  0.0283  0.0116
            Taxa de imposto sobre salário │   0.41  0.1681  0.0689  0.0283  0.0116
 Taxa de imposto sobre a renda do capital │   0.41  0.1681  0.0689  0.0283  0.0116
                         Imposto Lump-Sum │ 0.9904  0.9716   0.949  0.9252  0.9013
                           Gasto primário │   0.47  0.2209  0.1038  0.0488  0.0229
                 Consumo público corrente │   0.47  0.2209  0.1038  0.0488  0.0229
                     Investimento público │   0.47  0.2209  0.1038  0.0488  0.0229
                          Capital público │ 0.9863  0.9606  0.9298  0.8974   0.865
                       Resultado primário │ 0.5174  0.2991  0.1987  0.1518   0.128
             Dívida como proporção do PIB │  0.979  0.9544  0.9293  0.9048   0.881
     Gasto primário como proporção do PIB │ 0.6914  0.5079  0.3927  0.3182  0.2661
     Receita fiscal como proporção do PIB │ 0.6014  0.4137  0.3223  0.2792  0.2551
 Resultado primário como proporção do PIB │ 0.5135  0.2951  0.1961  0.1514  0.1295
──────────────────────────────────────────┴────────────────────────────────────────

2026-01-02T18:06:15.623: End parse_statements!
2026-01-02T18:06:15.623: End parser
The number of labels is different than the number of variables to be plotted
