Dynare version: 0.10.4
2026-01-02T18:04:17.508: Starting @dynare RBC_fiscal.mod
["RBC_fiscal.mod", "language=julia", "json=compute", "notmpterms"]
Dynare preprocessor version: 7.0.0+0
2026-01-02T18:04:17.528: End of preprocessing
2026-01-02T18:04:17.537: Start parse_statements!
  Steady state

──────────────────────────────────────────┬──────────
             Consumo privado              │ 0.284834
                       Retorno do capital │   0.1022
                                 Trabalho │    0.475
                          Capital privado │   2.7967
                     Investimento privado │   0.1048
                                  Produto │   0.6382
                          Taxa de salário │   0.7417
   Taxa de retorno dos ativos financeiros │   0.0494
          Produtividade Total dos Fatores │      1.0
                  Dívida bruta do governo │   0.5512
                           Receita fiscal │   0.2758
            Taxa de imposto sobre consumo │    0.162
            Taxa de imposto sobre salário │     0.15
 Taxa de imposto sobre a renda do capital │     0.15
                         Imposto Lump-Sum │    0.134
                           Gasto primário │   0.2486
                 Consumo público corrente │   0.2483
                     Investimento público │   0.0003
                          Capital público │   0.0068
                       Resultado primário │   0.0272
             Dívida como proporção do PIB │   0.8637
     Gasto primário como proporção do PIB │   0.3895
     Receita fiscal como proporção do PIB │   0.4322
 Resultado primário como proporção do PIB │   0.0427
──────────────────────────────────────────┴──────────

  Coefficients of approximate solution function (reduced form)

──────────────────────────────────────────────┬─────────────────────────────────────────────────────────────────────────────────────────────────────────────────────────────────────────────────────────────────────────────────────────────────────────────────────────────────────────────────────────────────────────────────────────────────────────────────────────────────────────────────────────────────────────────────────────────────────────────────────────────────────────────────────────────────────────────────────────────────────────────────────────────────────────────────────────────────────────────────────────────────────────────────────────────────────────────────────────────────────
                                              │ Consumo privado_t  Retorno do capital_t  Trabalho_t  Capital privado_t  Investimento privado_t  Produto_t  Taxa de salário_t  Taxa de retorno dos ativos financeiros_t  Produtividade Total dos Fatores_t  Dívida bruta do governo_t  Receita fiscal_t  Taxa de imposto sobre consumo_t  Taxa de imposto sobre salário_t  Taxa de imposto sobre a renda do capital_t  Imposto Lump-Sum_t  Gasto primário_t  Consumo público corrente_t  Investimento público_t  Capital público_t  Resultado primário_t  Dívida como proporção do PIB_t  Gasto primário como proporção do PIB_t  Receita fiscal como proporção do PIB_t  Resultado primário como proporção do PIB_t
────────────────────────────────────────────────────────────────────────────────────────────────────────────────────────────────────────────────────────────────────────────────────────────────────────────────────────────────────────────────────────────────────────────────────────────────────────────────────────────────────────────────────────────────────────────────────────────────────────────────────────────────────────────────────────────────────────────────────────────────────────────────────────────────────────────────────────────────────────────────────────────────────────────────────────────────────────────────────────────────────────────────────────────────────────────────────
                           ϕ(Capital privado) │            0.0892               -0.0266     -0.0537             0.9357                 -0.0268     0.0624             0.1564                                   -0.0211                                0.0                    -0.0197            0.0197                              0.0                              0.0                                         0.0             -0.0041              -0.0                         0.0                     0.0                0.0                0.0197                         -0.1152                                 -0.0381                                 -0.0114                                      0.0266
    ϕ(Taxa de retorno dos ativos financeiros) │               0.0                  -0.0        -0.0               -0.0                    -0.0       -0.0                0.0                                      -0.0                                0.0                     0.5218            0.0294                              0.0                              0.0                                         0.0              0.0294               0.0                         0.0                     0.0                0.0                0.0294                          0.8176                                     0.0                                  0.0461                                      0.0461
           ϕ(Produtividade Total dos Fatores) │            0.0923                0.0858      0.1285             0.4434                  0.4434     0.5357             0.4219                                    0.0403                               0.69                    -0.0655            0.0655                              0.0                              0.0                                         0.0             -0.0298              -0.0                         0.0                     0.0                0.0                0.0655                         -0.8276                                 -0.3269                                 -0.2601                                      0.0668
                   ϕ(Dívida bruta do governo) │               0.0                  -0.0        -0.0               -0.0                    -0.0       -0.0                0.0                                      -0.0                                0.0                     0.9934             0.056                              0.0                              0.0                                         0.0               0.056               0.0                         0.0                     0.0                0.0                 0.056                          1.5565                                     0.0                                  0.0878                                      0.0878
             ϕ(Taxa de imposto sobre consumo) │           -0.0879               -0.0018     -0.0156             0.0763                  0.0763    -0.0115             0.0109                                   -0.0024                               -0.0                     -0.096             0.096                             0.41                              0.0                                         0.0             -0.0049               0.0                         0.0                     0.0                0.0                 0.096                         -0.1347                                   0.007                                  0.1582                                      0.1511
             ϕ(Taxa de imposto sobre salário) │           -0.0133               -0.0182      -0.153            -0.1002                 -0.1002    -0.1135              0.107                                   -0.0041                               -0.0                    -0.1238            0.1238                              0.0                             0.41                                         0.0             -0.0015               0.0                         0.0                     0.0                0.0                0.1238                         -0.0404                                  0.0693                                  0.2708                                      0.2016
  ϕ(Taxa de imposto sobre a renda do capital) │            0.0061               -0.0009     -0.0076            -0.0118                 -0.0118    -0.0056             0.0053                                   -0.0172                               -0.0                    -0.1114            0.1114                             -0.0                              0.0                                        0.41              -0.006              -0.0                         0.0                     0.0                0.0                0.1114                         -0.1669                                  0.0034                                  0.1783                                      0.1749
                          ϕ(Imposto Lump-Sum) │              -0.0                   0.0         0.0                0.0                     0.0        0.0                0.0                                       0.0                               -0.0                    -0.3881            0.3881                              0.0                              0.0                                         0.0              0.3881               0.0                         0.0                     0.0                0.0                0.3881                         -0.6081                                    -0.0                                  0.6081                                      0.6081
                  ϕ(Consumo público corrente) │           -0.0643                0.0094      0.0793            -0.3469                 -0.3469     0.0588            -0.0555                                    0.0116                                0.0                     0.4491            0.0209                              0.0                              0.0                                         0.0              0.0225              0.47                        0.47                     0.0                0.0               -0.4491                          0.6241                                  0.7005                                 -0.0071                                     -0.7077
                      ϕ(Investimento público) │            3.1361                0.5337     -1.4438            -0.2741                 -0.2741      3.332             6.1265                                    0.7951                                0.0                    -0.3555            0.8255                              0.0                              0.0                                         0.0             -0.1824              0.47                        -0.0                    0.47               0.47                0.3555                         -5.0662                                 -1.2971                                  -0.963                                      0.3341
                           ϕ(Capital público) │            4.0476                1.4409      -0.029             4.9475                  4.9475     8.9951            10.4986                                    1.0672                                0.0                    -1.4831            1.4831                              0.0                              0.0                                         0.0             -0.5219              -0.0                        -0.0                     0.0             0.9625                1.4831                         -14.497                                 -5.4897                                 -3.7676                                      1.7221
                              Choque de PTF_t │            0.1337                0.1244      0.1863             0.6426                  0.6426     0.7764             0.6114                                    0.0584                                1.0                    -0.0949            0.0949                             -0.0                              0.0                                         0.0             -0.0432               0.0                        -0.0                     0.0                0.0                0.0949                         -1.1994                                 -0.4738                                  -0.377                                      0.0968
               Choque no Consumo do Governo_t │            -0.034                 0.005      0.0419            -0.1833                 -0.1833     0.0311            -0.0293                                    0.0061                               -0.0                     0.2373             0.011                             -0.0                             -0.0                                         0.0              0.0119            0.2483                      0.2483                     0.0                0.0               -0.2373                          0.3298                                  0.3701                                 -0.0038                                     -0.3739
             Choque de investimento público_t │            0.0017                0.0003     -0.0008            -0.0001                 -0.0001     0.0018             0.0033                                    0.0004                                0.0                    -0.0002            0.0004                             -0.0                              0.0                                         0.0             -0.0001            0.0003                        -0.0                  0.0003             0.0003                0.0002                         -0.0028                                 -0.0007                                 -0.0005                                      0.0002
            Choque de imposto sobre consumo_t │           -0.2143               -0.0045      -0.038             0.1862                  0.1862    -0.0282             0.0266                                   -0.0058                               -0.0                    -0.2341            0.2341                              1.0                              0.0                                         0.0             -0.0118              -0.0                         0.0                     0.0               -0.0                0.2341                         -0.3286                                  0.0172                                  0.3858                                      0.3686
            Choque de imposto sobre salário_t │           -0.0324               -0.0443     -0.3732            -0.2444                 -0.2444    -0.2768             0.2611                                   -0.0099                               -0.0                     -0.302             0.302                             -0.0                              1.0                                         0.0             -0.0035              -0.0                        -0.0                     0.0                0.0                 0.302                         -0.0986                                  0.1689                                  0.6606                                      0.4917
 Choque de imposto sobre a renda do capital_t │             0.015               -0.0022     -0.0185            -0.0287                 -0.0287    -0.0137             0.0129                                    -0.042                               -0.0                    -0.2716            0.2716                             -0.0                              0.0                                         1.0             -0.0147              -0.0                         0.0                     0.0               -0.0                0.2716                         -0.4071                                  0.0084                                  0.4349                                      0.4265
──────────────────────────────────────────────┴─────────────────────────────────────────────────────────────────────────────────────────────────────────────────────────────────────────────────────────────────────────────────────────────────────────────────────────────────────────────────────────────────────────────────────────────────────────────────────────────────────────────────────────────────────────────────────────────────────────────────────────────────────────────────────────────────────────────────────────────────────────────────────────────────────────────────────────────────────────────────────────────────────────────────────────────────────────────────────────────────────

  Note: ϕ(x) = x_{t-1} - steady_state(x)

  THEORETICAL MOMENTS

──────────────────────────────────────────┬─────────────────────────────
                 VARIABLE                 │  MEAN   STD. DEV.  VARIANCE
────────────────────────────────────────────────────────────────────────
                          Consumo privado │ 0.2848     0.0064       0.0
                       Retorno do capital │ 0.1022      0.002       0.0
                                 Trabalho │  0.475     0.0053       0.0
                          Capital privado │ 2.7967     0.0569    0.0032
                     Investimento privado │ 0.1048     0.0094    0.0001
                                  Produto │ 0.6382     0.0127    0.0002
                          Taxa de salário │ 0.7417     0.0143    0.0002
   Taxa de retorno dos ativos financeiros │ 0.0494     0.0013       0.0
          Produtividade Total dos Fatores │    1.0     0.0138    0.0002
                  Dívida bruta do governo │ 0.5512     0.0434    0.0019
                           Receita fiscal │ 0.2758     0.0062       0.0
            Taxa de imposto sobre consumo │  0.162      0.011    0.0001
            Taxa de imposto sobre salário │   0.15      0.011    0.0001
 Taxa de imposto sobre a renda do capital │   0.15      0.011    0.0001
                         Imposto Lump-Sum │  0.134     0.0044       0.0
                           Gasto primário │ 0.2486     0.0028       0.0
                 Consumo público corrente │ 0.2483     0.0028       0.0
                     Investimento público │ 0.0003        0.0       0.0
                          Capital público │ 0.0068        0.0       0.0
                       Resultado primário │ 0.0272     0.0067       0.0
             Dívida como proporção do PIB │ 0.8637     0.0731    0.0053
     Gasto primário como proporção do PIB │ 0.3895     0.0088    0.0001
     Receita fiscal como proporção do PIB │ 0.4322      0.013    0.0002
 Resultado primário como proporção do PIB │ 0.0427     0.0105    0.0001
──────────────────────────────────────────┴─────────────────────────────

  VARIANCE DECOMPOSITION (in percent)

──────────────────────────────────────────┬───────────────────────────────────────────────────────────────────────────────────────────────────────────────────────────────────────────────────────────────────────────────────────────
                 VARIABLE                 │ Choque de PTF  Choque no Consumo do Governo  Choque de investimento público  Choque de imposto sobre consumo  Choque de imposto sobre salário  Choque de imposto sobre a renda do capital
──────────────────────────────────────────────────────────────────────────────────────────────────────────────────────────────────────────────────────────────────────────────────────────────────────────────────────────────────────
                          Consumo privado │        0.8054                        0.0242                          0.0006                           0.1375                           0.0314                                      0.0009
                       Retorno do capital │        0.8929                        0.0184                          0.0001                           0.0153                           0.0729                                      0.0004
                                 Trabalho │        0.3726                        0.0206                          0.0001                           0.0163                           0.5889                                      0.0015
                          Capital privado │        0.9084                        0.0275                          0.0004                           0.0232                             0.04                                      0.0006
                     Investimento privado │        0.8255                        0.0475                             0.0                           0.0462                           0.0797                                      0.0011
                                  Produto │        0.9304                        0.0025                          0.0003                           0.0021                           0.0646                                      0.0002
                          Taxa de salário │         0.929                        0.0121                          0.0006                           0.0101                            0.048                                      0.0003
   Taxa de retorno dos ativos financeiros │        0.7917                        0.0286                          0.0001                           0.0237                           0.0354                                      0.1204
          Produtividade Total dos Fatores │           1.0                           0.0                             0.0                              0.0                              0.0                                         0.0
                  Dívida bruta do governo │        0.4076                        0.1856                          0.0003                            0.148                           0.1151                                      0.1434
                           Receita fiscal │        0.1452                        0.0669                          0.0001                           0.2081                           0.3135                                      0.2662
            Taxa de imposto sobre consumo │           0.0                           0.0                             0.0                              1.0                              0.0                                         0.0
            Taxa de imposto sobre salário │           0.0                           0.0                             0.0                              0.0                              1.0                                         0.0
 Taxa de imposto sobre a renda do capital │           0.0                           0.0                             0.0                              0.0                              0.0                                         1.0
                         Imposto Lump-Sum │        0.4925                         0.169                          0.0004                           0.1349                            0.081                                      0.1222
                           Gasto primário │           0.0                           1.0                             0.0                              0.0                              0.0                                         0.0
                 Consumo público corrente │           0.0                           1.0                             0.0                              0.0                              0.0                                         0.0
                     Investimento público │           0.0                           0.0                             1.0                              0.0                              0.0                                         0.0
                          Capital público │           0.0                           0.0                             1.0                              0.0                              0.0                                         0.0
                       Resultado primário │        0.1247                        0.1989                          0.0001                           0.1787                           0.2692                                      0.2286
             Dívida como proporção do PIB │        0.4935                        0.1677                          0.0004                            0.134                           0.0819                                      0.1225
     Gasto primário como proporção do PIB │        0.7143                        0.2341                          0.0002                           0.0016                           0.0496                                      0.0002
     Receita fiscal como proporção do PIB │        0.3531                        0.0481                          0.0002                           0.1326                           0.3133                                      0.1527
 Resultado primário como proporção do PIB │        0.1093                        0.1999                          0.0001                           0.1795                           0.2839                                      0.2272
──────────────────────────────────────────┴───────────────────────────────────────────────────────────────────────────────────────────────────────────────────────────────────────────────────────────────────────────────────────────

  CORRELATION MATRIX

──────────────────────────────────────────┬─────────────────────────────────────────────────────────────────────────────────────────────────────────────────────────────────────────────────────────────────────────────────────────────────────────────────────────────────────────────────────────────────────────────────────────────────────────────────────────────────────────────────────────────────────────────────────────────────────────────────────────────────────────────────────────────────────────────────────────────────────────────────────────────────────────────────────────────────────────────────────────────────────────────────────
                                          │ Consumo privado  Retorno do capital  Trabalho  Capital privado  Investimento privado  Produto  Taxa de salário  Taxa de retorno dos ativos financeiros  Produtividade Total dos Fatores  Dívida bruta do governo  Receita fiscal  Taxa de imposto sobre consumo  Taxa de imposto sobre salário  Taxa de imposto sobre a renda do capital  Imposto Lump-Sum  Gasto primário  Consumo público corrente  Investimento público  Capital público  Resultado primário  Dívida como proporção do PIB  Gasto primário como proporção do PIB  Receita fiscal como proporção do PIB  Resultado primário como proporção do PIB
────────────────────────────────────────────────────────────────────────────────────────────────────────────────────────────────────────────────────────────────────────────────────────────────────────────────────────────────────────────────────────────────────────────────────────────────────────────────────────────────────────────────────────────────────────────────────────────────────────────────────────────────────────────────────────────────────────────────────────────────────────────────────────────────────────────────────────────────────────────────────────────────────────────────────────────────────────────────────────────────
                          Consumo privado │             1.0             -0.1856   -0.1693           0.9028                0.3263   0.7237           0.8455                                 -0.4665                           0.5335                  -0.4012         -0.2141                        -0.3507                        -0.0809                                    0.0229           -0.5432          -0.085                    -0.085                0.0047           0.0235             -0.1625                       -0.5433                               -0.6765                               -0.6387                                   -0.2203
                       Retorno do capital │         -0.1856                 1.0    0.7834           -0.358                0.7298   0.4586           0.0223                                  0.8724                           0.6405                    0.356          0.1351                        -0.0435                        -0.2232                                   -0.0094            0.2681          0.0522                    0.0522                0.0034           0.0018              0.1032                        0.2235                               -0.3758                               -0.2025                                    0.0657
                                 Trabalho │         -0.1693              0.7834       1.0          -0.3084                0.5362   0.3359          -0.2294                                  0.6529                           0.3123                   0.3761         -0.2631                        -0.0929                        -0.7588                                   -0.0364            0.2819          0.1079                    0.1079               -0.0018          -0.0091             -0.2893                        0.2711                               -0.2404                               -0.4187                                   -0.3152
                          Capital privado │          0.9028              -0.358   -0.3084              1.0                0.3054   0.6639           0.8639                                 -0.6269                           0.4403                  -0.4945         -0.1069                         0.0582                        -0.0764                                    -0.009           -0.6152         -0.0651                   -0.0651                0.0003           0.0151             -0.0716                       -0.6161                               -0.6142                               -0.5191                                   -0.1249
                     Investimento privado │          0.3263              0.7298    0.5362           0.3054                   1.0   0.8556            0.575                                  0.4292                           0.8966                   -0.007          0.1245                         0.2136                        -0.2804                                   -0.0329           -0.1528         -0.2163                   -0.2163                0.0011           0.0066              0.2065                       -0.2075                               -0.8576                                -0.473                                    0.1366
                                  Produto │          0.7237              0.4586    0.3359           0.6639                0.8556      1.0           0.8397                                  0.1018                           0.9308                  -0.1804         -0.0048                        -0.0177                        -0.2481                                   -0.0129           -0.3683          0.0192                    0.0192                0.0034           0.0167             -0.0126                       -0.4028                               -0.8666                               -0.6652                                   -0.0933
                          Taxa de salário │          0.8455              0.0223   -0.2294           0.8639                 0.575   0.8397              1.0                                 -0.2712                           0.7818                  -0.4033          0.1467                         0.0353                         0.1811                                    0.0076           -0.5431         -0.0424                   -0.0424                0.0046           0.0225              0.1538                       -0.5725                               -0.7569                                -0.446                                    0.0853
   Taxa de retorno dos ativos financeiros │         -0.4665              0.8724    0.6529          -0.6269                0.4292   0.1018          -0.2712                                     1.0                           0.3355                   0.4761           0.025                        -0.0698                        -0.0541                                   -0.3464            0.4432          0.0806                    0.0806                0.0056           0.0017             -0.0108                        0.4192                               -0.0489                               -0.0486                                   -0.0189
          Produtividade Total dos Fatores │          0.5335              0.6405    0.3123           0.4403                0.8966   0.9308           0.7818                                  0.3355                              1.0                  -0.0877           0.197                           -0.0                           -0.0                                      -0.0           -0.2498            -0.0                      -0.0                   0.0              0.0              0.1825                       -0.3002                               -0.8156                               -0.4688                                    0.1066
                  Dívida bruta do governo │         -0.4012               0.356    0.3761          -0.4945                -0.007  -0.1804          -0.4033                                  0.4761                          -0.0877                      1.0          0.3848                        -0.0998                        -0.1268                                   -0.1173            0.9767          0.1161                    0.1161               -0.0002          -0.0103              0.3076                         0.973                                0.2161                                0.4067                                    0.3209
                           Receita fiscal │         -0.2141              0.1351   -0.2631          -0.1069                0.1245  -0.0048           0.1467                                   0.025                            0.197                   0.3848             1.0                         0.3957                         0.5041                                    0.4524            0.4116          0.0463                    0.0463                0.0013          -0.0004              0.9071                        0.3593                                0.0273                                0.7499                                    0.9036
            Taxa de imposto sobre consumo │         -0.3507             -0.0435   -0.0929           0.0582                0.2136  -0.0177           0.0353                                 -0.0698                             -0.0                  -0.0998          0.3957                            1.0                            0.0                                      -0.0           -0.0637            -0.0                       0.0                   0.0             -0.0              0.3666                       -0.0887                                0.0155                                0.3071                                    0.3665
            Taxa de imposto sobre salário │         -0.0809             -0.2232   -0.7588          -0.0764               -0.2804  -0.2481           0.1811                                 -0.0541                             -0.0                  -0.1268          0.5041                            0.0                            1.0                                       0.0           -0.0428            -0.0                       0.0                   0.0              0.0              0.4671                       -0.0597                                0.2173                                0.5405                                    0.4852
 Taxa de imposto sobre a renda do capital │          0.0229             -0.0094   -0.0364           -0.009               -0.0329  -0.0129           0.0076                                 -0.3464                             -0.0                  -0.1173          0.4524                           -0.0                            0.0                                       1.0           -0.0762            -0.0                       0.0                   0.0             -0.0              0.4191                       -0.1062                                0.0113                                0.3463                                    0.4184
                         Imposto Lump-Sum │         -0.5432              0.2681    0.2819          -0.6152               -0.1528  -0.3683          -0.5431                                  0.4432                          -0.2498                   0.9767          0.4116                        -0.0637                        -0.0428                                   -0.0762               1.0          0.0766                    0.0766               -0.0007          -0.0133              0.3491                        0.9954                                0.3609                                 0.551                                    0.3773
                           Gasto primário │          -0.085              0.0522    0.1079          -0.0651               -0.2163   0.0192          -0.0424                                  0.0806                             -0.0                   0.1161          0.0463                           -0.0                           -0.0                                      -0.0            0.0766             1.0                       1.0                 0.001           0.0003             -0.3785                        0.1036                                0.4822                                0.0219                                   -0.3784
                 Consumo público corrente │          -0.085              0.0522    0.1079          -0.0651               -0.2163   0.0192          -0.0424                                  0.0806                             -0.0                   0.1161          0.0463                            0.0                            0.0                                       0.0            0.0766             1.0                       1.0                  -0.0              0.0             -0.3785                        0.1036                                0.4822                                0.0219                                   -0.3784
                     Investimento público │          0.0047              0.0034   -0.0018           0.0003                0.0011   0.0034           0.0046                                  0.0056                              0.0                  -0.0002          0.0013                            0.0                            0.0                                       0.0           -0.0007           0.001                      -0.0                   1.0           0.3041              0.0008                        -0.001                               -0.0025                               -0.0013                                    0.0005
                          Capital público │          0.0235              0.0018   -0.0091           0.0151                0.0066   0.0167           0.0225                                  0.0017                              0.0                  -0.0103         -0.0004                           -0.0                            0.0                                      -0.0           -0.0133          0.0003                       0.0                0.3041              1.0             -0.0005                       -0.0135                               -0.0145                               -0.0114                                   -0.0019
                       Resultado primário │         -0.1625              0.1032   -0.2893          -0.0716                0.2065  -0.0126           0.1538                                 -0.0108                           0.1825                   0.3076          0.9071                         0.3666                         0.4671                                    0.4191            0.3491         -0.3785                   -0.3785                0.0008          -0.0005                 1.0                        0.2892                               -0.1779                                0.6856                                    0.9967
             Dívida como proporção do PIB │         -0.5433              0.2235    0.2711          -0.6161               -0.2075  -0.4028          -0.5725                                  0.4192                          -0.3002                    0.973          0.3593                        -0.0887                        -0.0597                                   -0.1062            0.9954          0.1036                    0.1036                -0.001          -0.0135              0.2892                           1.0                                0.4046                                0.5347                                    0.3205
     Gasto primário como proporção do PIB │         -0.6765             -0.3758   -0.2404          -0.6142               -0.8576  -0.8666          -0.7569                                 -0.0489                          -0.8156                   0.2161          0.0273                         0.0155                         0.2173                                    0.0113            0.3609          0.4822                    0.4822               -0.0025          -0.0145             -0.1779                        0.4046                                   1.0                                0.5938                                   -0.1071
     Receita fiscal como proporção do PIB │         -0.6387             -0.2025   -0.4187          -0.5191                -0.473  -0.6652           -0.446                                 -0.0486                          -0.4688                   0.4067          0.7499                         0.3071                         0.5405                                    0.3463             0.551          0.0219                    0.0219               -0.0013          -0.0114              0.6856                        0.5347                                0.5938                                   1.0                                    0.7364
 Resultado primário como proporção do PIB │         -0.2203              0.0657   -0.3152          -0.1249                0.1366  -0.0933           0.0853                                 -0.0189                           0.1066                   0.3209          0.9036                         0.3665                         0.4852                                    0.4184            0.3773         -0.3784                   -0.3784                0.0005          -0.0019              0.9967                        0.3205                               -0.1071                                0.7364                                       1.0
──────────────────────────────────────────┴─────────────────────────────────────────────────────────────────────────────────────────────────────────────────────────────────────────────────────────────────────────────────────────────────────────────────────────────────────────────────────────────────────────────────────────────────────────────────────────────────────────────────────────────────────────────────────────────────────────────────────────────────────────────────────────────────────────────────────────────────────────────────────────────────────────────────────────────────────────────────────────────────────────────────────

  AUTOCORRELATION COEFFICIENTS

──────────────────────────────────────────┬────────────────────────────────────────
                                          │   1       2       3       4       5
───────────────────────────────────────────────────────────────────────────────────
                          Consumo privado │ 0.8862  0.8169  0.7649  0.7197  0.6777
                       Retorno do capital │ 0.6855  0.4788    0.34  0.2453  0.1799
                                 Trabalho │ 0.5342  0.3167  0.2085  0.1503  0.1162
                          Capital privado │ 0.9866  0.9574  0.9191  0.8759  0.8305
                     Investimento privado │ 0.6105  0.3718  0.2207  0.1233  0.0598
                                  Produto │ 0.7541  0.5884   0.473  0.3904  0.3298
                          Taxa de salário │ 0.8745  0.7827  0.7105  0.6509  0.5999
   Taxa de retorno dos ativos financeiros │ 0.7686  0.6232  0.5249  0.4541  0.4007
          Produtividade Total dos Fatores │   0.69  0.4761  0.3285  0.2267  0.1564
                  Dívida bruta do governo │ 0.9901  0.9711  0.9482  0.9237  0.8986
                           Receita fiscal │ 0.5424    0.34  0.2484   0.205  0.1826
            Taxa de imposto sobre consumo │   0.41  0.1681  0.0689  0.0283  0.0116
            Taxa de imposto sobre salário │   0.41  0.1681  0.0689  0.0283  0.0116
 Taxa de imposto sobre a renda do capital │   0.41  0.1681  0.0689  0.0283  0.0116
                         Imposto Lump-Sum │ 0.9903  0.9713  0.9486  0.9247  0.9009
                           Gasto primário │   0.47  0.2209  0.1038  0.0488  0.0229
                 Consumo público corrente │   0.47  0.2209  0.1038  0.0488  0.0229
                     Investimento público │   0.47  0.2209  0.1038  0.0488  0.0229
                          Capital público │ 0.9863  0.9606  0.9298  0.8974   0.865
                       Resultado primário │ 0.5153  0.2964   0.196  0.1485  0.1247
             Dívida como proporção do PIB │ 0.9787  0.9538  0.9286   0.904  0.8803
     Gasto primário como proporção do PIB │ 0.6943  0.5118  0.3968  0.3206  0.2678
     Receita fiscal como proporção do PIB │ 0.6056  0.4187  0.3267  0.2793  0.2534
 Resultado primário como proporção do PIB │ 0.5119   0.293   0.194  0.1482  0.1261
──────────────────────────────────────────┴────────────────────────────────────────

2026-01-02T18:04:18.932: End parse_statements!
2026-01-02T18:04:18.932: End parser
The number of labels is different than the number of variables to be plotted
The number of labels is different than the number of variables to be plotted
The number of labels is different than the number of variables to be plotted
The number of labels is different than the number of variables to be plotted
The number of labels is different than the number of variables to be plotted
The number of labels is different than the number of variables to be plotted
