Dynare version: 0.10.4
2026-01-02T18:07:51.925: Starting @dynare RBC_fiscal_estimacion.mod
["RBC_fiscal_estimacion.mod", "language=julia", "json=compute", "notmpterms"]
Dynare preprocessor version: 7.0.0+0
2026-01-02T18:07:52.039: End of preprocessing
2026-01-02T18:07:55.460: Start parse_statements!
  Steady state

──────────────────────────────────────────┬──────────
             Consumo privado              │ 0.475006
                       Retorno do capital │   0.1022
                                 Trabalho │   0.4736
                          Capital privado │    4.638
                     Investimento privado │   0.1738
                                  Produto │   1.0584
                          Taxa de salário │   1.2336
   Taxa de retorno dos ativos financeiros │   0.0494
          Produtividade Total dos Fatores │      1.0
                  Dívida bruta do governo │   0.9757
                           Receita fiscal │   0.4164
            Taxa de imposto sobre consumo │    0.162
            Taxa de imposto sobre salário │     0.15
 Taxa de imposto sobre a renda do capital │     0.15
                         Imposto Lump-Sum │   0.1807
                           Gasto primário │   0.4096
                 Consumo público corrente │   0.4054
                     Investimento público │   0.0042
                          Capital público │    0.113
                       Resultado primário │   0.0068
                     Ajuste Estoque-Fluxo │  -0.0415
             Dívida como proporção do PIB │   0.9219
     Gasto primário como proporção do PIB │    0.387
     Receita fiscal como proporção do PIB │   0.3934
 Resultado primário como proporção do PIB │   0.0064
                       Crescimento do PIB │   0.0236
──────────────────────────────────────────┴──────────

  Coefficients of approximate solution function (reduced form)

─────────────────────────────────────────────────┬───────────────────────────────────────────────────────────────────────────────────────────────────────────────────────────────────────────────────────────────────────────────────────────────────────────────────────────────────────────────────────────────────────────────────────────────────────────────────────────────────────────────────────────────────────────────────────────────────────────────────────────────────────────────────────────────────────────────────────────────────────────────────────────────────────────────────────────────────────────────────────────────────────────────────────────────────────────────────────────────────────────────────────────────────────────────────
                                                 │ Consumo privado_t  Retorno do capital_t  Trabalho_t  Capital privado_t  Investimento privado_t  Produto_t  Taxa de salário_t  Taxa de retorno dos ativos financeiros_t  Produtividade Total dos Fatores_t  Dívida bruta do governo_t  Receita fiscal_t  Taxa de imposto sobre consumo_t  Taxa de imposto sobre salário_t  Taxa de imposto sobre a renda do capital_t  Imposto Lump-Sum_t  Gasto primário_t  Consumo público corrente_t  Investimento público_t  Capital público_t  Resultado primário_t  Ajuste Estoque-Fluxo_t  Dívida como proporção do PIB_t  Gasto primário como proporção do PIB_t  Receita fiscal como proporção do PIB_t  Resultado primário como proporção do PIB_t  Crescimento do PIB_t
─────────────────────────────────────────────────────────────────────────────────────────────────────────────────────────────────────────────────────────────────────────────────────────────────────────────────────────────────────────────────────────────────────────────────────────────────────────────────────────────────────────────────────────────────────────────────────────────────────────────────────────────────────────────────────────────────────────────────────────────────────────────────────────────────────────────────────────────────────────────────────────────────────────────────────────────────────────────────────────────────────────────────────────────────────────────────────────────────────────────────────────────────────
                              ϕ(Capital privado) │            0.0894                -0.016     -0.0322             0.9356                  -0.027     0.0625             0.1568                                   -0.0127                               -0.0                    -0.0215            0.0215                              0.0                              0.0                                         0.0             -0.0023              -0.0                         0.0                     0.0                0.0                0.0215                     0.0                         -0.0748                                 -0.0228                                 -0.0029                                        0.02                 0.059
                                      ϕ(Produto) │               0.0                   0.0        -0.0                0.0                     0.0       -0.0                0.0                                      -0.0                                0.0                       -0.0               0.0                              0.0                              0.0                                         0.0                -0.0              -0.0                         0.0                     0.0                0.0                   0.0                     0.0                            -0.0                                    -0.0                                     0.0                                         0.0               -0.9448
       ϕ(Taxa de retorno dos ativos financeiros) │               0.0                  -0.0        -0.0               -0.0                    -0.0       -0.0                0.0                                      -0.0                                0.0                      0.948            0.0278                              0.0                              0.0                                         0.0              0.0278              -0.0                         0.0                     0.0                0.0                0.0278                     0.0                          0.8957                                     0.0                                  0.0262                                      0.0262                  -0.0
              ϕ(Produtividade Total dos Fatores) │            0.1534                0.0859       0.129              0.736                   0.736     0.8894             0.7007                                    0.0404                               0.69                    -0.1304            0.1304                              0.0                              0.0                                         0.0             -0.0278               0.0                         0.0                     0.0                0.0                0.1304                     0.0                         -0.8979                                 -0.3252                                 -0.2074                                      0.1179                0.8403
                      ϕ(Dívida bruta do governo) │               0.0                  -0.0        -0.0               -0.0                    -0.0       -0.0                0.0                                      -0.0                               -0.0                     1.0196            0.0299                              0.0                              0.0                                         0.0              0.0299              -0.0                         0.0                     0.0                0.0                0.0299                     0.0                          0.9633                                     0.0                                  0.0282                                      0.0282                  -0.0
                ϕ(Taxa de imposto sobre consumo) │           -0.1465               -0.0019     -0.0156             0.1272                  0.1272    -0.0193             0.0182                                   -0.0024                               -0.0                    -0.1639            0.1639                             0.41                              0.0                                         0.0             -0.0043               0.0                         0.0                     0.0                0.0                0.1639                     0.0                          -0.138                                   0.007                                   0.162                                      0.1549               -0.0182
                ϕ(Taxa de imposto sobre salário) │           -0.0221               -0.0182     -0.1531            -0.1668                 -0.1668    -0.1889             0.1787                                   -0.0041                               -0.0                    -0.2067            0.2067                             -0.0                             0.41                                         0.0              -0.001               0.0                         0.0                     0.0                0.0                0.2067                     0.0                         -0.0307                                  0.0691                                  0.2655                                      0.1964               -0.1785
     ϕ(Taxa de imposto sobre a renda do capital) │            0.0102               -0.0009     -0.0076            -0.0196                 -0.0196    -0.0094             0.0088                                   -0.0172                                0.0                    -0.1894            0.1894                              0.0                              0.0                                        0.41             -0.0053               0.0                        -0.0                    -0.0               -0.0                0.1894                     0.0                         -0.1708                                  0.0034                                  0.1824                                       0.179               -0.0088
                             ϕ(Imposto Lump-Sum) │              -0.0                   0.0         0.0                0.0                     0.0        0.0               -0.0                                       0.0                               -0.0                    -0.3983            0.3983                              0.0                              0.0                                         0.0              0.3983               0.0                         0.0                     0.0                0.0                0.3983                     0.0                         -0.3764                                    -0.0                                  0.3764                                      0.3764                   0.0
                     ϕ(Consumo público corrente) │           -0.0645                0.0057      0.0477            -0.3467                 -0.3467     0.0588            -0.0557                                     0.007                               -0.0                     0.4597            0.0103                              0.0                              0.0                                         0.0              0.0119              0.47                        0.47                     0.0                0.0               -0.4597                     0.0                          0.3831                                  0.4226                                 -0.0122                                     -0.4347                0.0556
                         ϕ(Investimento público) │            0.2558                0.0374      -0.043            -0.3386                 -0.3386     0.3872             0.5634                                    0.0543                                0.0                     0.3701            0.0999                              0.0                              0.0                                         0.0              0.0004              0.47                         0.0                    0.47               0.47               -0.3701                     0.0                          0.0124                                  0.3025                                 -0.0495                                      -0.352                0.3658
                              ϕ(Capital público) │            0.4052                 0.087     -0.0004              0.496                   0.496     0.9012             1.0514                                    0.0645                                0.0                    -0.1715            0.1715                              0.0                              0.0                                         0.0             -0.0294              -0.0                        -0.0                     0.0             0.9625                0.1715                     0.0                          -0.947                                 -0.3295                                  -0.173                                      0.1566                0.8515
                         ϕ(Ajuste Estoque-Fluxo) │               0.0                  -0.0        -0.0               -0.0                    -0.0       -0.0                0.0                                      -0.0                               -0.0                     0.5829            0.0171                             -0.0                             -0.0                                         0.0              0.0171              -0.0                        -0.0                     0.0                0.0                0.0171                     0.6                          0.5508                                     0.0                                  0.0161                                      0.0161                  -0.0
                                 Choque de PTF_t │            0.2223                0.1245      0.1869             1.0667                  1.0667      1.289             1.0154                                    0.0585                                1.0                     -0.189             0.189                              0.0                              0.0                                         0.0             -0.0403              -0.0                        -0.0                     0.0                0.0                 0.189                     0.0                         -1.3014                                 -0.4713                                 -0.3005                                      0.1708                1.2179
                  Choque no Consumo do Governo_t │           -0.0556                0.0049      0.0411             -0.299                  -0.299     0.0507             -0.048                                     0.006                               -0.0                     0.3965            0.0088                              0.0                             -0.0                                         0.0              0.0102            0.4054                      0.4054                     0.0                0.0               -0.3965                     0.0                          0.3304                                  0.3644                                 -0.0105                                     -0.3749                0.0479
                Choque de investimento público_t │            0.0023                0.0003     -0.0004             -0.003                  -0.003     0.0035             0.0051                                    0.0005                                0.0                     0.0033            0.0009                              0.0                             -0.0                                         0.0                 0.0            0.0042                         0.0                  0.0042             0.0042               -0.0033                     0.0                          0.0001                                  0.0027                                 -0.0004                                     -0.0032                0.0033
               Choque de imposto sobre consumo_t │           -0.3573               -0.0045     -0.0381             0.3103                  0.3103     -0.047             0.0445                                   -0.0058                                0.0                    -0.3996            0.3996                              1.0                              0.0                                         0.0             -0.0104               0.0                        -0.0                     0.0                0.0                0.3996                     0.0                         -0.3367                                  0.0172                                  0.3951                                      0.3779               -0.0444
               Choque de imposto sobre salário_t │            -0.054               -0.0445     -0.3735            -0.4067                 -0.4067    -0.4607             0.4358                                     -0.01                                0.0                    -0.5041            0.5041                              0.0                              1.0                                         0.0             -0.0023               0.0                        -0.0                     0.0                0.0                0.5041                     0.0                         -0.0749                                  0.1685                                  0.6475                                       0.479               -0.4353
    Choque de imposto sobre a renda do capital_t │             0.025               -0.0022     -0.0185            -0.0478                 -0.0478    -0.0228             0.0216                                    -0.042                               -0.0                    -0.4619            0.4619                              0.0                              0.0                                         1.0             -0.0129              -0.0                        -0.0                     0.0                0.0                0.4619                     0.0                         -0.4165                                  0.0083                                  0.4449                                      0.4365               -0.0216
 Choque na dinâmica da dívida bruta do governo_t │               0.0                  -0.0        -0.0               -0.0                    -0.0       -0.0                0.0                                      -0.0                               -0.0                     0.9715            0.0285                              0.0                             -0.0                                         0.0              0.0285               0.0                        -0.0                     0.0                0.0                0.0285                    -0.0                          0.9179                                     0.0                                  0.0269                                      0.0269                  -0.0
─────────────────────────────────────────────────┴───────────────────────────────────────────────────────────────────────────────────────────────────────────────────────────────────────────────────────────────────────────────────────────────────────────────────────────────────────────────────────────────────────────────────────────────────────────────────────────────────────────────────────────────────────────────────────────────────────────────────────────────────────────────────────────────────────────────────────────────────────────────────────────────────────────────────────────────────────────────────────────────────────────────────────────────────────────────────────────────────────────────────────────────────────────────────

  Note: ϕ(x) = x_{t-1} - steady_state(x)

  THEORETICAL MOMENTS

──────────────────────────────────────────┬──────────────────────────────
                 VARIABLE                 │  MEAN    STD. DEV.  VARIANCE
─────────────────────────────────────────────────────────────────────────
                          Consumo privado │   0.475     0.0106    0.0001
                       Retorno do capital │  0.1022      0.002       0.0
                                 Trabalho │  0.4736     0.0053       0.0
                          Capital privado │   4.638     0.0943    0.0089
                     Investimento privado │  0.1738     0.0156    0.0002
                                  Produto │  1.0584     0.0211    0.0004
                          Taxa de salário │  1.2336     0.0237    0.0006
   Taxa de retorno dos ativos financeiros │  0.0494     0.0013       0.0
          Produtividade Total dos Fatores │     1.0     0.0138    0.0002
                  Dívida bruta do governo │  0.9757     1.4127    1.9958
                           Receita fiscal │  0.4164     0.0706     0.005
            Taxa de imposto sobre consumo │   0.162      0.011    0.0001
            Taxa de imposto sobre salário │    0.15      0.011    0.0001
 Taxa de imposto sobre a renda do capital │    0.15      0.011    0.0001
                         Imposto Lump-Sum │  0.1807     0.0702    0.0049
                           Gasto primário │  0.4096     0.0046       0.0
                 Consumo público corrente │  0.4054     0.0046       0.0
                     Investimento público │  0.0042        0.0       0.0
                          Capital público │   0.113     0.0003       0.0
                       Resultado primário │  0.0068     0.0707     0.005
                     Ajuste Estoque-Fluxo │ -0.0415        0.0       0.0
             Dívida como proporção do PIB │  0.9219     1.3353    1.7829
     Gasto primário como proporção do PIB │   0.387     0.0088    0.0001
     Receita fiscal como proporção do PIB │  0.3934     0.0671    0.0045
 Resultado primário como proporção do PIB │  0.0064     0.0668    0.0045
                       Crescimento do PIB │  0.0236      0.014    0.0002
──────────────────────────────────────────┴──────────────────────────────

  VARIANCE DECOMPOSITION (in percent)

──────────────────────────────────────────┬──────────────────────────────────────────────────────────────────────────────────────────────────────────────────────────────────────────────────────────────────────────────────────────────────────────────────────────────────────────
                 VARIABLE                 │ Choque de PTF  Choque no Consumo do Governo  Choque de investimento público  Choque de imposto sobre consumo  Choque de imposto sobre salário  Choque de imposto sobre a renda do capital  Choque na dinâmica da dívida bruta do governo
─────────────────────────────────────────────────────────────────────────────────────────────────────────────────────────────────────────────────────────────────────────────────────────────────────────────────────────────────────────────────────────────────────────────────────
                          Consumo privado │        0.8053                        0.0234                          0.0006                           0.1382                           0.0316                                      0.0009                                            0.0
                       Retorno do capital │         0.893                        0.0178                          0.0001                           0.0154                           0.0733                                      0.0004                                            0.0
                                 Trabalho │        0.3716                        0.0198                          0.0001                           0.0163                           0.5906                                      0.0015                                            0.0
                          Capital privado │        0.9089                        0.0266                          0.0003                           0.0234                           0.0402                                      0.0006                                            0.0
                     Investimento privado │        0.8261                        0.0459                          0.0001                           0.0467                           0.0802                                      0.0011                                            0.0
                                  Produto │        0.9301                        0.0024                          0.0003                           0.0021                           0.0649                                      0.0002                                            0.0
                          Taxa de salário │        0.9289                        0.0117                          0.0005                           0.0102                           0.0484                                      0.0003                                            0.0
   Taxa de retorno dos ativos financeiros │        0.7921                        0.0276                          0.0002                           0.0239                           0.0356                                      0.1206                                            0.0
          Produtividade Total dos Fatores │           1.0                           0.0                             0.0                              0.0                              0.0                                         0.0                                            0.0
                  Dívida bruta do governo │        0.5279                        0.1323                          0.0005                             0.11                           0.0352                                      0.0796                                         0.1145
                           Receita fiscal │        0.5203                        0.1302                          0.0005                            0.112                           0.0407                                      0.0834                                          0.113
            Taxa de imposto sobre consumo │           0.0                           0.0                             0.0                              1.0                              0.0                                         0.0                                            0.0
            Taxa de imposto sobre salário │           0.0                           0.0                             0.0                              0.0                              1.0                                         0.0                                            0.0
 Taxa de imposto sobre a renda do capital │           0.0                           0.0                             0.0                              0.0                              0.0                                         1.0                                            0.0
                         Imposto Lump-Sum │        0.5282                        0.1322                          0.0005                             0.11                           0.0351                                      0.0796                                         0.1144
                           Gasto primário │           0.0                        0.9999                          0.0001                              0.0                              0.0                                         0.0                                            0.0
                 Consumo público corrente │           0.0                           1.0                             0.0                              0.0                              0.0                                         0.0                                            0.0
                     Investimento público │           0.0                           0.0                             1.0                              0.0                              0.0                                         0.0                                            0.0
                          Capital público │           0.0                           0.0                             1.0                              0.0                              0.0                                         0.0                                            0.0
                       Resultado primário │        0.5184                        0.1335                          0.0005                           0.1116                           0.0405                                      0.0831                                         0.1125
                     Ajuste Estoque-Fluxo │           NaN                           NaN                             NaN                              NaN                              NaN                                         NaN                                            NaN
             Dívida como proporção do PIB │        0.5282                        0.1322                          0.0005                             0.11                           0.0351                                      0.0796                                         0.1144
     Gasto primário como proporção do PIB │        0.7176                        0.2304                          0.0002                           0.0016                           0.0501                                      0.0002                                            0.0
     Receita fiscal como proporção do PIB │        0.5201                         0.129                          0.0005                           0.1112                            0.045                                      0.0826                                         0.1116
 Resultado primário como proporção do PIB │        0.5183                        0.1335                          0.0005                           0.1116                           0.0406                                      0.0831                                         0.1125
                       Crescimento do PIB │         0.864                        0.0024                             0.0                           0.0022                           0.1311                                      0.0003                                            0.0
──────────────────────────────────────────┴──────────────────────────────────────────────────────────────────────────────────────────────────────────────────────────────────────────────────────────────────────────────────────────────────────────────────────────────────────────

  CORRELATION MATRIX

──────────────────────────────────────────┬───────────────────────────────────────────────────────────────────────────────────────────────────────────────────────────────────────────────────────────────────────────────────────────────────────────────────────────────────────────────────────────────────────────────────────────────────────────────────────────────────────────────────────────────────────────────────────────────────────────────────────────────────────────────────────────────────────────────────────────────────────────────────────────────────────────────────────────────────────────────────────────────────────────────────────────────────────────────────────────────
                                          │ Consumo privado  Retorno do capital  Trabalho  Capital privado  Investimento privado  Produto  Taxa de salário  Taxa de retorno dos ativos financeiros  Produtividade Total dos Fatores  Dívida bruta do governo  Receita fiscal  Taxa de imposto sobre consumo  Taxa de imposto sobre salário  Taxa de imposto sobre a renda do capital  Imposto Lump-Sum  Gasto primário  Consumo público corrente  Investimento público  Capital público  Resultado primário  Ajuste Estoque-Fluxo  Dívida como proporção do PIB  Gasto primário como proporção do PIB  Receita fiscal como proporção do PIB  Resultado primário como proporção do PIB  Crescimento do PIB
──────────────────────────────────────────────────────────────────────────────────────────────────────────────────────────────────────────────────────────────────────────────────────────────────────────────────────────────────────────────────────────────────────────────────────────────────────────────────────────────────────────────────────────────────────────────────────────────────────────────────────────────────────────────────────────────────────────────────────────────────────────────────────────────────────────────────────────────────────────────────────────────────────────────────────────────────────────────────────────────────────────────────────────────────────────
                          Consumo privado │             1.0             -0.1835   -0.1646           0.9023                0.3252   0.7238           0.8448                                 -0.4647                           0.5336                  -0.0431         -0.0264                        -0.3517                        -0.0812                                     0.023           -0.0518         -0.0836                   -0.0837                0.0039           0.0222              -0.021                   0.0                        -0.053                               -0.6771                               -0.1107                                   -0.0223              -0.002
                       Retorno do capital │         -0.1835                 1.0    0.7836           -0.356                0.7318   0.4601           0.0234                                  0.8722                           0.6414                    0.038          0.0252                        -0.0437                         -0.224                                   -0.0095            0.0336          0.0514                    0.0514                0.0039           0.0031              0.0218                   0.0                        0.0316                               -0.3787                               -0.0286                                     0.021              0.5453
                                 Trabalho │         -0.1646              0.7836       1.0          -0.3037                0.5403     0.34          -0.2262                                  0.6515                           0.3151                   0.0345         -0.0376                        -0.0932                          -0.76                                   -0.0364            0.0299           0.106                     0.106               -0.0008          -0.0079             -0.0444                   0.0                        0.0298                               -0.2462                                -0.077                                   -0.0451              0.4671
                          Capital privado │          0.9023              -0.356   -0.3037              1.0                0.3053   0.6643           0.8638                                 -0.6254                           0.4408                  -0.0515         -0.0106                         0.0585                        -0.0767                                    -0.009           -0.0592         -0.0641                   -0.0641               -0.0003           0.0137             -0.0064                   0.0                       -0.0606                               -0.6152                                -0.088                                   -0.0076             -0.0882
                     Investimento privado │          0.3252              0.7318    0.5403           0.3053                   1.0    0.856           0.5741                                  0.4314                           0.8969                   0.0024          0.0282                         0.2146                        -0.2813                                   -0.0331           -0.0059         -0.2127                   -0.2127               -0.0009           0.0062              0.0419                   0.0                       -0.0093                               -0.8571                               -0.0719                                    0.0403              0.4714
                                  Produto │          0.7238              0.4601      0.34           0.6643                 0.856      1.0           0.8391                                  0.1032                           0.9307                  -0.0185          0.0082                        -0.0177                        -0.2486                                   -0.0129           -0.0294          0.0189                    0.0189                0.0036           0.0164               0.007                   0.0                       -0.0322                                -0.869                               -0.1085                                    0.0051              0.3507
                          Taxa de salário │          0.8448              0.0234   -0.2262           0.8638                0.5741   0.8391              1.0                                 -0.2699                           0.7817                  -0.0391          0.0303                         0.0355                          0.182                                    0.0077           -0.0477         -0.0417                   -0.0417                0.0042           0.0216              0.0329                   0.0                       -0.0506                               -0.7577                               -0.0678                                    0.0313               0.093
   Taxa de retorno dos ativos financeiros │         -0.4647              0.8722    0.6515          -0.6254                0.4314   0.1032          -0.2699                                     1.0                           0.3366                   0.0487           0.005                        -0.0702                        -0.0544                                   -0.3466            0.0476          0.0794                    0.0793                0.0063           0.0032             -0.0001                   0.0                        0.0472                               -0.0513                                -0.007                                   -0.0003              0.4325
          Produtividade Total dos Fatores │          0.5336              0.6414    0.3151           0.4408                0.8969   0.9307           0.7817                                  0.3366                              1.0                  -0.0063           0.039                           -0.0                            0.0                                      -0.0           -0.0157            -0.0                       0.0                   0.0              0.0              0.0389                   0.0                       -0.0191                               -0.8175                               -0.0698                                    0.0371              0.4114
                  Dívida bruta do governo │         -0.0431               0.038    0.0345          -0.0515                0.0024  -0.0185          -0.0391                                  0.0487                          -0.0063                      1.0          0.9902                        -0.0054                        -0.0066                                   -0.0063            0.9999          0.0062                    0.0062                   0.0          -0.0009              0.9879                   0.0                        0.9999                                0.0193                                0.9865                                    0.9879              0.0019
                           Receita fiscal │         -0.0264              0.0252   -0.0376          -0.0106                0.0282   0.0082           0.0303                                   0.005                            0.039                   0.9902             1.0                         0.0608                         0.0754                                    0.0693            0.9902          0.0031                    0.0031                0.0003           0.0002              0.9979                   0.0                        0.9897                               -0.0057                                0.9932                                    0.9979             -0.0046
            Taxa de imposto sobre consumo │         -0.3517             -0.0437   -0.0932           0.0585                0.2146  -0.0177           0.0355                                 -0.0702                             -0.0                  -0.0054          0.0608                            1.0                           -0.0                                       0.0           -0.0036             0.0                       0.0                   0.0              0.0              0.0607                   0.0                       -0.0051                                0.0156                                0.0625                                    0.0607             -0.0149
            Taxa de imposto sobre salário │         -0.0812              -0.224     -0.76          -0.0767               -0.2813  -0.2486            0.182                                 -0.0544                              0.0                  -0.0066          0.0754                           -0.0                            1.0                                       0.0           -0.0023             0.0                       0.0                   0.0              0.0              0.0752                   0.0                       -0.0032                                0.2184                                0.1039                                    0.0757             -0.2092
 Taxa de imposto sobre a renda do capital │           0.023             -0.0095   -0.0364           -0.009               -0.0331  -0.0129           0.0077                                 -0.3466                             -0.0                  -0.0063          0.0693                            0.0                            0.0                                       1.0           -0.0043             0.0                      -0.0                  -0.0             -0.0              0.0692                   0.0                       -0.0061                                0.0113                                0.0704                                    0.0692             -0.0109
                         Imposto Lump-Sum │         -0.0518              0.0336    0.0299          -0.0592               -0.0059  -0.0294          -0.0477                                  0.0476                          -0.0157                   0.9999          0.9902                        -0.0036                        -0.0023                                   -0.0043               1.0          0.0043                    0.0043                  -0.0          -0.0011               0.988                   0.0                           1.0                                 0.028                                0.9878                                    0.9881              0.0006
                           Gasto primário │         -0.0836              0.0514     0.106          -0.0641               -0.2127   0.0189          -0.0417                                  0.0794                             -0.0                   0.0062          0.0031                            0.0                            0.0                                       0.0            0.0043             1.0                    0.9999                0.0104           0.0032             -0.0618                   0.0                        0.0059                                0.4783                                0.0009                                   -0.0619              0.0143
                 Consumo público corrente │         -0.0837              0.0514     0.106          -0.0641               -0.2127   0.0189          -0.0417                                  0.0793                              0.0                   0.0062          0.0031                            0.0                            0.0                                      -0.0            0.0043          0.9999                       1.0                  -0.0             -0.0             -0.0618                   0.0                        0.0059                                0.4783                                0.0009                                   -0.0619              0.0143
                     Investimento público │          0.0039              0.0039   -0.0008          -0.0003               -0.0009   0.0036           0.0042                                  0.0063                              0.0                      0.0          0.0003                            0.0                            0.0                                      -0.0              -0.0          0.0104                      -0.0                   1.0           0.3041             -0.0004                   0.0                          -0.0                                 0.002                               -0.0002                                   -0.0004              0.0027
                          Capital público │          0.0222              0.0031   -0.0079           0.0137                0.0062   0.0164           0.0216                                  0.0032                              0.0                  -0.0009          0.0002                            0.0                            0.0                                      -0.0           -0.0011          0.0032                      -0.0                0.3041              1.0                -0.0                   0.0                       -0.0011                               -0.0128                               -0.0018                                   -0.0001              0.0005
                       Resultado primário │          -0.021              0.0218   -0.0444          -0.0064                0.0419    0.007           0.0329                                 -0.0001                           0.0389                   0.9879          0.9979                         0.0607                         0.0752                                    0.0692             0.988         -0.0618                   -0.0618               -0.0004             -0.0                 1.0                   0.0                        0.9874                               -0.0367                                0.9912                                       1.0             -0.0055
                     Ajuste Estoque-Fluxo │             0.0                 0.0       0.0              0.0                   0.0      0.0              0.0                                     0.0                              0.0                      0.0             0.0                            0.0                            0.0                                       0.0               0.0             0.0                       0.0                   0.0              0.0                 0.0                   0.0                           0.0                                   0.0                                   0.0                                       0.0                 0.0
             Dívida como proporção do PIB │          -0.053              0.0316    0.0298          -0.0606               -0.0093  -0.0322          -0.0506                                  0.0472                          -0.0191                   0.9999          0.9897                        -0.0051                        -0.0032                                   -0.0061               1.0          0.0059                    0.0059                  -0.0          -0.0011              0.9874                   0.0                           1.0                                0.0312                                0.9877                                    0.9875             -0.0029
     Gasto primário como proporção do PIB │         -0.6771             -0.3787   -0.2462          -0.6152               -0.8571   -0.869          -0.7577                                 -0.0513                          -0.8175                   0.0193         -0.0057                         0.0156                         0.2184                                    0.0113             0.028          0.4783                    0.4783                 0.002          -0.0128             -0.0367                   0.0                        0.0312                                   1.0                                0.0957                                   -0.0351             -0.3009
     Receita fiscal como proporção do PIB │         -0.1107             -0.0286    -0.077           -0.088               -0.0719  -0.1085          -0.0678                                  -0.007                          -0.0698                   0.9865          0.9932                         0.0625                         0.1039                                    0.0704            0.9878          0.0009                    0.0009               -0.0002          -0.0018              0.9912                   0.0                        0.9877                                0.0957                                   1.0                                    0.9914             -0.0455
 Resultado primário como proporção do PIB │         -0.0223               0.021   -0.0451          -0.0076                0.0403   0.0051           0.0313                                 -0.0003                           0.0371                   0.9879          0.9979                         0.0607                         0.0757                                    0.0692            0.9881         -0.0619                   -0.0619               -0.0004          -0.0001                 1.0                   0.0                        0.9875                               -0.0351                                0.9914                                       1.0             -0.0062
                       Crescimento do PIB │          -0.002              0.5453    0.4671          -0.0882                0.4714   0.3507            0.093                                  0.4325                           0.4114                   0.0019         -0.0046                        -0.0149                        -0.2092                                   -0.0109            0.0006          0.0143                    0.0143                0.0027           0.0005             -0.0055                   0.0                       -0.0029                               -0.3009                               -0.0455                                   -0.0062                 1.0
──────────────────────────────────────────┴───────────────────────────────────────────────────────────────────────────────────────────────────────────────────────────────────────────────────────────────────────────────────────────────────────────────────────────────────────────────────────────────────────────────────────────────────────────────────────────────────────────────────────────────────────────────────────────────────────────────────────────────────────────────────────────────────────────────────────────────────────────────────────────────────────────────────────────────────────────────────────────────────────────────────────────────────────────────────────────────

  AUTOCORRELATION COEFFICIENTS

──────────────────────────────────────────┬────────────────────────────────────────────
                                          │   1        2        3        4        5
───────────────────────────────────────────────────────────────────────────────────────
                          Consumo privado │ 0.8858   0.8163   0.7641   0.7189   0.6768
                       Retorno do capital │ 0.6847   0.4776   0.3385   0.2437   0.1783
                                 Trabalho │ 0.5326   0.3144   0.2058   0.1475   0.1134
                          Capital privado │ 0.9866   0.9573   0.9189   0.8756   0.8301
                     Investimento privado │ 0.6104   0.3716   0.2206   0.1231   0.0596
                                  Produto │ 0.7541   0.5883   0.4729   0.3903   0.3298
                          Taxa de salário │ 0.8743   0.7825   0.7103   0.6506   0.5996
   Taxa de retorno dos ativos financeiros │ 0.7679    0.622   0.5234   0.4525    0.399
          Produtividade Total dos Fatores │   0.69   0.4761   0.3285   0.2267   0.1564
                  Dívida bruta do governo │ 0.9999   0.9999   0.9998   0.9997   0.9995
                           Receita fiscal │ 0.9902   0.9859    0.984    0.983   0.9824
            Taxa de imposto sobre consumo │   0.41   0.1681   0.0689   0.0283   0.0116
            Taxa de imposto sobre salário │   0.41   0.1681   0.0689   0.0283   0.0116
 Taxa de imposto sobre a renda do capital │   0.41   0.1681   0.0689   0.0283   0.0116
                         Imposto Lump-Sum │    1.0   0.9999   0.9998   0.9997   0.9995
                           Gasto primário │   0.47   0.2209   0.1038   0.0488   0.0229
                 Consumo público corrente │   0.47   0.2209   0.1038   0.0488   0.0229
                     Investimento público │   0.47   0.2209   0.1038   0.0488   0.0229
                          Capital público │ 0.9863   0.9606   0.9298   0.8974    0.865
                       Resultado primário │ 0.9881   0.9827   0.9802    0.979   0.9783
                     Ajuste Estoque-Fluxo │    NaN      NaN      NaN      NaN      NaN
             Dívida como proporção do PIB │ 0.9999   0.9998   0.9997   0.9996   0.9994
     Gasto primário como proporção do PIB │ 0.6952   0.5129   0.3979   0.3216   0.2687
     Receita fiscal como proporção do PIB │ 0.9862     0.98   0.9771   0.9757    0.975
 Resultado primário como proporção do PIB │  0.988   0.9827   0.9802    0.979   0.9783
                       Crescimento do PIB │ -0.163  -0.1023  -0.0668  -0.0448  -0.0307
──────────────────────────────────────────┴────────────────────────────────────────────

f_tol is deprecated. Use f_abstol or f_reltol instead. The provided value (1.0e-5) will be used as f_reltol.
 * Status: success

 * Candidate solution
    Final objective value:     -1.982349e+02

 * Found with
    Algorithm:     BFGS

 * Convergence measures
    |x - x'|               = 3.26e-03 ≰ 0.0e+00
    |x - x'|/|x'|          = 6.50e-04 ≰ 0.0e+00
    |f(x) - f(x')|         = 1.00e-04 ≰ 0.0e+00
    |f(x) - f(x')|/|f(x')| = 5.06e-07 ≤ 1.0e-05
    |g(x)|                 = 1.02e-02 ≰ 1.0e-08

 * Work counters
    Seconds run:   2  (vs limit Inf)
    Iterations:    22
    f(x) calls:    67
    ∇f(x) calls:   67

  Posterior mode

─────────────┬──────────────────────────────────────────────────────────
  Parameter  │ Estimated value  Standard error  80% confidence interval
────────────────────────────────────────────────────────────────────────
    Std(e_A) │          0.0241          0.0034         0.0198 .. 0.0284
   Std(e_cg) │          0.0507          0.0072           0.0415 .. 0.06
   Std(e_xg) │          0.0075          0.0043          0.002 .. 0.0131
 Std(e_tauc) │          0.0427          0.0068         0.0341 .. 0.0514
 Std(e_tauw) │          0.0067          0.0029         0.0029 .. 0.0104
 Std(e_tauk) │          0.0078           0.005         0.0014 .. 0.0142
    Std(e_b) │          0.0415           0.006         0.0339 .. 0.0492
       tauob │          0.0366          0.0064         0.0284 .. 0.0449
       rho_A │          0.8195          0.0584         0.7448 .. 0.8943
      rho_cg │          0.5242           0.089         0.4102 .. 0.6382
      rho_xg │          0.4701          0.1067         0.3336 .. 0.6066
       rho_c │          0.3973          0.0924          0.279 .. 0.5156
       rho_w │          0.4108          0.1072          0.2737 .. 0.548
       rho_k │          0.4087          0.1073         0.2714 .. 0.5461
─────────────┴──────────────────────────────────────────────────────────

2026-01-02T18:08:29.186: End parse_statements!
2026-01-02T18:08:29.186: End parser
