Dynare version: 0.9.18
2026-01-23T18:50:34.037: Starting @dynare NK_Cerrada.mod
["NK_Cerrada.mod", "language=julia", "json=compute"]
Dynare preprocessor version: 6.4.0+0
2026-01-23T18:50:34.549: End of preprocessing
2026-01-23T18:50:35.454: Start parse_statements!
Exception while generating log record in module Dynare at /home/vscode/.julia/packages/Dynare/AZQL4/src/dynare_table.jl:12
Exception while generating log record in module Dynare at /home/vscode/.julia/packages/Dynare/AZQL4/src/dynare_table.jl:31
Exception while generating log record in module Dynare at /home/vscode/.julia/packages/Dynare/AZQL4/src/dynare_table.jl:12
Exception while generating log record in module Dynare at /home/vscode/.julia/packages/Dynare/AZQL4/src/dynare_table.jl:31
Exception while generating log record in module Dynare at /home/vscode/.julia/packages/Dynare/AZQL4/src/dynare_table.jl:44
Exception while generating log record in module Dynare at /home/vscode/.julia/packages/Dynare/AZQL4/src/dynare_table.jl:12
Exception while generating log record in module Dynare at /home/vscode/.julia/packages/Dynare/AZQL4/src/dynare_table.jl:31
Exception while generating log record in module Dynare at /home/vscode/.julia/packages/Dynare/AZQL4/src/dynare_table.jl:12
Exception while generating log record in module Dynare at /home/vscode/.julia/packages/Dynare/AZQL4/src/dynare_table.jl:31
Exception while generating log record in module Dynare at /home/vscode/.julia/packages/Dynare/AZQL4/src/dynare_table.jl:12
Exception while generating log record in module Dynare at /home/vscode/.julia/packages/Dynare/AZQL4/src/dynare_table.jl:31
Exception while generating log record in module Dynare at /home/vscode/.julia/packages/Dynare/AZQL4/src/dynare_table.jl:12
Exception while generating log record in module Dynare at /home/vscode/.julia/packages/Dynare/AZQL4/src/dynare_table.jl:31
2026-01-23T18:50:47.057: End parse_statements!
2026-01-23T18:50:47.057: End parser
