Dynare version: 0.9.18
2025-12-19T15:56:11.007: Starting @dynare Ramsey_b.mod
["Ramsey_b.mod", "language=julia", "json=compute"]
Dynare preprocessor version: 6.4.0+0
2025-12-19T15:56:11.014: End of preprocessing
2025-12-19T15:56:11.027: Start parse_statements!
  Steady state

───┬─────────
 c │ 6.20207
 k │ 125.371
 w │  4.8076
 r │  0.0111
 A │     1.0
 y │  8.7095
───┴─────────

  Coefficients of approximate solution function (reduced form)

───────┬───────────────────────────────────────────────
       │  c_t     k_t     w_t      r_t     A_t     y_t
───────────────────────────────────────────────────────
  ϕ(k) │ 0.0313  0.9798  0.0172  -0.0001   0.0  0.0311
  ϕ(A) │ 1.0812  6.8444   4.375   0.0283  0.91  7.9256
 e_A_t │ 1.1881  7.5214  4.8076   0.0311   1.0  8.7095
───────┴───────────────────────────────────────────────

  Note: ϕ(x) = x_{t-1} - steady_state(x)

  THEORETICAL MOMENTS

──────────┬──────────────────────────────
 VARIABLE │  MEAN    STD. DEV.  VARIANCE
─────────────────────────────────────────
        c │  6.2021     0.1328    0.0176
        k │ 125.371     3.7881   14.3498
        w │  4.8076     0.1541    0.0237
        r │  0.0111     0.0007       0.0
        A │     1.0     0.0241    0.0006
        y │  8.7095     0.2792    0.0779
──────────┴──────────────────────────────

  VARIANCE DECOMPOSITION (in percent)

──────────┬─────
 VARIABLE │ e_A
────────────────
        c │ 1.0
        k │ 1.0
        w │ 1.0
        r │ 1.0
        A │ 1.0
        y │ 1.0
──────────┴─────

  CORRELATION MATRIX

───┬───────────────────────────────────────────────────
   │    c        k       w        r       A       y
───────────────────────────────────────────────────────
 c │     1.0    0.988  0.8466  -0.1072   0.575  0.8466
 k │   0.988      1.0  0.7543  -0.2593  0.4418  0.7543
 w │  0.8466   0.7543     1.0   0.4384  0.9222     1.0
 r │ -0.1072  -0.2593  0.4384      1.0  0.7518  0.4384
 A │   0.575   0.4418  0.9222   0.7518     1.0  0.9222
 y │  0.8466   0.7543     1.0   0.4384  0.9222     1.0
───┴───────────────────────────────────────────────────

  AUTOCORRELATION COEFFICIENTS

───┬────────────────────────────────────────
   │   1       2       3       4       5
────────────────────────────────────────────
 c │ 0.9957  0.9901  0.9833  0.9755  0.9667
 k │  0.999  0.9964  0.9922  0.9866  0.9799
 w │   0.95  0.9037  0.8608  0.8209  0.7839
 r │ 0.8992  0.8077  0.7247  0.6493   0.581
 A │   0.91  0.8281  0.7536  0.6857   0.624
 y │   0.95  0.9037  0.8608  0.8209  0.7839
───┴────────────────────────────────────────

2025-12-19T15:56:11.110: End parse_statements!
2025-12-19T15:56:11.111: End parser
