Dynare version: 0.9.18
2025-12-19T15:56:38.462: Starting @dynare Ramsey_c.mod
["Ramsey_c.mod", "language=julia", "json=compute"]
Dynare preprocessor version: 6.4.0+0
2025-12-19T15:56:38.470: End of preprocessing
2025-12-19T15:56:38.484: Start parse_statements!
  Steady state

──────┬─────────
  c   │ 7.45702
    k │ 172.182
    w │  5.5419
    r │  0.0111
    A │     1.0
    y │ 10.0398
 beta │   0.989
──────┴─────────

  Coefficients of approximate solution function (reduced form)

──────────┬───────────────────────────────────────────────────────────
          │   c_t       k_t     w_t      r_t    A_t     y_t    beta_t
──────────────────────────────────────────────────────────────────────
     ϕ(k) │   0.0279   0.9832  0.0144  -0.0001   0.0   0.0261     0.0
     ϕ(A) │   1.1518   7.9843  5.0432   0.0238  0.91   9.1362     0.0
  ϕ(beta) │ -12.3646  12.3646     0.0      0.0   0.0      0.0     0.7
    e_A_t │   1.2658    8.774  5.5419   0.0261   1.0  10.0398    -0.0
 e_beta_t │ -17.4695  17.4695    -0.0     -0.0  -0.0     -0.0   0.989
──────────┴───────────────────────────────────────────────────────────

  Note: ϕ(x) = x_{t-1} - steady_state(x)

  THEORETICAL MOMENTS

──────────┬──────────────────────────────
 VARIABLE │  MEAN    STD. DEV.  VARIANCE
─────────────────────────────────────────
        c │   7.457     0.2878    0.0828
        k │ 172.182     5.8321   34.0133
        w │  5.5419     0.1789     0.032
        r │  0.0111     0.0007       0.0
        A │     1.0     0.0241    0.0006
        y │ 10.0398      0.324     0.105
     beta │   0.989     0.0138    0.0002
──────────┴──────────────────────────────

  VARIANCE DECOMPOSITION (in percent)

──────────┬────────────────
 VARIABLE │  e_A    e_beta
───────────────────────────
        c │ 0.2765  0.7235
        k │ 0.7133  0.2867
        w │ 0.9366  0.0634
        r │ 0.8454  0.1546
        A │    1.0     0.0
        y │ 0.9366  0.0634
     beta │    0.0     1.0
──────────┴────────────────

  CORRELATION MATRIX

──────┬────────────────────────────────────────────────────────────
      │    c        k       w        r       A       y      beta
───────────────────────────────────────────────────────────────────
    c │     1.0   0.4863  0.4553  -0.1121  0.2833  0.4553  -0.7968
    k │  0.4863      1.0  0.7271  -0.4067  0.3448  0.7271   0.1346
    w │  0.4553   0.7271     1.0   0.3302  0.8948     1.0   0.0443
    r │ -0.1121  -0.4067  0.3302      1.0  0.7169  0.3302  -0.0692
    A │  0.2833   0.3448  0.8948   0.7169     1.0  0.8948      0.0
    y │  0.4553   0.7271     1.0   0.3302  0.8948     1.0   0.0443
 beta │ -0.7968   0.1346  0.0443  -0.0692     0.0  0.0443      1.0
──────┴────────────────────────────────────────────────────────────

  AUTOCORRELATION COEFFICIENTS

──────┬────────────────────────────────────────
      │   1       2       3       4       5
───────────────────────────────────────────────
    c │ 0.7762  0.6189  0.5083  0.4302  0.3749
    k │ 0.9986   0.995  0.9897   0.983  0.9753
    w │ 0.9504  0.9044  0.8618  0.8222  0.7855
    r │ 0.9165    0.84    0.77   0.706  0.6474
    A │   0.91  0.8281  0.7536  0.6857   0.624
    y │ 0.9504  0.9044  0.8618  0.8222  0.7855
 beta │    0.7    0.49   0.343  0.2401  0.1681
──────┴────────────────────────────────────────

2025-12-19T15:56:38.731: End parse_statements!
2025-12-19T15:56:38.731: End parser
