Dynare version: 0.9.18
2025-12-19T15:54:44.301: Starting @dynare Ramsey.mod
["Ramsey.mod", "language=julia", "json=compute"]
Dynare preprocessor version: 6.4.0+0
2025-12-19T15:54:44.437: End of preprocessing
2025-12-19T15:54:48.876: Start parse_statements!
  Steady state

───┬─────────
 c │ 7.45702
 k │ 172.182
 w │  5.5419
 r │  0.0111
 A │     1.0
 y │ 10.0398
───┴─────────

  Coefficients of approximate solution function (reduced form)

───────┬────────────────────────────────────────────────
       │  c_t     k_t     w_t      r_t     A_t      y_t
────────────────────────────────────────────────────────
  ϕ(k) │ 0.0279  0.9832  0.0144  -0.0001   0.0   0.0261
  ϕ(A) │ 1.1518  7.9843  5.0432   0.0238  0.91   9.1362
 e_A_t │ 1.2658   8.774  5.5419   0.0261   1.0  10.0398
───────┴────────────────────────────────────────────────

  Note: ϕ(x) = x_{t-1} - steady_state(x)

  THEORETICAL MOMENTS

──────────┬──────────────────────────────
 VARIABLE │  MEAN    STD. DEV.  VARIANCE
─────────────────────────────────────────
        c │   7.457     0.1513    0.0229
        k │ 172.182     4.9255    24.261
        w │  5.5419     0.1731      0.03
        r │  0.0111     0.0006       0.0
        A │     1.0     0.0241    0.0006
        y │ 10.0398     0.3136    0.0983
──────────┴──────────────────────────────

  VARIANCE DECOMPOSITION (in percent)

──────────┬─────
 VARIABLE │ e_A
────────────────
        c │ 1.0
        k │ 1.0
        w │ 1.0
        r │ 1.0
        A │ 1.0
        y │ 1.0
──────────┴─────

  CORRELATION MATRIX

───┬───────────────────────────────────────────────────
   │    c        k       w        r       A       y
───────────────────────────────────────────────────────
 c │     1.0    0.989  0.8191  -0.1075  0.5388  0.8191
 k │   0.989      1.0  0.7252  -0.2534  0.4082  0.7252
 w │  0.8191   0.7252     1.0   0.4823  0.9246     1.0
 r │ -0.1075  -0.2534  0.4823      1.0  0.7797  0.4823
 A │  0.5388   0.4082  0.9246   0.7797     1.0  0.9246
 y │  0.8191   0.7252     1.0   0.4823  0.9246     1.0
───┴───────────────────────────────────────────────────

  AUTOCORRELATION COEFFICIENTS

───┬────────────────────────────────────────
   │   1       2       3       4       5
────────────────────────────────────────────
 c │ 0.9963  0.9915  0.9857   0.979  0.9715
 k │ 0.9992   0.997  0.9935  0.9889  0.9833
 w │ 0.9472  0.8986  0.8538  0.8123   0.774
 r │ 0.9018  0.8126  0.7316   0.658  0.5911
 A │   0.91  0.8281  0.7536  0.6857   0.624
 y │ 0.9472  0.8986  0.8538  0.8123   0.774
───┴────────────────────────────────────────

2025-12-19T15:55:23.305: End parse_statements!
2025-12-19T15:55:23.305: End parser
