Dynare version: 0.9.18
2026-01-20T13:01:37.194: Starting @dynare RBC_abierto.mod
["RBC_abierto.mod", "language=julia", "json=compute"]
Dynare preprocessor version: 6.4.0+0
2026-01-20T13:01:37.305: End of preprocessing
2026-01-20T13:01:38.174: Start parse_statements!
Exception while generating log record in module Dynare at /home/vscode/.julia/packages/Dynare/AZQL4/src/dynare_table.jl:12
Exception while generating log record in module Dynare at /home/vscode/.julia/packages/Dynare/AZQL4/src/dynare_table.jl:31
Exception while generating log record in module Dynare at /home/vscode/.julia/packages/Dynare/AZQL4/src/dynare_table.jl:12
Exception while generating log record in module Dynare at /home/vscode/.julia/packages/Dynare/AZQL4/src/dynare_table.jl:31
Exception while generating log record in module Dynare at /home/vscode/.julia/packages/Dynare/AZQL4/src/dynare_table.jl:44
Exception while generating log record in module Dynare at /home/vscode/.julia/packages/Dynare/AZQL4/src/dynare_table.jl:12
Exception while generating log record in module Dynare at /home/vscode/.julia/packages/Dynare/AZQL4/src/dynare_table.jl:31
Exception while generating log record in module Dynare at /home/vscode/.julia/packages/Dynare/AZQL4/src/dynare_table.jl:12
Exception while generating log record in module Dynare at /home/vscode/.julia/packages/Dynare/AZQL4/src/dynare_table.jl:31
Exception while generating log record in module Dynare at /home/vscode/.julia/packages/Dynare/AZQL4/src/dynare_table.jl:12
Exception while generating log record in module Dynare at /home/vscode/.julia/packages/Dynare/AZQL4/src/dynare_table.jl:31
Exception while generating log record in module Dynare at /home/vscode/.julia/packages/Dynare/AZQL4/src/dynare_table.jl:12
Exception while generating log record in module Dynare at /home/vscode/.julia/packages/Dynare/AZQL4/src/dynare_table.jl:31
2026-01-20T13:01:51.928: End parse_statements!
2026-01-20T13:01:51.929: End parser
